02-13 19:16:10.565     0     0 I [3:      watchdogd: 3957] softdog: softdog_ping: 30
02-13 19:16:14.338  9366  9373 E ocessService0:0: failed to create Unix domain socket: Operation not permitted
02-13 19:16:11.176     0     0 E [2:  kworker/u16:0:32646] sec_bat_get_battery_info: Fail to set psy ((null))
02-13 19:16:11.178     0     0 I         : [2:  kworker/u16:0:32646] sec-battery battery: sec_bat_get_value_by_adc:[2] Temp(315), Temp-ADC(1751)
02-13 19:16:11.179     0     0 I         : [2:  kworker/u16:0:32646] sec-battery battery: sec_bat_get_value_by_adc:[6] Temp(315), Temp-ADC(1676)
02-13 19:16:11.180     0     0 I         : [2:  kworker/u16:0:32646] sm5713-charger sm5713-charger: psy_chg_get_status: STATUS1(0x01), STATUS2(0x20), STATUS3(0x00)
02-13 19:16:11.193     0     0 I         : [2:  kworker/u16:0:32646] sec-battery battery: sec_bat_check_recharge: recharging voltage (4280)
02-13 19:16:11.194     0     0 I         : [2:  kworker/u16:0:32646] sec-battery battery: sec_bat_set_polling: Polling time 30/30 sec.
02-13 19:16:11.200     0     0 W [1:android.hardwar: 4220] healthd: battery l=100 v=4312 t=31.5 h=2 st=5 c=0 fc=4000000 chg=u
02-13 19:16:16.339  9366  9373 E ocessService0:0: failed to create Unix domain socket: Operation not permitted
02-13 19:16:18.340  9366  9373 E ocessService0:0: failed to create Unix domain socket: Operation not permitted
02-13 19:16:15.112     0     0 W [1:       wificond: 4387] slsi_mlme_get_sinfo_mib: 2 callbacks suppressed
02-13 19:16:20.341  9366  9373 E ocessService0:0: failed to create Unix domain socket: Operation not permitted
02-13 19:16:22.342  9366  9373 E ocessService0:0: failed to create Unix domain socket: Operation not permitted
02-13 19:16:19.906     0     0 I [3:  kworker/u16:6:30194] fps_et7xx_work_func_debug: ldo: 0, sleep: 0, tz: 1, spi_value: 0x0, type: et7xx
02-13 19:16:20.565     0     0 I [3:      watchdogd: 3957] softdog: softdog_ping: 30
02-13 19:16:24.342  9366  9373 E ocessService0:0: failed to create Unix domain socket: Operation not permitted
02-13 19:16:21.150     0     0 W [0:       wificond: 4387] slsi_mlme_get_sinfo_mib: 2 callbacks suppressed
02-13 19:16:26.343  9366  9373 E ocessService0:0: failed to create Unix domain socket: Operation not permitted
02-13 19:16:23.237     0     0 I         : [0:    kworker/0:2:18142] sm5713_muic_debug_reg_log DEV_TYPE[0x08 0x00] CNTL:0x34 MAN_SW:0x09 AFC_CNTL:0x00 AFC_TXD:0x00 AFC_STATUS:0x00 VBUS_VOL[0x00 0x00] attached_dev:2
02-13 19:16:23.238     0     0 I         : [0:    kworker/0:0:28483] sm5713_usbpd_debug_reg_log SYS_CT:0x1d CR_CT[4:0x92 5:0x00] CC_ST:0x21 CC_CT[1:0x80 3:0x80 7:0x00] PD_CT[1:0x03 4:0x00] RX_BUF_ST:0x04 PD_ST[0:0x04 3:0x00 4:0x07 5:0x03]
02-13 19:16:28.344  9366  9373 E ocessService0:0: failed to create Unix domain socket: Operation not permitted
02-13 19:16:30.345  9366  9373 E ocessService0:0: failed to create Unix domain socket: Operation not permitted
02-13 19:16:27.197     0     0 W [2:       wificond: 4387] slsi_mlme_get_sinfo_mib: 2 callbacks suppressed
02-13 19:16:32.345  9366  9373 E ocessService0:0: failed to create Unix domain socket: Operation not permitted
02-13 19:16:30.566     0     0 I [3:      watchdogd: 3957] softdog: softdog_ping: 30
02-13 19:16:30.914     0     0 I [3:  kworker/u16:2:31005] fps_et7xx_work_func_debug: ldo: 0, sleep: 0, tz: 1, spi_value: 0x0, type: et7xx
02-13 19:16:34.346  9366  9373 E ocessService0:0: failed to create Unix domain socket: Operation not permitted
02-13 19:16:36.347  9366  9373 E ocessService0:0: failed to create Unix domain socket: Operation not permitted
02-13 19:16:33.242     0     0 W [0:       wificond: 4387] slsi_mlme_get_sinfo_mib: 2 callbacks suppressed
02-13 19:16:38.348  9366  9373 E ocessService0:0: failed to create Unix domain socket: Operation not permitted
02-13 19:16:40.349  9366  9373 E ocessService0:0: failed to create Unix domain socket: Operation not permitted
02-13 19:16:42.350  9366  9373 E ocessService0:0: failed to create Unix domain socket: Operation not permitted
02-13 19:16:39.292     0     0 W [2:       wificond: 4387] slsi_mlme_get_sinfo_mib: 2 callbacks suppressed
02-13 19:16:40.566     0     0 I [2:      watchdogd: 3957] softdog: softdog_ping: 30
02-13 19:16:44.350  9366  9373 E ocessService0:0: failed to create Unix domain socket: Operation not permitted
02-13 19:16:41.201     0     0 E [2:  kworker/u16:0:32646] sec_bat_get_battery_info: Fail to set psy ((null))
02-13 19:16:41.202     0     0 I         : [2:  kworker/u16:0:32646] sec-battery battery: sec_bat_get_value_by_adc:[2] Temp(314), Temp-ADC(1753)
02-13 19:16:41.204     0     0 I         : [2:  kworker/u16:0:32646] sec-battery battery: sec_bat_get_value_by_adc:[6] Temp(314), Temp-ADC(1679)
02-13 19:16:41.204     0     0 I         : [2:  kworker/u16:0:32646] sm5713-charger sm5713-charger: psy_chg_get_status: STATUS1(0x01), STATUS2(0x20), STATUS3(0x00)
02-13 19:16:41.215     0     0 I         : [2:  kworker/u16:0:32646] sec-battery battery: sec_bat_check_recharge: recharging voltage (4280)
02-13 19:16:41.217     0     0 I         : [2:  kworker/u16:0:32646] sec-battery battery: sec_bat_set_polling: Polling time 30/30 sec.
02-13 19:16:41.224     0     0 W [7:android.hardwar: 4220] healthd: battery l=100 v=4312 t=31.4 h=2 st=5 c=0 fc=4000000 chg=u
02-13 19:16:41.922     0     0 I [1:  kworker/u16:6:30194] fps_et7xx_work_func_debug: ldo: 0, sleep: 0, tz: 1, spi_value: 0x0, type: et7xx
02-13 19:16:46.351  9366  9373 E ocessService0:0: failed to create Unix domain socket: Operation not permitted
02-13 19:16:48.352  9366  9373 E ocessService0:0: failed to create Unix domain socket: Operation not permitted
02-13 19:16:45.327     0     0 W [2:       wificond: 4387] slsi_mlme_get_sinfo_mib: 2 callbacks suppressed
02-13 19:16:50.353  9366  9373 E ocessService0:0: failed to create Unix domain socket: Operation not permitted
02-13 19:16:52.354  9366  9373 E ocessService0:0: failed to create Unix domain socket: Operation not permitted
02-13 19:16:50.567     0     0 I [3:      watchdogd: 3957] softdog: softdog_ping: 30
02-13 19:16:54.354  9366  9373 E ocessService0:0: failed to create Unix domain socket: Operation not permitted
02-13 19:16:51.377     0     0 W [3:       wificond: 4387] slsi_mlme_get_sinfo_mib: 2 callbacks suppressed
02-13 19:16:52.934     0     0 I [1:  kworker/u16:6:30194] fps_et7xx_work_func_debug: ldo: 0, sleep: 0, tz: 1, spi_value: 0x0, type: et7xx
02-13 19:16:56.355  9366  9373 E ocessService0:0: failed to create Unix domain socket: Operation not permitted
02-13 19:16:58.356  9366  9373 E ocessService0:0: failed to create Unix domain socket: Operation not permitted
02-13 19:17:00.357  9366  9373 E ocessService0:0: failed to create Unix domain socket: Operation not permitted
02-13 19:16:57.416     0     0 W [2:       wificond: 4387] slsi_mlme_get_sinfo_mib: 2 callbacks suppressed
02-13 19:17:02.357  9366  9373 E ocessService0:0: failed to create Unix domain socket: Operation not permitted
02-13 19:17:00.567     0     0 I [3:      watchdogd: 3957] softdog: softdog_ping: 30
02-13 19:17:04.358  9366  9373 E ocessService0:0: failed to create Unix domain socket: Operation not permitted
02-13 19:17:06.359  9366  9373 E ocessService0:0: failed to create Unix domain socket: Operation not permitted
02-13 19:17:03.453     0     0 W [1:       wificond: 4387] slsi_mlme_get_sinfo_mib: 2 callbacks suppressed
02-13 19:17:03.938     0     0 I [1:  kworker/u16:2:31005] fps_et7xx_work_func_debug: ldo: 0, sleep: 0, tz: 1, spi_value: 0x0, type: et7xx
02-13 19:17:08.360  9366  9373 E ocessService0:0: failed to create Unix domain socket: Operation not permitted
02-13 19:17:10.361  9366  9373 E ocessService0:0: failed to create Unix domain socket: Operation not permitted
02-13 19:17:07.280     0     0 W [1:android.hardwar: 4220] healthd: battery l=100 v=4312 t=31.4 h=2 st=5 c=0 fc=4000000 chg=u
02-13 19:17:12.361  9366  9373 E ocessService0:0: failed to create Unix domain socket: Operation not permitted
02-13 19:17:09.490     0     0 W [1:       wificond: 4387] slsi_mlme_get_sinfo_mib: 2 callbacks suppressed
02-13 19:17:10.568     0     0 I [3:      watchdogd: 3957] softdog: softdog_ping: 30
02-13 19:17:14.362  9366  9373 E ocessService0:0: failed to create Unix domain socket: Operation not permitted
02-13 19:17:11.223     0     0 E [2:  kworker/u16:6:30194] sec_bat_get_battery_info: Fail to set psy ((null))
02-13 19:17:11.225     0     0 I         : [2:  kworker/u16:6:30194] sec-battery battery: sec_bat_get_value_by_adc:[2] Temp(314), Temp-ADC(1753)
02-13 19:17:11.226     0     0 I         : [2:  kworker/u16:6:30194] sec-battery battery: sec_bat_get_value_by_adc:[6] Temp(314), Temp-ADC(1681)
02-13 19:17:11.227     0     0 I         : [2:  kworker/u16:6:30194] sm5713-charger sm5713-charger: psy_chg_get_status: STATUS1(0x01), STATUS2(0x20), STATUS3(0x00)
02-13 19:17:11.239     0     0 I         : [2:  kworker/u16:6:30194] sec-battery battery: sec_bat_check_recharge: recharging voltage (4280)
02-13 19:17:11.240     0     0 I         : [2:  kworker/u16:6:30194] sec-battery battery: sec_bat_set_polling: Polling time 30/30 sec.
02-13 19:17:11.246     0     0 W [3:android.hardwar: 4220] healthd: battery l=100 v=4312 t=31.4 h=2 st=5 c=0 fc=4000000 chg=u
02-13 19:17:16.363  9366  9373 E ocessService0:0: failed to create Unix domain socket: Operation not permitted
02-13 19:17:14.946     0     0 I [3:  kworker/u16:6:30194] fps_et7xx_work_func_debug: ldo: 0, sleep: 0, tz: 1, spi_value: 0x0, type: et7xx
02-13 19:17:18.364  9366  9373 E ocessService0:0: failed to create Unix domain socket: Operation not permitted
02-13 19:17:15.538     0     0 W [3:       wificond: 4387] slsi_mlme_get_sinfo_mib: 2 callbacks suppressed
02-13 19:17:20.365  9366  9373 E ocessService0:0: failed to create Unix domain socket: Operation not permitted
02-13 19:17:22.365  9366  9373 E ocessService0:0: failed to create Unix domain socket: Operation not permitted
02-13 19:17:20.568     0     0 I [3:      watchdogd: 3957] softdog: softdog_ping: 30
02-13 19:17:24.366  9366  9373 E ocessService0:0: failed to create Unix domain socket: Operation not permitted
02-13 19:17:21.586     0     0 W [1:       wificond: 4387] slsi_mlme_get_sinfo_mib: 2 callbacks suppressed
02-13 19:17:26.367  9366  9373 E ocessService0:0: failed to create Unix domain socket: Operation not permitted
02-13 19:17:24.676     0     0 I         : [0:    kworker/0:2:18142] sm5713_muic_debug_reg_log DEV_TYPE[0x08 0x00] CNTL:0x34 MAN_SW:0x09 AFC_CNTL:0x00 AFC_TXD:0x00 AFC_STATUS:0x00 VBUS_VOL[0x00 0x00] attached_dev:2
02-13 19:17:24.677     0     0 I         : [0:    kworker/0:0:28483] sm5713_usbpd_debug_reg_log SYS_CT:0x1d CR_CT[4:0x92 5:0x00] CC_ST:0x21 CC_CT[1:0x80 3:0x80 7:0x00] PD_CT[1:0x03 4:0x00] RX_BUF_ST:0x04 PD_ST[0:0x04 3:0x00 4:0x07 5:0x03]
02-13 19:17:28.368  9366  9373 E ocessService0:0: failed to create Unix domain socket: Operation not permitted
02-13 19:17:25.954     0     0 I [2:  kworker/u16:2:31005] fps_et7xx_work_func_debug: ldo: 0, sleep: 0, tz: 1, spi_value: 0x0, type: et7xx
02-13 19:17:30.368  9366  9373 E ocessService0:0: failed to create Unix domain socket: Operation not permitted
02-13 19:17:27.632     0     0 W [1:       wificond: 4387] slsi_mlme_get_sinfo_mib: 2 callbacks suppressed
02-13 19:17:32.369  9366  9373 E ocessService0:0: failed to create Unix domain socket: Operation not permitted
02-13 19:17:30.569     0     0 I [3:      watchdogd: 3957] softdog: softdog_ping: 30
02-13 19:17:34.370  9366  9373 E ocessService0:0: failed to create Unix domain socket: Operation not permitted
02-13 19:17:36.371  9366  9373 E ocessService0:0: failed to create Unix domain socket: Operation not permitted
02-13 19:17:33.691     0     0 W [1:       wificond: 4387] slsi_mlme_get_sinfo_mib: 2 callbacks suppressed
02-13 19:17:38.371  9366  9373 E ocessService0:0: failed to create Unix domain socket: Operation not permitted
02-13 19:17:36.962     0     0 I [2:  kworker/u16:2:31005] fps_et7xx_work_func_debug: ldo: 0, sleep: 0, tz: 1, spi_value: 0x0, type: et7xx
02-13 19:17:40.372  9366  9373 E ocessService0:0: failed to create Unix domain socket: Operation not permitted
02-13 19:17:42.373  9366  9373 E ocessService0:0: failed to create Unix domain socket: Operation not permitted
02-13 19:17:39.739     0     0 W [1:       wificond: 4387] slsi_mlme_get_sinfo_mib: 2 callbacks suppressed
02-13 19:17:40.569     0     0 I [3:      watchdogd: 3957] softdog: softdog_ping: 30
02-13 19:17:44.374  9366  9373 E ocessService0:0: failed to create Unix domain socket: Operation not permitted
02-13 19:17:41.246     0     0 E [1:  kworker/u16:6:30194] sec_bat_get_battery_info: Fail to set psy ((null))
02-13 19:17:41.248     0     0 I         : [1:  kworker/u16:6:30194] sec-battery battery: sec_bat_get_value_by_adc:[2] Temp(314), Temp-ADC(1753)
02-13 19:17:41.249     0     0 I         : [1:  kworker/u16:6:30194] sec-battery battery: sec_bat_get_value_by_adc:[6] Temp(314), Temp-ADC(1682)
02-13 19:17:41.250     0     0 I         : [1:  kworker/u16:6:30194] sm5713-charger sm5713-charger: psy_chg_get_status: STATUS1(0x01), STATUS2(0x20), STATUS3(0x00)
02-13 19:17:41.260     0     0 I         : [1:  kworker/u16:6:30194] sec-battery battery: sec_bat_check_recharge: recharging voltage (4280)
02-13 19:17:41.261     0     0 I         : [1:  kworker/u16:6:30194] sec-battery battery: sec_bat_set_polling: Polling time 30/30 sec.
02-13 19:17:41.273     0     0 W [3:android.hardwar: 4220] healthd: battery l=100 v=4312 t=31.4 h=2 st=5 c=0 fc=4000000 chg=u
02-13 19:17:46.374  9366  9373 E ocessService0:0: failed to create Unix domain socket: Operation not permitted
02-13 19:17:48.375  9366  9373 E ocessService0:0: failed to create Unix domain socket: Operation not permitted
02-13 19:17:45.780     0     0 W [0:       wificond: 4387] slsi_mlme_get_sinfo_mib: 2 callbacks suppressed
02-13 19:17:50.376  9366  9373 E ocessService0:0: failed to create Unix domain socket: Operation not permitted
02-13 19:17:47.714     0     0 I [1:  kworker/u16:0:32646] fps_et7xx_work_func_debug: ldo: 0, sleep: 0, tz: 1, spi_value: 0x0, type: et7xx
02-13 19:17:52.377  9366  9373 E ocessService0:0: failed to create Unix domain socket: Operation not permitted
02-13 19:17:50.570     0     0 I [3:      watchdogd: 3957] softdog: softdog_ping: 30
02-13 19:17:54.378  9366  9373 E ocessService0:0: failed to create Unix domain socket: Operation not permitted
02-13 19:17:51.828     0     0 W [2:       wificond: 4387] slsi_mlme_get_sinfo_mib: 2 callbacks suppressed
02-13 19:17:56.379  9366  9373 E ocessService0:0: failed to create Unix domain socket: Operation not permitted
02-13 19:17:58.379  9366  9373 E ocessService0:0: failed to create Unix domain socket: Operation not permitted
02-13 19:18:00.380  9366  9373 E ocessService0:0: failed to create Unix domain socket: Operation not permitted
02-13 19:17:57.871     0     0 W [2:       wificond: 4387] slsi_mlme_get_sinfo_mib: 2 callbacks suppressed
02-13 19:17:58.722     0     0 I [3:  kworker/u16:6:30194] fps_et7xx_work_func_debug: ldo: 0, sleep: 0, tz: 1, spi_value: 0x0, type: et7xx
02-13 19:18:02.381  9366  9373 E ocessService0:0: failed to create Unix domain socket: Operation not permitted
02-13 19:18:00.570     0     0 I [3:      watchdogd: 3957] softdog: softdog_ping: 30
02-13 19:18:04.382  9366  9373 E ocessService0:0: failed to create Unix domain socket: Operation not permitted
02-13 19:18:06.382  9366  9373 E ocessService0:0: failed to create Unix domain socket: Operation not permitted
02-13 19:18:03.915     0     0 W [2:       wificond: 4387] slsi_mlme_get_sinfo_mib: 2 callbacks suppressed
02-13 19:18:08.383  9366  9373 E ocessService0:0: failed to create Unix domain socket: Operation not permitted
02-13 19:18:10.384  9366  9373 E ocessService0:0: failed to create Unix domain socket: Operation not permitted
02-13 19:18:07.280     0     0 W [3:android.hardwar: 4220] healthd: battery l=100 v=4312 t=31.4 h=2 st=5 c=0 fc=4000000 chg=u
02-13 19:18:12.385  9366  9373 E ocessService0:0: failed to create Unix domain socket: Operation not permitted
02-13 19:18:09.730     0     0 I [3:  kworker/u16:1:28079] fps_et7xx_work_func_debug: ldo: 0, sleep: 0, tz: 1, spi_value: 0x0, type: et7xx
02-13 19:18:09.954     0     0 W [2:       wificond: 4387] slsi_mlme_get_sinfo_mib: 2 callbacks suppressed
02-13 19:18:10.570     0     0 I [1:      watchdogd: 3957] softdog: softdog_ping: 30
02-13 19:18:14.386  9366  9373 E ocessService0:0: failed to create Unix domain socket: Operation not permitted
02-13 19:18:11.265     0     0 E [1:  kworker/u16:1:28079] sec_bat_get_battery_info: Fail to set psy ((null))
02-13 19:18:11.266     0     0 I         : [1:  kworker/u16:1:28079] sec-battery battery: sec_bat_get_value_by_adc:[2] Temp(314), Temp-ADC(1754)
02-13 19:18:11.268     0     0 I         : [1:  kworker/u16:1:28079] sec-battery battery: sec_bat_get_value_by_adc:[6] Temp(313), Temp-ADC(1683)
02-13 19:18:11.268     0     0 I         : [1:  kworker/u16:1:28079] sm5713-charger sm5713-charger: psy_chg_get_status: STATUS1(0x01), STATUS2(0x20), STATUS3(0x00)
02-13 19:18:11.280     0     0 I         : [1:  kworker/u16:1:28079] sec-battery battery: sec_bat_check_recharge: recharging voltage (4280)
02-13 19:18:11.281     0     0 I         : [1:  kworker/u16:1:28079] sec-battery battery: sec_bat_set_polling: Polling time 30/30 sec.
02-13 19:18:11.289     0     0 W [2:android.hardwar: 4220] healthd: battery l=100 v=4312 t=31.4 h=2 st=5 c=0 fc=4000000 chg=u
02-13 19:18:16.386  9366  9373 E ocessService0:0: failed to create Unix domain socket: Operation not permitted
02-13 19:18:18.387  9366  9373 E ocessService0:0: failed to create Unix domain socket: Operation not permitted
02-13 19:18:15.999     0     0 W [0:       wificond: 4387] slsi_mlme_get_sinfo_mib: 2 callbacks suppressed
02-13 19:18:20.388  9366  9373 E ocessService0:0: failed to create Unix domain socket: Operation not permitted
02-13 19:18:22.150 26371  3860 W Parcel  : Expecting binder but got null!
02-13 19:18:22.184 26371  3860 E OpenGLRenderer: Unable to match the desired swap behavior.
02-13 19:18:22.389  9366  9373 E ocessService0:0: failed to create Unix domain socket: Operation not permitted
02-13 19:18:22.688  4571  4571 W AccessibilityManagerService:  wait for adding window timeout: 2531
02-13 19:18:23.060  4571  5153 W InputManager-JNI: Input channel object 'df783c9 PopupWindow:2c955f9 (client)' was disposed without first being removed with the input manager!
02-13 19:18:23.074  4302  4352 W TransactionTracing: Could not find layer handle 0x77e74d1b50
02-13 19:18:23.074  4302  4352 W TransactionTracing: Could not find layer handle 0x77e74d0050
02-13 19:18:23.074  4302  4352 W TransactionTracing: Could not find layer handle 0x77e74d0050
02-13 19:18:23.213 26371  3891 W unknown:ReactNative: Attempt to set local data for view with unknown tag: -1
02-13 19:18:23.214 26371  3891 W unknown:ReactNative: Attempt to set local data for view with unknown tag: -1
02-13 19:18:23.214 26371  3891 W unknown:ReactNative: Attempt to set local data for view with unknown tag: -1
02-13 19:18:23.229 26371  3891 W unknown:ReactNative: Attempt to set local data for view with unknown tag: -1
02-13 19:18:23.230 26371  3891 W unknown:ReactNative: Attempt to set local data for view with unknown tag: -1
02-13 19:18:23.234 26371  3891 W unknown:ReactNative: Attempt to set local data for view with unknown tag: -1
02-13 19:18:20.571     0     0 I [2:      watchdogd: 3957] softdog: softdog_ping: 30
02-13 19:18:20.738     0     0 I [2:  kworker/u16:1:28079] fps_et7xx_work_func_debug: ldo: 0, sleep: 0, tz: 1, spi_value: 0x0, type: et7xx
02-13 19:18:24.390  9366  9373 E ocessService0:0: failed to create Unix domain socket: Operation not permitted
02-13 19:18:22.046     0     0 W [1:       wificond: 4387] slsi_mlme_get_sinfo_mib: 2 callbacks suppressed
02-13 19:18:26.390  9366  9373 E ocessService0:0: failed to create Unix domain socket: Operation not permitted
02-13 19:18:27.531 26371  3860 W Parcel  : Expecting binder but got null!
02-13 19:18:27.565 26371  3860 E OpenGLRenderer: Unable to match the desired swap behavior.
02-13 19:18:28.069  4571  4571 W AccessibilityManagerService:  wait for adding window timeout: 2532
02-13 19:18:28.268  4571  4641 W InputManager-JNI: Input channel object 'ea33f83 PopupWindow:ff30e21 (client)' was disposed without first being removed with the input manager!
02-13 19:18:28.341 26371  3831 I .sven.companion: Background concurrent copying GC freed 656232(21MB) AllocSpace objects, 22(1736KB) LOS objects, 71% free, 9961KB/33MB, paused 253us,53us total 123.684ms
02-13 19:18:28.391  9366  9373 E ocessService0:0: failed to create Unix domain socket: Operation not permitted
02-13 19:18:26.117     0     0 I         : [0:    kworker/0:2:18142] sm5713_muic_debug_reg_log DEV_TYPE[0x08 0x00] CNTL:0x34 MAN_SW:0x09 AFC_CNTL:0x00 AFC_TXD:0x00 AFC_STATUS:0x00 VBUS_VOL[0x00 0x00] attached_dev:2
02-13 19:18:26.118     0     0 I         : [0:    kworker/0:0:28483] sm5713_usbpd_debug_reg_log SYS_CT:0x1d CR_CT[4:0x92 5:0x00] CC_ST:0x21 CC_CT[1:0x80 3:0x80 7:0x00] PD_CT[1:0x03 4:0x00] RX_BUF_ST:0x04 PD_ST[0:0x04 3:0x00 4:0x07 5:0x03]
02-13 19:18:30.391  9366  9373 E ocessService0:0: failed to create Unix domain socket: Operation not permitted
02-13 19:18:28.087     0     0 W [2:       wificond: 4387] slsi_mlme_get_sinfo_mib: 2 callbacks suppressed
02-13 19:18:32.392  9366  9373 E ocessService0:0: failed to create Unix domain socket: Operation not permitted
02-13 19:18:30.571     0     0 I [2:      watchdogd: 3957] softdog: softdog_ping: 30
02-13 19:18:34.393  9366  9373 E ocessService0:0: failed to create Unix domain socket: Operation not permitted
02-13 19:18:31.746     0     0 I [3:  kworker/u16:1:28079] fps_et7xx_work_func_debug: ldo: 0, sleep: 0, tz: 1, spi_value: 0x0, type: et7xx
02-13 19:18:35.576 26371  3860 W Parcel  : Expecting binder but got null!
02-13 19:18:35.611 26371  3860 E OpenGLRenderer: Unable to match the desired swap behavior.
02-13 19:18:36.116  4571  4571 W AccessibilityManagerService:  wait for adding window timeout: 2533
02-13 19:18:36.356  4571  6021 W InputManager-JNI: Input channel object '964fe2 PopupWindow:dd9a993 (client)' was disposed without first being removed with the input manager!
02-13 19:18:36.362  4302  4352 W TransactionTracing: Could not find layer handle 0x77e74d4430
02-13 19:18:36.362  4302  4352 W TransactionTracing: Could not find layer handle 0x77e74d03b0
02-13 19:18:36.362  4302  4352 W TransactionTracing: Could not find layer handle 0x77e74d03b0
02-13 19:18:36.393  9366  9373 E ocessService0:0: failed to create Unix domain socket: Operation not permitted
02-13 19:18:34.125     0     0 W [3:       wificond: 4387] slsi_mlme_get_sinfo_mib: 2 callbacks suppressed
02-13 19:18:38.394  9366  9373 E ocessService0:0: failed to create Unix domain socket: Operation not permitted
02-13 19:18:40.395  9366  9373 E ocessService0:0: failed to create Unix domain socket: Operation not permitted
02-13 19:18:41.246 26371  3860 W Parcel  : Expecting binder but got null!
02-13 19:18:41.281 26371  3860 E OpenGLRenderer: Unable to match the desired swap behavior.
02-13 19:18:41.787  4571  4571 W AccessibilityManagerService:  wait for adding window timeout: 2534
02-13 19:18:42.014  4571  4641 W InputManager-JNI: Input channel object 'd4d3865 PopupWindow:62d0edf (client)' was disposed without first being removed with the input manager!
02-13 19:18:42.027  4302  4352 W TransactionTracing: Could not find layer handle 0x77e74d6ef0
02-13 19:18:42.027  4302  4352 W TransactionTracing: Could not find layer handle 0x77e74c63f0
02-13 19:18:42.396  9366  9373 E ocessService0:0: failed to create Unix domain socket: Operation not permitted
02-13 19:18:40.169     0     0 W [0:       wificond: 4387] slsi_mlme_get_sinfo_mib: 2 callbacks suppressed
02-13 19:18:40.572     0     0 I [3:      watchdogd: 3957] softdog: softdog_ping: 30
02-13 19:18:44.396  9366  9373 E ocessService0:0: failed to create Unix domain socket: Operation not permitted
02-13 19:18:41.286     0     0 E [0:  kworker/u16:1:28079] sec_bat_get_battery_info: Fail to set psy ((null))
02-13 19:18:41.288     0     0 I         : [0:  kworker/u16:1:28079] sec-battery battery: sec_bat_get_value_by_adc:[2] Temp(314), Temp-ADC(1755)
02-13 19:18:41.289     0     0 I         : [0:  kworker/u16:1:28079] sec-battery battery: sec_bat_get_value_by_adc:[6] Temp(314), Temp-ADC(1680)
02-13 19:18:41.290     0     0 I         : [0:  kworker/u16:1:28079] sm5713-charger sm5713-charger: psy_chg_get_status: STATUS1(0x01), STATUS2(0x20), STATUS3(0x00)
02-13 19:18:41.300     0     0 I         : [0:  kworker/u16:1:28079] sec-battery battery: sec_bat_check_recharge: recharging voltage (4280)
02-13 19:18:41.301     0     0 I         : [0:  kworker/u16:1:28079] sec-battery battery: sec_bat_set_polling: Polling time 30/30 sec.
02-13 19:18:41.307     0     0 W [3:android.hardwar: 4220] healthd: battery l=100 v=4312 t=31.4 h=2 st=5 c=0 fc=4000000 chg=u
02-13 19:18:42.754     0     0 I [0:  kworker/u16:3: 6339] fps_et7xx_work_func_debug: ldo: 0, sleep: 0, tz: 1, spi_value: 0x0, type: et7xx
02-13 19:18:46.397  9366  9373 E ocessService0:0: failed to create Unix domain socket: Operation not permitted
02-13 19:18:48.398  9366  9373 E ocessService0:0: failed to create Unix domain socket: Operation not permitted
02-13 19:18:46.214     0     0 W [3:       wificond: 4387] slsi_mlme_get_sinfo_mib: 2 callbacks suppressed
02-13 19:18:50.398  9366  9373 E ocessService0:0: failed to create Unix domain socket: Operation not permitted
02-13 19:18:52.399  9366  9373 E ocessService0:0: failed to create Unix domain socket: Operation not permitted
02-13 19:18:50.572     0     0 I [3:      watchdogd: 3957] softdog: softdog_ping: 30
02-13 19:18:54.400  9366  9373 E ocessService0:0: failed to create Unix domain socket: Operation not permitted
02-13 19:18:52.260     0     0 W [3:       wificond: 4387] slsi_mlme_get_sinfo_mib: 2 callbacks suppressed
02-13 19:18:56.337 26371  3860 W Parcel  : Expecting binder but got null!
02-13 19:18:56.371 26371  3860 E OpenGLRenderer: Unable to match the desired swap behavior.
02-13 19:18:56.401  9366  9373 E ocessService0:0: failed to create Unix domain socket: Operation not permitted
02-13 19:18:56.711 28409 20654 I gle.android.gms: Explicit concurrent copying GC freed 1046(121KB) AllocSpace objects, 0(0B) LOS objects, 40% free, 20MB/34MB, paused 621us,130us total 375.850ms
02-13 19:18:56.875  4571  4571 W AccessibilityManagerService:  wait for adding window timeout: 2535
02-13 19:18:53.762     0     0 I [2:  kworker/u16:6:30194] fps_et7xx_work_func_debug: ldo: 0, sleep: 0, tz: 1, spi_value: 0x0, type: et7xx
02-13 19:18:57.283  4571  4641 W InputManager-JNI: Input channel object 'e613bf4 PopupWindow:56e61f4 (client)' was disposed without first being removed with the input manager!
02-13 19:18:57.287  4302  4352 W TransactionTracing: Could not find layer id -1
02-13 19:18:58.401  9366  9373 E ocessService0:0: failed to create Unix domain socket: Operation not permitted
02-13 19:19:00.402  9366  9373 E ocessService0:0: failed to create Unix domain socket: Operation not permitted
02-13 19:18:58.298     0     0 W [0:       wificond: 4387] slsi_mlme_get_sinfo_mib: 2 callbacks suppressed
02-13 19:19:02.403  9366  9373 E ocessService0:0: failed to create Unix domain socket: Operation not permitted
02-13 19:19:00.573     0     0 I [2:      watchdogd: 3957] softdog: softdog_ping: 30
02-13 19:19:04.404  9366  9373 E ocessService0:0: failed to create Unix domain socket: Operation not permitted
02-13 19:19:04.574 28779  5885 I .gms.persistent: Explicit concurrent copying GC freed 11906(598KB) AllocSpace objects, 0(0B) LOS objects, 66% free, 19MB/58MB, paused 369us,72us total 183.546ms
02-13 19:19:06.404  9366  9373 E ocessService0:0: failed to create Unix domain socket: Operation not permitted
02-13 19:19:04.336     0     0 W [3:       wificond: 4387] slsi_mlme_get_sinfo_mib: 2 callbacks suppressed
02-13 19:19:04.769     0     0 I [0:  kworker/u16:1:28079] fps_et7xx_work_func_debug: ldo: 0, sleep: 0, tz: 1, spi_value: 0x0, type: et7xx
02-13 19:19:08.405  9366  9373 E ocessService0:0: failed to create Unix domain socket: Operation not permitted
02-13 19:19:09.174 26371  3860 W Parcel  : Expecting binder but got null!
02-13 19:19:09.210 26371  3860 E OpenGLRenderer: Unable to match the desired swap behavior.
02-13 19:19:09.714  4571  4571 W AccessibilityManagerService:  wait for adding window timeout: 2536
02-13 19:19:09.966  4571  6021 W InputManager-JNI: Input channel object '287aabf PopupWindow:27ce7cb (client)' was disposed without first being removed with the input manager!
02-13 19:19:09.971  4302  4352 W TransactionTracing: Could not find layer handle 0x77e74c83d0
02-13 19:19:09.971  4302  4352 W TransactionTracing: Could not find layer handle 0x77e74ca9b0
02-13 19:19:09.971  4302  4352 W TransactionTracing: Could not find layer handle 0x77e74ca9b0
02-13 19:19:10.406  9366  9373 E ocessService0:0: failed to create Unix domain socket: Operation not permitted
02-13 19:19:07.279     0     0 W [0:android.hardwar: 4220] healthd: battery l=100 v=4312 t=31.4 h=2 st=5 c=0 fc=4000000 chg=u
02-13 19:19:12.407  9366  9373 E ocessService0:0: failed to create Unix domain socket: Operation not permitted
02-13 19:19:13.520 26371  3860 W Parcel  : Expecting binder but got null!
02-13 19:19:13.555 26371  3860 E OpenGLRenderer: Unable to match the desired swap behavior.
02-13 19:19:10.382     0     0 W [2:       wificond: 4387] slsi_mlme_get_sinfo_mib: 2 callbacks suppressed
02-13 19:19:10.573     0     0 I [2:      watchdogd: 3957] softdog: softdog_ping: 30
02-13 19:19:14.059  4571  4571 W AccessibilityManagerService:  wait for adding window timeout: 2537
02-13 19:19:14.331  4571  4641 W InputManager-JNI: Input channel object '63aa5b6 PopupWindow:96eed16 (client)' was disposed without first being removed with the input manager!
02-13 19:19:14.407  9366  9373 E ocessService0:0: failed to create Unix domain socket: Operation not permitted
02-13 19:19:11.308     0     0 E [3:  kworker/u16:6:30194] sec_bat_get_battery_info: Fail to set psy ((null))
02-13 19:19:11.309     0     0 I         : [3:  kworker/u16:6:30194] sec-battery battery: sec_bat_get_value_by_adc:[2] Temp(314), Temp-ADC(1754)
02-13 19:19:11.311     0     0 I         : [3:  kworker/u16:6:30194] sec-battery battery: sec_bat_get_value_by_adc:[6] Temp(314), Temp-ADC(1682)
02-13 19:19:11.313     0     0 I         : [3:  kworker/u16:6:30194] sm5713-charger sm5713-charger: psy_chg_get_status: STATUS1(0x01), STATUS2(0x20), STATUS3(0x00)
02-13 19:19:11.331     0     0 I         : [3:  kworker/u16:6:30194] sec-battery battery: sec_bat_check_recharge: recharging voltage (4280)
02-13 19:19:11.430     0     0 I         : [3:  kworker/u16:6:30194] sec-battery battery: sec_bat_set_polling: Polling time 30/30 sec.
02-13 19:19:11.438     0     0 W [2:android.hardwar: 4220] healthd: battery l=100 v=4312 t=31.4 h=2 st=5 c=0 fc=4000000 chg=u
02-13 19:19:16.408  9366  9373 E ocessService0:0: failed to create Unix domain socket: Operation not permitted
02-13 19:19:18.409  9366  9373 E ocessService0:0: failed to create Unix domain socket: Operation not permitted
02-13 19:19:18.871 28779 32337 I FusedLocation: location delivery to 10115/com.google.android.gms[earthquake_detection]/72946493 blocked - too close [CONTEXT service_id=6 ]
02-13 19:19:18.872 28779 32337 I FusedLocation: location delivery to 10115/com.google.android.gms[.findmydevice]/d91043c4 blocked - too fast [CONTEXT service_id=6 ]
02-13 19:19:18.872 28779 32337 I FusedLocation: location delivery to 10115/com.google.android.gms[earthquake_alerting]/81efea4e blocked - too close [CONTEXT service_id=6 ]
02-13 19:19:15.778     0     0 I [0:  kworker/u16:3: 6339] fps_et7xx_work_func_debug: ldo: 0, sleep: 0, tz: 1, spi_value: 0x0, type: et7xx
02-13 19:19:16.429     0     0 W [1:       wificond: 4387] slsi_mlme_get_sinfo_mib: 2 callbacks suppressed
02-13 19:19:19.919  4571  6021 W DreamManagerService: Falling back to default dream ComponentInfo{com.android.deskclock/com.android.deskclock.Screensaver}
02-13 19:19:19.921  4571  6021 W DreamManagerService: Falling back to default dream ComponentInfo{com.android.deskclock/com.android.deskclock.Screensaver}
02-13 19:19:19.951  4837  4893 I QAWController: Re-creating the QAW client to avoid stale.
02-13 19:19:19.990  4571  4598 I ProcessStatsService: Pruning old procstats: /data/system/procstats/state-v2-2026-02-12-15-48-00.bin
02-13 19:19:19.995 28779 29470 W QAWalletSvc: No wallet cards to return. [CONTEXT service_id=79 ]
02-13 19:19:20.410  9366  9373 E ocessService0:0: failed to create Unix domain socket: Operation not permitted
02-13 19:19:20.498  4571  4582 I system_server: Background young concurrent copying GC freed 727429(37MB) AllocSpace objects, 57(1568KB) LOS objects, 47% free, 44MB/83MB, paused 198us,155us total 117.220ms
02-13 19:19:20.498  4571  4582 W system_server: Reducing the number of considered missed Gc histogram windows from 117 to 100
02-13 19:19:20.529  4571  4584 W System  : A resource failed to call close. 
02-13 19:19:20.529  4571  4584 W System  : A resource failed to call close. 
02-13 19:19:20.529  4571  4584 W System  : A resource failed to call close. 
02-13 19:19:20.529  4571  4584 W System  : A resource failed to call close. 
02-13 19:19:20.529  4571  4584 W System  : A resource failed to call close. 
02-13 19:19:20.529  4571  4584 W System  : A resource failed to call close. 
02-13 19:19:20.529  4571  4584 W System  : A resource failed to call close. 
02-13 19:19:20.529  4571  4584 W System  : A resource failed to call close. 
02-13 19:19:20.529  4571  4584 W System  : A resource failed to call close. 
02-13 19:19:20.529  4571  4584 W System  : A resource failed to call close. 
02-13 19:19:20.529  4571  4584 W System  : A resource failed to call close. 
02-13 19:19:20.529  4571  4584 W System  : A resource failed to call close. 
02-13 19:19:20.535  4571  4584 W System  : A resource failed to call release. 
02-13 19:19:20.537  4571  4584 W System  : A resource failed to call release. 
02-13 19:19:22.410  9366  9373 E ocessService0:0: failed to create Unix domain socket: Operation not permitted
02-13 19:19:20.574     0     0 I [3:      watchdogd: 3957] softdog: softdog_ping: 30
02-13 19:19:24.411  9366  9373 E ocessService0:0: failed to create Unix domain socket: Operation not permitted
02-13 19:19:22.470     0     0 W [1:       wificond: 4387] slsi_mlme_get_sinfo_mib: 2 callbacks suppressed
02-13 19:19:26.412  9366  9373 E ocessService0:0: failed to create Unix domain socket: Operation not permitted
02-13 19:19:28.413  9366  9373 E ocessService0:0: failed to create Unix domain socket: Operation not permitted
02-13 19:19:26.786     0     0 I [2:  kworker/u16:6:30194] fps_et7xx_work_func_debug: ldo: 0, sleep: 0, tz: 1, spi_value: 0x0, type: et7xx
02-13 19:19:30.414  9366  9373 E ocessService0:0: failed to create Unix domain socket: Operation not permitted
02-13 19:19:30.424  4131  6524 I keystore2: keystore2::watchdog: Watchdog thread idle -> terminating. Have a great day.
02-13 19:19:27.557     0     0 I         : [0:    kworker/0:2:18142] sm5713_muic_debug_reg_log DEV_TYPE[0x08 0x00] CNTL:0x34 MAN_SW:0x09 AFC_CNTL:0x00 AFC_TXD:0x00 AFC_STATUS:0x00 VBUS_VOL[0x00 0x00] attached_dev:2
02-13 19:19:27.558     0     0 I         : [0:    kworker/0:0:28483] sm5713_usbpd_debug_reg_log SYS_CT:0x1d CR_CT[4:0x92 5:0x00] CC_ST:0x21 CC_CT[1:0x80 3:0x80 7:0x00] PD_CT[1:0x03 4:0x00] RX_BUF_ST:0x04 PD_ST[0:0x04 3:0x00 4:0x07 5:0x03]
02-13 19:19:28.511     0     0 W [3:       wificond: 4387] slsi_mlme_get_sinfo_mib: 2 callbacks suppressed
02-13 19:19:32.415  9366  9373 E ocessService0:0: failed to create Unix domain socket: Operation not permitted
02-13 19:19:30.574     0     0 I [2:      watchdogd: 3957] softdog: softdog_ping: 30
02-13 19:19:34.415  9366  9373 E ocessService0:0: failed to create Unix domain socket: Operation not permitted
02-13 19:19:36.416  9366  9373 E ocessService0:0: failed to create Unix domain socket: Operation not permitted
02-13 19:19:37.478 28058 28058 W adbd    : timeout expired while flushing socket, closing
02-13 19:19:34.560     0     0 W [1:       wificond: 4387] slsi_mlme_get_sinfo_mib: 2 callbacks suppressed
02-13 19:19:38.416  9366  9373 E ocessService0:0: failed to create Unix domain socket: Operation not permitted
02-13 19:19:40.417  9366  9373 E ocessService0:0: failed to create Unix domain socket: Operation not permitted
02-13 19:19:37.794     0     0 I [3:  kworker/u16:0:32646] fps_et7xx_work_func_debug: ldo: 0, sleep: 0, tz: 1, spi_value: 0x0, type: et7xx
02-13 19:19:42.418  9366  9373 E ocessService0:0: failed to create Unix domain socket: Operation not permitted
02-13 19:19:40.575     0     0 I [3:      watchdogd: 3957] softdog: softdog_ping: 30
02-13 19:19:40.612     0     0 W [3:       wificond: 4387] slsi_mlme_get_sinfo_mib: 2 callbacks suppressed
02-13 19:19:44.419  9366  9373 E ocessService0:0: failed to create Unix domain socket: Operation not permitted
02-13 19:19:41.436     0     0 E [2:  kworker/u16:6:30194] sec_bat_get_battery_info: Fail to set psy ((null))
02-13 19:19:41.438     0     0 I         : [2:  kworker/u16:6:30194] sec-battery battery: sec_bat_get_value_by_adc:[2] Temp(314), Temp-ADC(1754)
02-13 19:19:41.440     0     0 I         : [2:  kworker/u16:6:30194] sec-battery battery: sec_bat_get_value_by_adc:[6] Temp(314), Temp-ADC(1682)
02-13 19:19:41.441     0     0 I         : [2:  kworker/u16:6:30194] sm5713-charger sm5713-charger: psy_chg_get_status: STATUS1(0x01), STATUS2(0x20), STATUS3(0x00)
02-13 19:19:41.463     0     0 I         : [2:  kworker/u16:6:30194] sec-battery battery: sec_bat_check_recharge: recharging voltage (4280)
02-13 19:19:41.466     0     0 I         : [2:  kworker/u16:6:30194] sec-battery battery: sec_bat_set_polling: Polling time 30/30 sec.
02-13 19:19:41.473     0     0 W [7:android.hardwar: 4220] healthd: battery l=100 v=4312 t=31.4 h=2 st=5 c=0 fc=4000000 chg=u
02-13 19:19:46.420  9366  9373 E ocessService0:0: failed to create Unix domain socket: Operation not permitted
02-13 19:19:48.420  9366  9373 E ocessService0:0: failed to create Unix domain socket: Operation not permitted
02-13 19:19:46.663     0     0 W [0:       wificond: 4387] slsi_mlme_get_sinfo_mib: 2 callbacks suppressed
02-13 19:19:50.410 26371  3860 W Parcel  : Expecting binder but got null!
02-13 19:19:50.421  9366  9373 E ocessService0:0: failed to create Unix domain socket: Operation not permitted
02-13 19:19:50.442 26371  3860 E OpenGLRenderer: Unable to match the desired swap behavior.
02-13 19:19:50.945  4571  4571 W AccessibilityManagerService:  wait for adding window timeout: 2538
02-13 19:19:51.448  4571  6021 W InputManager-JNI: Input channel object '9532602 PopupWindow:f243505 (client)' was disposed without first being removed with the input manager!
02-13 19:19:51.455  4302  4352 W TransactionTracing: Could not find layer handle 0x77e74c49b0
02-13 19:19:51.455  4302  4352 W TransactionTracing: Could not find layer handle 0x77e74c9330
02-13 19:19:51.456  4302  4352 W TransactionTracing: Could not find layer handle 0x77e74c9330
02-13 19:19:51.599 26371  3891 W unknown:ReactNative: Attempt to set local data for view with unknown tag: -1
02-13 19:19:51.600 26371  3891 W unknown:ReactNative: Attempt to set local data for view with unknown tag: -1
02-13 19:19:51.601 26371  3891 W unknown:ReactNative: Attempt to set local data for view with unknown tag: -1
02-13 19:19:51.613 26371  3891 W unknown:ReactNative: Attempt to set local data for view with unknown tag: -1
02-13 19:19:51.613 26371  3891 W unknown:ReactNative: Attempt to set local data for view with unknown tag: -1
02-13 19:19:51.614 26371  3891 W unknown:ReactNative: Attempt to set local data for view with unknown tag: -1
02-13 19:19:48.802     0     0 I [3:  kworker/u16:1:28079] fps_et7xx_work_func_debug: ldo: 0, sleep: 0, tz: 1, spi_value: 0x0, type: et7xx
02-13 19:19:52.422  9366  9373 E ocessService0:0: failed to create Unix domain socket: Operation not permitted
02-13 19:19:50.575     0     0 I [0:      watchdogd: 3957] softdog: softdog_ping: 30
02-13 19:19:54.422  9366  9373 E ocessService0:0: failed to create Unix domain socket: Operation not permitted
02-13 19:19:52.711     0     0 W [1:       wificond: 4387] slsi_mlme_get_sinfo_mib: 2 callbacks suppressed
02-13 19:19:56.423  9366  9373 E ocessService0:0: failed to create Unix domain socket: Operation not permitted
02-13 19:19:56.473 26371  3860 W Parcel  : Expecting binder but got null!
02-13 19:19:56.504 26371  3860 E OpenGLRenderer: Unable to match the desired swap behavior.
02-13 19:19:57.010  4571  4571 W AccessibilityManagerService:  wait for adding window timeout: 2539
02-13 19:19:57.370  4571  5153 W InputManager-JNI: Input channel object '86de514 PopupWindow:cc6a92e (client)' was disposed without first being removed with the input manager!
02-13 19:19:57.386  4302  4352 W TransactionTracing: Could not find layer handle 0x77e74ce730
02-13 19:19:57.386  4302  4352 W TransactionTracing: Could not find layer handle 0x77e74c49b0
02-13 19:19:58.424  9366  9373 E ocessService0:0: failed to create Unix domain socket: Operation not permitted
02-13 19:20:00.425  9366  9373 E ocessService0:0: failed to create Unix domain socket: Operation not permitted
02-13 19:19:58.758     0     0 W [2:       wificond: 4387] slsi_mlme_get_sinfo_mib: 2 callbacks suppressed
02-13 19:20:02.425  9366  9373 E ocessService0:0: failed to create Unix domain socket: Operation not permitted
02-13 19:19:59.810     0     0 I [2:  kworker/u16:1:28079] fps_et7xx_work_func_debug: ldo: 0, sleep: 0, tz: 1, spi_value: 0x0, type: et7xx
02-13 19:20:00.576     0     0 I [2:      watchdogd: 3957] softdog: softdog_ping: 30
02-13 19:20:04.426  9366  9373 E ocessService0:0: failed to create Unix domain socket: Operation not permitted
02-13 19:20:05.943 26371  3860 W Parcel  : Expecting binder but got null!
02-13 19:20:05.974 26371  3860 E OpenGLRenderer: Unable to match the desired swap behavior.
02-13 19:20:06.427  9366  9373 E ocessService0:0: failed to create Unix domain socket: Operation not permitted
02-13 19:20:06.477  4571  4571 W AccessibilityManagerService:  wait for adding window timeout: 2540
02-13 19:20:06.826  4571  5153 W InputManager-JNI: Input channel object '33c585f PopupWindow:ce35778 (client)' was disposed without first being removed with the input manager!
02-13 19:20:06.832  4302  4352 W TransactionTracing: Could not find layer handle 0x77e74d8270
02-13 19:20:06.832  4302  4352 W TransactionTracing: Could not find layer handle 0x77e74d1790
02-13 19:20:06.832  4302  4352 W TransactionTracing: Could not find layer handle 0x77e74d1790
02-13 19:20:04.793     0     0 W [3:       wificond: 4387] slsi_mlme_get_sinfo_mib: 2 callbacks suppressed
02-13 19:20:08.428  9366  9373 E ocessService0:0: failed to create Unix domain socket: Operation not permitted
02-13 19:20:10.428  9366  9373 E ocessService0:0: failed to create Unix domain socket: Operation not permitted
02-13 19:20:07.280     0     0 W [2:android.hardwar: 4220] healthd: battery l=100 v=4312 t=31.4 h=2 st=5 c=0 fc=4000000 chg=u
02-13 19:20:12.429  9366  9373 E ocessService0:0: failed to create Unix domain socket: Operation not permitted
02-13 19:20:10.576     0     0 I [2:      watchdogd: 3957] softdog: softdog_ping: 30
02-13 19:20:14.066 26371  3860 W Parcel  : Expecting binder but got null!
02-13 19:20:14.097 26371  3860 E OpenGLRenderer: Unable to match the desired swap behavior.
02-13 19:20:10.821     0     0 I [3:  kworker/u16:6:30194] fps_et7xx_work_func_debug: ldo: 0, sleep: 0, tz: 1, spi_value: 0x0, type: et7xx
02-13 19:20:10.829     0     0 W [3:       wificond: 4387] slsi_mlme_get_sinfo_mib: 2 callbacks suppressed
02-13 19:20:14.430  9366  9373 E ocessService0:0: failed to create Unix domain socket: Operation not permitted
02-13 19:20:14.602  4571  4571 W AccessibilityManagerService:  wait for adding window timeout: 2541
02-13 19:20:11.471     0     0 E [1:  kworker/u16:3: 6339] sec_bat_get_battery_info: Fail to set psy ((null))
02-13 19:20:11.473     0     0 I         : [1:  kworker/u16:3: 6339] sec-battery battery: sec_bat_get_value_by_adc:[2] Temp(314), Temp-ADC(1755)
02-13 19:20:11.474     0     0 I         : [1:  kworker/u16:3: 6339] sec-battery battery: sec_bat_get_value_by_adc:[6] Temp(314), Temp-ADC(1679)
02-13 19:20:11.476     0     0 I         : [1:  kworker/u16:3: 6339] sm5713-charger sm5713-charger: psy_chg_get_status: STATUS1(0x01), STATUS2(0x20), STATUS3(0x00)
02-13 19:20:11.491     0     0 I         : [1:  kworker/u16:3: 6339] sec-battery battery: sec_bat_check_recharge: recharging voltage (4280)
02-13 19:20:11.492     0     0 I         : [1:  kworker/u16:3: 6339] sec-battery battery: sec_bat_set_polling: Polling time 30/30 sec.
02-13 19:20:11.498     0     0 W [5:android.hardwar: 4220] healthd: battery l=100 v=4312 t=31.4 h=2 st=5 c=0 fc=4000000 chg=u
02-13 19:20:14.946  4571  6021 W InputManager-JNI: Input channel object '2ce9d6 PopupWindow:c8ed4fd (client)' was disposed without first being removed with the input manager!
02-13 19:20:14.953  4302  4352 W TransactionTracing: Could not find layer handle 0x77e74ca9b0
02-13 19:20:14.953  4302  4352 W TransactionTracing: Could not find layer handle 0x77e74c6db0
02-13 19:20:14.953  4302  4352 W TransactionTracing: Could not find layer handle 0x77e74c6db0
02-13 19:20:16.431  9366  9373 E ocessService0:0: failed to create Unix domain socket: Operation not permitted
02-13 19:20:17.400 26371  3860 W Parcel  : Expecting binder but got null!
02-13 19:20:17.434 26371  3860 E OpenGLRenderer: Unable to match the desired swap behavior.
02-13 19:20:17.938  4571  4571 W AccessibilityManagerService:  wait for adding window timeout: 2542
02-13 19:20:18.211  4571  5153 W InputManager-JNI: Input channel object '852174f PopupWindow:95f23f0 (client)' was disposed without first being removed with the input manager!
02-13 19:20:18.228  4302  4352 W TransactionTracing: Could not find layer handle 0x77e74d2cf0
02-13 19:20:18.229  4302  4352 W TransactionTracing: Could not find layer handle 0x77e74ce730
02-13 19:20:18.431  9366  9373 E ocessService0:0: failed to create Unix domain socket: Operation not permitted
02-13 19:20:16.874     0     0 W [0:       wificond: 4387] slsi_mlme_get_sinfo_mib: 2 callbacks suppressed
02-13 19:20:20.432  9366  9373 E ocessService0:0: failed to create Unix domain socket: Operation not permitted
02-13 19:20:22.433  9366  9373 E ocessService0:0: failed to create Unix domain socket: Operation not permitted
02-13 19:20:20.577     0     0 I [3:      watchdogd: 3957] softdog: softdog_ping: 30
02-13 19:20:24.434  9366  9373 E ocessService0:0: failed to create Unix domain socket: Operation not permitted
02-13 19:20:21.826     0     0 I [2:  kworker/u16:3: 6339] fps_et7xx_work_func_debug: ldo: 0, sleep: 0, tz: 1, spi_value: 0x0, type: et7xx
02-13 19:20:22.914     0     0 W [1:       wificond: 4387] slsi_mlme_get_sinfo_mib: 2 callbacks suppressed
02-13 19:20:26.435  9366  9373 E ocessService0:0: failed to create Unix domain socket: Operation not permitted
02-13 19:20:28.435  9366  9373 E ocessService0:0: failed to create Unix domain socket: Operation not permitted
02-13 19:20:30.436  9366  9373 E ocessService0:0: failed to create Unix domain socket: Operation not permitted
02-13 19:20:28.953     0     0 W [0:       wificond: 4387] slsi_mlme_get_sinfo_mib: 2 callbacks suppressed
02-13 19:20:28.997     0     0 I         : [0:    kworker/0:2:18142] sm5713_muic_debug_reg_log DEV_TYPE[0x08 0x00] CNTL:0x34 MAN_SW:0x09 AFC_CNTL:0x00 AFC_TXD:0x00 AFC_STATUS:0x00 VBUS_VOL[0x00 0x00] attached_dev:2
02-13 19:20:28.998     0     0 I         : [0:    kworker/0:0:28483] sm5713_usbpd_debug_reg_log SYS_CT:0x1d CR_CT[4:0x92 5:0x00] CC_ST:0x21 CC_CT[1:0x80 3:0x80 7:0x00] PD_CT[1:0x03 4:0x00] RX_BUF_ST:0x04 PD_ST[0:0x04 3:0x00 4:0x07 5:0x03]
02-13 19:20:32.437  9366  9373 E ocessService0:0: failed to create Unix domain socket: Operation not permitted
02-13 19:20:30.577     0     0 I [3:      watchdogd: 3957] softdog: softdog_ping: 30
02-13 19:20:34.438  9366  9373 E ocessService0:0: failed to create Unix domain socket: Operation not permitted
02-13 19:20:32.834     0     0 I [1:  kworker/u16:3: 6339] fps_et7xx_work_func_debug: ldo: 0, sleep: 0, tz: 1, spi_value: 0x0, type: et7xx
02-13 19:20:36.438  9366  9373 E ocessService0:0: failed to create Unix domain socket: Operation not permitted
02-13 19:20:35.002     0     0 W [0:       wificond: 4387] slsi_mlme_get_sinfo_mib: 2 callbacks suppressed
02-13 19:20:38.439  9366  9373 E ocessService0:0: failed to create Unix domain socket: Operation not permitted
02-13 19:20:40.440  9366  9373 E ocessService0:0: failed to create Unix domain socket: Operation not permitted
02-13 19:20:42.441  9366  9373 E ocessService0:0: failed to create Unix domain socket: Operation not permitted
02-13 19:20:40.578     0     0 I [0:      watchdogd: 3957] softdog: softdog_ping: 30
02-13 19:20:41.051     0     0 W [0:       wificond: 4387] slsi_mlme_get_sinfo_mib: 2 callbacks suppressed
02-13 19:20:44.441  9366  9373 E ocessService0:0: failed to create Unix domain socket: Operation not permitted
02-13 19:20:41.496     0     0 E [3:  kworker/u16:1:28079] sec_bat_get_battery_info: Fail to set psy ((null))
02-13 19:20:41.497     0     0 I         : [3:  kworker/u16:1:28079] sec-battery battery: sec_bat_get_value_by_adc:[2] Temp(313), Temp-ADC(1756)
02-13 19:20:41.497     0     0 I         : [3:  kworker/u16:1:28079] sec-battery battery: sec_bat_get_value_by_adc:[6] Temp(313), Temp-ADC(1683)
02-13 19:20:41.498     0     0 I         : [3:  kworker/u16:1:28079] sm5713-charger sm5713-charger: psy_chg_get_status: STATUS1(0x01), STATUS2(0x20), STATUS3(0x00)
