02-13 19:04:59.987 26369 26369 W OnBackInvokedCallback: OnBackInvokedCallback is not enabled for the application.
02-13 19:04:59.987 26369 26369 W OnBackInvokedCallback: Set 'android:enableOnBackInvokedCallback="true"' in the application manifest.
02-13 19:05:00.037 26369 32412 W Parcel  : Expecting binder but got null!
02-13 19:05:00.069 26369 32412 E OpenGLRenderer: Unable to match the desired swap behavior.
02-13 19:05:00.080  9366  9373 E ocessService0:0: failed to create Unix domain socket: Operation not permitted
02-13 19:05:00.220 26369 32441 I ReactNativeJS: 'pollDeviceToken: response', { success: true, data: { status: 'pending' } }
02-13 19:04:57.920     0     0 W [0:       wificond: 4387] slsi_mlme_get_sinfo_mib: 2 callbacks suppressed
02-13 19:04:57.922     0     0 I [3:  kworker/u16:6:30194] fps_et7xx_work_func_debug: ldo: 0, sleep: 0, tz: 1, spi_value: 0x0, type: et7xx
02-13 19:05:01.779 26369 32441 I ReactNativeJS: 'pollDeviceToken: polling', { code: '9248f2a1c5671b9f853823f8446831724529bb0e81052514',
02-13 19:05:01.779 26369 32441 I ReactNativeJS:   interval: 5,
02-13 19:05:01.779 26369 32441 I ReactNativeJS:   gatewayUrl: 'https://app.sven.example.com' }
02-13 19:05:01.848 26369 32441 I ReactNativeJS: 'pollDeviceToken: response', { success: true, data: { status: 'pending' } }
02-13 19:05:01.964 26369 32441 I ReactNativeJS: 'pollDeviceToken: polling', { code: 'fc87d509526ca4c134c657237a249ac88fa474c6bd99a36d',
02-13 19:05:01.964 26369 32441 I ReactNativeJS:   interval: 5,
02-13 19:05:01.964 26369 32441 I ReactNativeJS:   gatewayUrl: 'https://app.sven.example.com' }
02-13 19:05:02.019 26369 32441 I ReactNativeJS: 'pollDeviceToken: response', { success: true, data: { status: 'pending' } }
02-13 19:05:02.080  9366  9373 E ocessService0:0: failed to create Unix domain socket: Operation not permitted
02-13 19:05:00.534     0     0 I [3:      watchdogd: 3957] softdog: softdog_ping: 30
02-13 19:05:04.081  9366  9373 E ocessService0:0: failed to create Unix domain socket: Operation not permitted
02-13 19:05:04.201 28779  2950 I .gms.persistent: Explicit concurrent copying GC freed 13904(813KB) AllocSpace objects, 0(0B) LOS objects, 66% free, 19MB/58MB, paused 307us,71us total 182.465ms
02-13 19:05:05.241 26369 32441 I ReactNativeJS: 'pollDeviceToken: polling', { code: 'f85c6275cc5e0acb1f7b69f38fa2f3db20acd955f9ad5294',
02-13 19:05:05.241 26369 32441 I ReactNativeJS:   interval: 5,
02-13 19:05:05.241 26369 32441 I ReactNativeJS:   gatewayUrl: 'https://app.sven.example.com' }
02-13 19:05:05.303 26369 32441 I ReactNativeJS: 'pollDeviceToken: response', { success: true, data: { status: 'pending' } }
02-13 19:05:06.082  9366  9373 E ocessService0:0: failed to create Unix domain socket: Operation not permitted
02-13 19:05:06.167  4571  4620 I DisplayPowerController[0]: BrightnessEvent: disp=0, physDisp=local:0, brt=0.21688993, initBrt=0.3491442, rcmdBrt=0.21688993, preBrt=0.3491442, lux=26.0, preLux=50.875534, hbmMax=1.0, hbmMode=off, rbcStrength=50, powerFactor=1.0, thrmMax=1.0, wasShortTermModelActive=false, flags=, reason=automatic, autoBrightness=true
02-13 19:05:06.168  4571  4620 I DisplayPowerController[0]: BrightnessEvent: disp=0, physDisp=local:0, brt=0.21688993, initBrt=0.21688993, rcmdBrt=0.21688993, preBrt=0.3491442, lux=26.0, preLux=50.875534, hbmMax=1.0, hbmMode=off, rbcStrength=50, powerFactor=1.0, thrmMax=1.0, wasShortTermModelActive=false, flags=, reason=automatic, autoBrightness=true
02-13 19:05:06.168  4571  4571 I BrightnessSynchronizer: [14210] New Update 0.21688993(f) set brightness values:  56(i)
02-13 19:05:06.170  4571  4571 I BrightnessSynchronizer: New PendingUpdate: {[14211] 0.21688993(f), mUpdatedTypes=0, mConfirmedTypes=0, mTimeUpdated=0}, prev=null
02-13 19:05:06.170  4571  4571 I BrightnessSynchronizer: Swallowing update of 56(i) by update: {[14210] 0.21688993(f), mUpdatedTypes=1, mConfirmedTypes=1, mTimeUpdated=1667516992}
02-13 19:05:06.170  4571  4571 I BrightnessSynchronizer: Completed Update: {[14210] 0.21688993(f), mUpdatedTypes=1, mConfirmedTypes=1, mTimeUpdated=1667516992}
02-13 19:05:02.898     0     0 I         : [2:android.hardwar: 4227] lcd panel: brightness: 125,  442, 2801ba, lx: -1
02-13 19:05:02.908     0     0 I         : [0:android.hardwar: 4227] lcd panel: brightness: 121,  428, 2801ac, lx: -1
02-13 19:05:02.925     0     0 I         : [0:android.hardwar: 4227] lcd panel: brightness: 115,  406, 280196, lx: -1
02-13 19:05:02.942     0     0 I         : [0:android.hardwar: 4227] lcd panel: brightness: 111,  392, 280188, lx: -1
02-13 19:05:02.964     0     0 I         : [0:android.hardwar: 4227] lcd panel: brightness: 107,  378, 28017a, lx: -1
02-13 19:05:02.975     0     0 I         : [7:android.hardwar: 4227] lcd panel: brightness: 103,  363, 28016b, lx: -1
02-13 19:05:02.993     0     0 I         : [0:android.hardwar: 4227] lcd panel: brightness:  98,  345, 280159, lx: -1
02-13 19:05:03.009     0     0 I         : [0:android.hardwar: 4227] lcd panel: brightness:  95,  335, 28014f, lx: -1
02-13 19:05:03.030     0     0 I         : [7:android.hardwar: 4227] lcd panel: brightness:  91,  320, 280140, lx: -1
02-13 19:05:03.043     0     0 I         : [2:android.hardwar: 4227] lcd panel: brightness:  88,  310, 280136, lx: -1
02-13 19:05:03.058     0     0 I         : [6:android.hardwar: 4227] lcd panel: brightness:  85,  299, 28012b, lx: -1
02-13 19:05:03.076     0     0 I         : [6:android.hardwar: 4227] lcd panel: brightness:  81,  285, 28011d, lx: -1
02-13 19:05:06.373  4571 10561 W ContextImpl: Calling a method in the system process without a qualified user: android.app.ContextImpl.sendBroadcastMultiplePermissions:1222 com.android.server.TelephonyRegistry.broadcastServiceStateChanged:3085 com.android.server.TelephonyRegistry.notifyServiceStateForPhoneId:1616 com.android.internal.telephony.ITelephonyRegistry$Stub.onTransact:492 android.os.Binder.execTransactInternal:1280 
02-13 19:05:06.373  4571  4620 I DisplayPowerController[0]: BrightnessEvent: disp=0, physDisp=local:0, brt=0.21688993, initBrt=0.21688993, rcmdBrt=0.21688993, preBrt=0.3491442, lux=26.0, preLux=50.875534, hbmMax=1.0, hbmMode=off, rbcStrength=50, powerFactor=1.0, thrmMax=1.0, wasShortTermModelActive=false, flags=, reason=automatic, autoBrightness=true
02-13 19:05:06.374  4571 10561 W ContextImpl: Calling a method in the system process without a qualified user: android.app.ContextImpl.sendBroadcastMultiplePermissions:1272 android.content.Context.sendBroadcastMultiplePermissions:2272 com.android.server.TelephonyRegistry.broadcastServiceStateChanged:3089 com.android.server.TelephonyRegistry.notifyServiceStateForPhoneId:1616 com.android.internal.telephony.ITelephonyRegistry$Stub.onTransact:492 
02-13 19:05:06.374  4571  4599 W BroadcastQueue: Permission Denial: receiving Intent { act=android.intent.action.SERVICE_STATE flg=0x1000010 (has extras) } to ProcessRecord{2190bdf 4837:com.android.systemui/u0a145} (pid=4837, uid=10145) requires android.permission.ACCESS_FINE_LOCATION due to sender android (uid 1001)
02-13 19:05:06.375  4571  4599 W BroadcastQueue: Permission Denial: receiving Intent { act=android.intent.action.SERVICE_STATE flg=0x1000010 (has extras) } to com.android.cellbroadcastreceiver.module/com.android.cellbroadcastreceiver.CellBroadcastReceiver requires android.permission.READ_PHONE_STATE due to sender android (uid 1001)
02-13 19:05:06.376  4571  4599 W BroadcastQueue: Permission Denial: receiving Intent { act=android.intent.action.SERVICE_STATE flg=0x1000010 (has extras) } to ProcessRecord{2190bdf 4837:com.android.systemui/u0a145} (pid=4837, uid=10145) requires android.permission.ACCESS_FINE_LOCATION due to sender android (uid 1001)
02-13 19:05:06.376  4571  4599 W BroadcastQueue: Permission Denial: receiving Intent { act=android.intent.action.SERVICE_STATE flg=0x1000010 (has extras) } to com.android.cellbroadcastreceiver.module/com.android.cellbroadcastreceiver.CellBroadcastReceiver requires android.permission.ACCESS_FINE_LOCATION due to sender android (uid 1001)
02-13 19:05:06.376  4571 10561 W ContextImpl: Calling a method in the system process without a qualified user: android.app.ContextImpl.sendBroadcastMultiplePermissions:1272 android.content.Context.sendBroadcastMultiplePermissions:2272 com.android.server.TelephonyRegistry.broadcastServiceStateChanged:3096 com.android.server.TelephonyRegistry.notifyServiceStateForPhoneId:1616 com.android.internal.telephony.ITelephonyRegistry$Stub.onTransact:492 
02-13 19:05:06.377  4571 10561 W ContextImpl: Calling a method in the system process without a qualified user: android.app.ContextImpl.sendBroadcastMultiplePermissions:1272 android.content.Context.sendBroadcastMultiplePermissions:2272 com.android.server.TelephonyRegistry.broadcastServiceStateChanged:3100 com.android.server.TelephonyRegistry.notifyServiceStateForPhoneId:1616 com.android.internal.telephony.ITelephonyRegistry$Stub.onTransact:492 
02-13 19:05:06.378  4571  4599 W BroadcastQueue: Permission Denial: receiving Intent { act=android.intent.action.SERVICE_STATE flg=0x1000010 (has extras) } to com.android.cellbroadcastreceiver.module/com.android.cellbroadcastreceiver.CellBroadcastReceiver requires android.permission.READ_PHONE_STATE due to sender android (uid 1001)
02-13 19:05:03.096     0     0 I         : [6:android.hardwar: 4227] lcd panel: brightness:  80,  281, 280119, lx: -1
02-13 19:05:06.379  4571  4599 W BroadcastQueue: Appop Denial: receiving Intent { act=android.intent.action.SERVICE_STATE flg=0x1000010 (has extras) } to ProcessRecord{2190bdf 4837:com.android.systemui/u0a145} (pid=4837, uid=10145) excludes appop android:read_phone_state due to sender android (uid 1001)
02-13 19:05:06.380  4837  4898 W KeyguardUpdateMonitorLog: invalid subId in handleServiceStateChange()
02-13 19:05:06.862 26369 32441 I ReactNativeJS: 'pollDeviceToken: polling', { code: '9248f2a1c5671b9f853823f8446831724529bb0e81052514',
02-13 19:05:06.862 26369 32441 I ReactNativeJS:   interval: 5,
02-13 19:05:06.862 26369 32441 I ReactNativeJS:   gatewayUrl: 'https://app.sven.example.com' }
02-13 19:05:06.924 26369 32441 I ReactNativeJS: 'pollDeviceToken: response', { success: true, data: { status: 'pending' } }
02-13 19:05:07.030 26369 32441 I ReactNativeJS: 'pollDeviceToken: polling', { code: 'fc87d509526ca4c134c657237a249ac88fa474c6bd99a36d',
02-13 19:05:07.030 26369 32441 I ReactNativeJS:   interval: 5,
02-13 19:05:07.030 26369 32441 I ReactNativeJS:   gatewayUrl: 'https://app.sven.example.com' }
02-13 19:05:07.088 26369 32441 I ReactNativeJS: 'pollDeviceToken: response', { success: true, data: { status: 'pending' } }
02-13 19:05:03.969     0     0 W [0:       wificond: 4387] slsi_mlme_get_sinfo_mib: 2 callbacks suppressed
02-13 19:05:08.083  9366  9373 E ocessService0:0: failed to create Unix domain socket: Operation not permitted
02-13 19:05:09.194 32082 32128 I Finsky  : [25100] Stats for Executor: BlockingExecutor uww@e3ba675[Running, pool size = 0, active threads = 0, queued tasks = 0, completed tasks = 146]
02-13 19:05:09.195 32082 32128 I Finsky  : [25100] Stats for Executor: LightweightExecutor uww@f9bb60a[Running, pool size = 4, active threads = 0, queued tasks = 0, completed tasks = 700]
02-13 19:05:09.245 32082 32128 I Finsky  : [25100] Stats for Executor: bgExecutor uww@c7fbe7b[Running, pool size = 4, active threads = 0, queued tasks = 0, completed tasks = 2140]
02-13 19:05:09.726 32082 32128 I Finsky  : [25100] Stats for Executor: GrpcBackgroundExecutor uww@c8fc498[Running, pool size = 1, active threads = 0, queued tasks = 0, completed tasks = 1]
02-13 19:05:09.814  4131  3547 I keystore2: keystore2::watchdog: Watchdog thread idle -> terminating. Have a great day.
02-13 19:05:10.083  9366  9373 E ocessService0:0: failed to create Unix domain socket: Operation not permitted
02-13 19:05:10.323 26369 32441 I ReactNativeJS: 'pollDeviceToken: polling', { code: 'f85c6275cc5e0acb1f7b69f38fa2f3db20acd955f9ad5294',
02-13 19:05:10.323 26369 32441 I ReactNativeJS:   interval: 5,
02-13 19:05:10.323 26369 32441 I ReactNativeJS:   gatewayUrl: 'https://app.sven.example.com' }
02-13 19:05:10.380 26369 32441 I ReactNativeJS: 'pollDeviceToken: response', { success: true, data: { status: 'pending' } }
02-13 19:05:07.279     0     0 W [2:android.hardwar: 4220] healthd: battery l=100 v=4312 t=31.4 h=2 st=5 c=0 fc=4000000 chg=u
02-13 19:05:07.397     0     0 I         : [0:    kworker/0:2:18142] sm5713_muic_debug_reg_log DEV_TYPE[0x08 0x00] CNTL:0x34 MAN_SW:0x09 AFC_CNTL:0x00 AFC_TXD:0x00 AFC_STATUS:0x00 VBUS_VOL[0x00 0x00] attached_dev:2
02-13 19:05:07.398     0     0 I         : [0:    kworker/0:0:28483] sm5713_usbpd_debug_reg_log SYS_CT:0x1d CR_CT[4:0x92 5:0x00] CC_ST:0x21 CC_CT[1:0x80 3:0x80 7:0x00] PD_CT[1:0x03 4:0x00] RX_BUF_ST:0x04 PD_ST[0:0x04 3:0x00 4:0x07 5:0x03]
02-13 19:05:11.945 26369 32441 I ReactNativeJS: 'pollDeviceToken: polling', { code: '9248f2a1c5671b9f853823f8446831724529bb0e81052514',
02-13 19:05:11.945 26369 32441 I ReactNativeJS:   interval: 5,
02-13 19:05:11.945 26369 32441 I ReactNativeJS:   gatewayUrl: 'https://app.sven.example.com' }
02-13 19:05:12.002 26369 32441 I ReactNativeJS: 'pollDeviceToken: response', { success: true, data: { status: 'pending' } }
02-13 19:05:12.084  9366  9373 E ocessService0:0: failed to create Unix domain socket: Operation not permitted
02-13 19:05:12.095 26369 32441 I ReactNativeJS: 'pollDeviceToken: polling', { code: 'fc87d509526ca4c134c657237a249ac88fa474c6bd99a36d',
02-13 19:05:12.095 26369 32441 I ReactNativeJS:   interval: 5,
02-13 19:05:12.095 26369 32441 I ReactNativeJS:   gatewayUrl: 'https://app.sven.example.com' }
02-13 19:05:12.159 26369 32441 I ReactNativeJS: 'pollDeviceToken: response', { success: true, data: { status: 'pending' } }
02-13 19:05:08.930     0     0 I [3:  kworker/u16:0:32646] fps_et7xx_work_func_debug: ldo: 0, sleep: 0, tz: 1, spi_value: 0x0, type: et7xx
02-13 19:05:10.018     0     0 W [0:       wificond: 4387] slsi_mlme_get_sinfo_mib: 2 callbacks suppressed
02-13 19:05:10.245     0     0 E [3:  kworker/u16:0:32646] sec_bat_get_battery_info: Fail to set psy ((null))
02-13 19:05:10.246     0     0 I         : [3:  kworker/u16:0:32646] sec-battery battery: sec_bat_get_value_by_adc:[2] Temp(313), Temp-ADC(1756)
02-13 19:05:10.247     0     0 I         : [3:  kworker/u16:0:32646] sec-battery battery: sec_bat_get_value_by_adc:[6] Temp(317), Temp-ADC(1667)
02-13 19:05:10.248     0     0 I         : [3:  kworker/u16:0:32646] sm5713-charger sm5713-charger: psy_chg_get_status: STATUS1(0x01), STATUS2(0x20), STATUS3(0x00)
02-13 19:05:10.256     0     0 I         : [3:  kworker/u16:0:32646] sec-battery battery: sec_bat_check_recharge: recharging voltage (4280)
02-13 19:05:10.258     0     0 I         : [3:  kworker/u16:0:32646] sec-battery battery: sec_bat_set_polling: Polling time 30/30 sec.
02-13 19:05:10.265     0     0 W [1:android.hardwar: 4220] healthd: battery l=100 v=4312 t=31.3 h=2 st=5 c=0 fc=4000000 chg=u
02-13 19:05:13.723  3577  3577 I AndroidRuntime: Using default boot image
02-13 19:05:13.723  3577  3577 I AndroidRuntime: Leaving lock profiling enabled
02-13 19:05:13.727  3577  3577 W app_process: ART APEX data files are untrusted.
02-13 19:05:13.727  3577  3577 I app_process: Core platform API reporting enabled, enforcing=false
02-13 19:05:10.535     0     0 I [2:      watchdogd: 3957] softdog: softdog_ping: 30
02-13 19:05:13.880  3577  3577 W app_process: ClassLoaderContext classpath size mismatch. expected=0, found=1 (PCL[] | PCL[/system/framework/android.test.runner.jar*2555718838])
02-13 19:05:10.634     0     0 I [7:           main: 3577] binder: 3577:3577 ioctl 40046210 7fe782ed70 returned -22
02-13 19:05:13.929  4571 10561 W WindowMagnificationMgr: requestConnection duplicated request: connect=false, mConnectionState=DISCONNECTED
02-13 19:05:13.938  4571 10561 W WindowMagnificationMgr: requestConnection duplicated request: connect=false, mConnectionState=DISCONNECTED
02-13 19:05:13.948  4302  4352 W TransactionTracing: Could not find layer handle 0x77e74d0350
02-13 19:05:14.085  9366  9373 E ocessService0:0: failed to create Unix domain socket: Operation not permitted
02-13 19:05:14.939  3577  3577 W libc    : Access denied finding property "qemu.sf.lcd_density"
02-13 19:05:14.940  3577  3577 W libc    : Access denied finding property "qemu.sf.lcd_density"
02-13 19:05:14.953  5805  6084 W MediaProvider: isAppCloneUserPair failed. Users: 0 and 0
02-13 19:05:14.953  5805  6084 W MediaProvider: isAppCloneUserPair for user 0: false
02-13 19:05:14.975  3577  3577 W AccessibilityNodeInfoDumper: Fetch time: 32ms
02-13 19:05:14.985  4571 10561 W WindowMagnificationMgr: requestConnection duplicated request: connect=false, mConnectionState=DISCONNECTED
02-13 19:05:11.706     0     0 I [0:    uiautomator: 3577] binder: 3577:3577 ioctl 40046210 7fe782ef54 returned -22
02-13 19:05:14.993  4571  4571 W WindowMagnificationMgr: requestConnection duplicated request: connect=false, mConnectionState=DISCONNECTED
02-13 19:05:14.998  4302  4352 W TransactionTracing: Could not find layer handle 0x77e74d0890
02-13 19:05:15.402 26369 32441 I ReactNativeJS: 'pollDeviceToken: polling', { code: 'f85c6275cc5e0acb1f7b69f38fa2f3db20acd955f9ad5294',
02-13 19:05:15.402 26369 32441 I ReactNativeJS:   interval: 5,
02-13 19:05:15.402 26369 32441 I ReactNativeJS:   gatewayUrl: 'https://app.sven.example.com' }
02-13 19:05:15.464 26369 32441 I ReactNativeJS: 'pollDeviceToken: response', { success: true, data: { status: 'pending' } }
02-13 19:05:16.086  9366  9373 E ocessService0:0: failed to create Unix domain socket: Operation not permitted
02-13 19:05:17.023 26369 32441 I ReactNativeJS: 'pollDeviceToken: polling', { code: '9248f2a1c5671b9f853823f8446831724529bb0e81052514',
02-13 19:05:17.023 26369 32441 I ReactNativeJS:   interval: 5,
02-13 19:05:17.023 26369 32441 I ReactNativeJS:   gatewayUrl: 'https://app.sven.example.com' }
02-13 19:05:17.097 26369 32441 I ReactNativeJS: 'pollDeviceToken: response', { success: true, data: { status: 'pending' } }
02-13 19:05:17.173 26369 32441 I ReactNativeJS: 'pollDeviceToken: polling', { code: 'fc87d509526ca4c134c657237a249ac88fa474c6bd99a36d',
02-13 19:05:17.173 26369 32441 I ReactNativeJS:   interval: 5,
02-13 19:05:17.173 26369 32441 I ReactNativeJS:   gatewayUrl: 'https://app.sven.example.com' }
02-13 19:05:17.229 26369 32441 I ReactNativeJS: 'pollDeviceToken: response', { success: true, data: { status: 'pending' } }
02-13 19:05:18.087  9366  9373 E ocessService0:0: failed to create Unix domain socket: Operation not permitted
02-13 19:05:16.065     0     0 W [1:       wificond: 4387] slsi_mlme_get_sinfo_mib: 2 callbacks suppressed
02-13 19:05:20.088  9366  9373 E ocessService0:0: failed to create Unix domain socket: Operation not permitted
02-13 19:05:20.483 26369 32441 I ReactNativeJS: 'pollDeviceToken: polling', { code: 'f85c6275cc5e0acb1f7b69f38fa2f3db20acd955f9ad5294',
02-13 19:05:20.483 26369 32441 I ReactNativeJS:   interval: 5,
02-13 19:05:20.483 26369 32441 I ReactNativeJS:   gatewayUrl: 'https://app.sven.example.com' }
02-13 19:05:20.544 26369 32441 I ReactNativeJS: 'pollDeviceToken: response', { success: true, data: { status: 'pending' } }
02-13 19:05:22.089  9366  9373 E ocessService0:0: failed to create Unix domain socket: Operation not permitted
02-13 19:05:22.105 26369 32441 I ReactNativeJS: 'pollDeviceToken: polling', { code: '9248f2a1c5671b9f853823f8446831724529bb0e81052514',
02-13 19:05:22.105 26369 32441 I ReactNativeJS:   interval: 5,
02-13 19:05:22.105 26369 32441 I ReactNativeJS:   gatewayUrl: 'https://app.sven.example.com' }
02-13 19:05:22.162 26369 32441 I ReactNativeJS: 'pollDeviceToken: response', { success: true, data: { status: 'pending' } }
02-13 19:05:22.238 26369 32441 I ReactNativeJS: 'pollDeviceToken: polling', { code: 'fc87d509526ca4c134c657237a249ac88fa474c6bd99a36d',
02-13 19:05:22.238 26369 32441 I ReactNativeJS:   interval: 5,
02-13 19:05:22.238 26369 32441 I ReactNativeJS:   gatewayUrl: 'https://app.sven.example.com' }
02-13 19:05:22.293 26369 32441 I ReactNativeJS: 'pollDeviceToken: response', { success: true, data: { status: 'pending' } }
02-13 19:05:19.938     0     0 I [3:  kworker/u16:0:32646] fps_et7xx_work_func_debug: ldo: 0, sleep: 0, tz: 1, spi_value: 0x0, type: et7xx
02-13 19:05:20.535     0     0 I [3:      watchdogd: 3957] softdog: softdog_ping: 30
02-13 19:05:24.089  9366  9373 E ocessService0:0: failed to create Unix domain socket: Operation not permitted
02-13 19:05:22.103     0     0 W [1:       wificond: 4387] slsi_mlme_get_sinfo_mib: 2 callbacks suppressed
02-13 19:05:25.564 26369 32441 I ReactNativeJS: 'pollDeviceToken: polling', { code: 'f85c6275cc5e0acb1f7b69f38fa2f3db20acd955f9ad5294',
02-13 19:05:25.564 26369 32441 I ReactNativeJS:   interval: 5,
02-13 19:05:25.564 26369 32441 I ReactNativeJS:   gatewayUrl: 'https://app.sven.example.com' }
02-13 19:05:22.280     0     0 I [2:            cmd: 3615] binder: 3615:3615 ioctl 40046210 7feeb2bef0 returned -22
02-13 19:05:22.313     0     0 I         : [2:         writer: 5676] tas2562 7-004c: tas2562_get_left_speaker_switch, p_u_control = 0
02-13 19:05:22.313     0     0 I         : [2:         writer: 5676] tas2562 7-004c: tas2562_set_left_speaker_switch, spk_l_control = 0
02-13 19:05:25.594  4198  5676 I audio_hw_primary: fast_out-out_write: transited to Ready
02-13 19:05:25.594  4198  5676 I audio_hw_primary: fast_out-out_write: try to route for playback
02-13 19:05:25.594  4198  5676 I audio_hw_proxy_9610: proxy-proxy_set_route: disable fm radio path
02-13 19:05:25.595  4198  5676 I audio_hw_proxy_9610: proxy-proxy_set_mixercontrol: set Mixer Control(ABOX Tickle) to 1
02-13 19:05:25.595  4198  5676 I audio_route: > audio_route_apply_path : "media-speaker"
02-13 19:05:25.595  4198  5676 I audio_route: > audio_route_update_path + : "media-speaker" reverse(0)
02-13 19:05:25.595  4198  5676 I audio_route: > audio_route_update_path + : path length = 10
02-13 19:05:25.604  4198  5676 I audio_hw_proxy_9610: proxy-set_route: routed to media-speaker
02-13 19:05:25.605  4198  5676 I audio_route: > audio_route_apply_path : "gain-media-speaker"
02-13 19:05:25.605  4198  5676 I audio_route: > audio_route_update_path + : "gain-media-speaker" reverse(0)
02-13 19:05:25.605  4198  5676 I audio_route: > audio_route_update_path + : path length = 0
02-13 19:05:25.605  4198  5676 I audio_hw_proxy_9610: proxy-set_route: set gain as gain-media-speaker
02-13 19:05:25.607  4571  5440 W InputManager-JNI: Input channel object '13dc0d7 ai.sven.companion/ai.sven.companion.MainActivity (client)' was disposed without first being removed with the input manager!
02-13 19:05:22.325     0     0 I         : [0:         writer: 5676] Exynos9610-audio sound: vogue_dai_ops_hw_params: UAIF2-0: 0x12: hw_params: 2ch, 48000Hz, 7680bytes, 16bit (pcm_state: 0x0040000)
02-13 19:05:22.325     0     0 I         : [0:         writer: 5676] tas2562 7-004c: tas2562_set_bitwidth 2
02-13 19:05:22.327     0     0 I         : [2:         writer: 5676] tas2562 7-004c: tas2562_iv_slot_config, 16
02-13 19:05:25.612  4198  5676 I audio_hw_proxy_9610: proxy-enable_spkamp_playback: SPKAMP Playback PCM Device(/dev/snd/pcmC0D7p) with SR(48000) PF(0) CC(2) is opened
02-13 19:05:22.329     0     0 I         : [1:         writer: 5676] tas2562 7-004c: mn_ch_size: 16
02-13 19:05:22.329     0     0 I         : [1:         writer: 5676] tas2562 7-004c: tas2562_hw_params, sample rate: 48000
02-13 19:05:22.330     0     0 I         : [0:         writer: 5676] Exynos9610-audio sound: vogue_dai_ops_hw_params: RDMA7-0: 0x7: hw_params: 2ch, 48000Hz, 7680bytes, 16bit (pcm_state: 0x0040080)
02-13 19:05:22.333     0     0 I         : [4:         writer: 5676] tas2562 7-004c: SND_SOC_DAPM_POST_PMU
02-13 19:05:22.333     0     0 I         : [4:         writer: 5676] Exynos9610-audio sound: vogue_speaker ev: 2
02-13 19:05:22.333     0     0 I         : [4:         writer: 5676] tas2562 7-004c: set power state: 0
02-13 19:05:22.333     0     0 I         : [4:         writer: 5676] tas2562 7-004c: INV format: NBNF
02-13 19:05:22.335     0     0 E         : I[0:      swapper/0:    0] [SYNC_IPC] abox_synchronized_ipc_handler: unknown response type, RES_ID = 1234
02-13 19:05:22.335     0     0 E         : I[0:      swapper/0:    0] [SYNC_IPC] abox_synchronized_ipc_handler: unknown response type, RES_ID = 1234
02-13 19:05:22.336     0     0 I         : [1:         writer: 5676] tas2562 7-004c: IRQ reg is: tas2562_set_power_state 0, 354
02-13 19:05:22.336     0     0 I         : [1:         writer: 5676] tas2562 7-004c: IRQ reg is: tas2562_set_power_state 0, 358
02-13 19:05:25.622  4198  5676 I audio_hw_proxy_9610: proxy-enable_spkamp_playback: SPKAMP Playback PCM Device(/dev/snd/pcmC0D7p) with SR(48000) PF(0) CC(2) is started
02-13 19:05:25.623  4198  5676 I audio_hw_proxy_9610: proxy-enable_erap_in: ERAP In PCM Device(/dev/snd/pcmC0D11c) with SR(48000) PF(0) CC(2) is opened
02-13 19:05:22.341     0     0 I         : [4:         writer: 5676] Exynos9610-audio sound: vogue_dai_ops_hw_params: UAIF4-1: 0x13: hw_params: 2ch, 48000Hz, 7680bytes, 16bit (pcm_state: 0x00c0080)
02-13 19:05:22.341     0     0 I         : [4:         writer: 5676] Exynos9610-audio sound: vogue_dai_ops_hw_params: WDMA3-1: 0xb: hw_params: 2ch, 48000Hz, 7680bytes, 16bit (pcm_state: 0x00c0880)
02-13 19:05:25.626  4198  5676 I audio_hw_proxy_9610: proxy-enable_erap_in: ERAP In PCM Device(/dev/snd/pcmC0D11c) with SR(48000) PF(0) CC(2) is started
02-13 19:05:25.629 26369 26369 W OnBackInvokedCallback: OnBackInvokedCallback is not enabled for the application.
02-13 19:05:25.629 26369 26369 W OnBackInvokedCallback: Set 'android:enableOnBackInvokedCallback="true"' in the application manifest.
02-13 19:05:25.630 26369 32441 I ReactNativeJS: 'pollDeviceToken: response', { success: true, data: { status: 'pending' } }
02-13 19:05:25.631  4198  5676 I audio_hw_proxy_9610: proxy-enable_spkamp_reference: SPKAMP Reference PCM Device(/dev/snd/pcmC0D12c) with SR(48000) PF(0) CC(2) is opened
02-13 19:05:22.345     0     0 I         : [3:         writer: 5676] Exynos9610-audio sound: vogue_dai_ops_hw_params: UAIF2-1: 0x12: hw_params: 2ch, 48000Hz, 7680bytes, 16bit (pcm_state: 0x00c0880)
02-13 19:05:22.345     0     0 I         : [3:         writer: 5676] tas2562 7-004c: tas2562_set_bitwidth 2
02-13 19:05:22.347     0     0 I         : [7:         writer: 5676] tas2562 7-004c: tas2562_iv_slot_config, 16
02-13 19:05:22.348     0     0 I         : [0:         writer: 5676] tas2562 7-004c: mn_ch_size: 16
02-13 19:05:22.348     0     0 I         : [0:         writer: 5676] tas2562 7-004c: tas2562_hw_params, sample rate: 48000
02-13 19:05:22.348     0     0 I         : [2:         writer: 5676] Exynos9610-audio sound: vogue_dai_ops_hw_params: WDMA4-1: 0xc: hw_params: 2ch, 48000Hz, 7680bytes, 16bit (pcm_state: 0x00c1880)
02-13 19:05:25.636  4198  5676 I audio_hw_proxy_9610: proxy-enable_spkamp_reference: SPKAMP Reference PCM Device(/dev/snd/pcmC0D12c) with SR(48000) PF(0) CC(2) is started
02-13 19:05:25.636  4198  5676 I audio_hw_primary: fast_out-adev_set_route-1: routes to device(speaker) for usage(media)
02-13 19:05:25.638  4198  5676 I audio_hw_proxy_9610: fast_out-proxy_open_playback_stream: The opened PCM Device is /dev/snd/pcmC0D2p with Sampling_Rate(48000) PCM_Format(0)
02-13 19:05:25.639  4198  5676 I audio_hw_primary: fast_out-out_write: transited to Idle
02-13 19:05:22.356     0     0 I         : [2:         writer: 5676] Exynos9610-audio sound: exynos9610_rt5665_hw_params: BCLK Enable
02-13 19:05:22.356     0     0 I         : [2:         writer: 5676] Exynos9610-audio sound: exynos9610_rt5665_hw_params: uaifp_cnt 1, uaifc_cnt 0
02-13 19:05:22.356     0     0 I         : [2:         writer: 5676] Exynos9610-audio sound: exynos9610_rt5665_hw_params: UAIF0-0 2ch, 48000Hz, 16bit, 1536bytes (pcm_state: 0x00d1880)
02-13 19:05:22.356     0     0 I         : [2:         writer: 5676] Exynos9610-audio sound: vogue_dai_ops_hw_params: RDMA2-0: 0x2: hw_params: 2ch, 48000Hz, 1536bytes, 16bit (pcm_state: 0x00d1884)
02-13 19:05:25.644  4198  5676 I audio_hw_primary: fast_out-out_write: transited to Playing
02-13 19:05:22.378     0     0 I         : [1:    kworker/1:2:10235] tas2562 7-004c: irq_work_routine
02-13 19:05:22.380     0     0 I         : [1:    kworker/1:2:10235] tas2562 7-004c: IRQ reg is: irq_work_routine 0, 724
02-13 19:05:22.382     0     0 I         : [1:    kworker/1:2:10235] tas2562 7-004c: IRQ reg is: irq_work_routine 0, 728
02-13 19:05:22.382     0     0 I         : [1:    kworker/1:2:10235] tas2562 7-004c: set ICN to -80dB
02-13 19:05:22.384     0     0 I         : [1:    kworker/1:2:10235] tas2562 7-004c: IRQ reg is: irq_work_routine, 0, 758
02-13 19:05:22.384     0     0 I         : [1:    kworker/1:2:10235] tas2562 7-004c: IRQ reg is: irq_work_routine 0, 762
02-13 19:05:26.090  9366  9373 E ocessService0:0: failed to create Unix domain socket: Operation not permitted
02-13 19:05:26.593  4571  4620 I DisplayPowerController[0]: BrightnessEvent: disp=0, physDisp=local:0, brt=0.27678168, initBrt=0.21688993, rcmdBrt=0.27678168, preBrt=0.21688993, lux=43.512886, preLux=26.0, hbmMax=1.0, hbmMode=off, rbcStrength=50, powerFactor=1.0, thrmMax=1.0, wasShortTermModelActive=false, flags=, reason=automatic, autoBrightness=true
02-13 19:05:26.594  4571  4620 I DisplayPowerController[0]: BrightnessEvent: disp=0, physDisp=local:0, brt=0.27678168, initBrt=0.27678168, rcmdBrt=0.27678168, preBrt=0.21688993, lux=43.512886, preLux=26.0, hbmMax=1.0, hbmMode=off, rbcStrength=50, powerFactor=1.0, thrmMax=1.0, wasShortTermModelActive=false, flags=, reason=automatic, autoBrightness=true
02-13 19:05:26.594  4571  4571 I BrightnessSynchronizer: [14212] New Update 0.27678168(f) set brightness values:  71(i)
02-13 19:05:26.595  4571  4571 I BrightnessSynchronizer: New PendingUpdate: {[14213] 0.27678168(f), mUpdatedTypes=0, mConfirmedTypes=0, mTimeUpdated=0}, prev=null
02-13 19:05:26.596  4571  4571 I BrightnessSynchronizer: Swallowing update of 71(i) by update: {[14212] 0.27678168(f), mUpdatedTypes=1, mConfirmedTypes=1, mTimeUpdated=1667537418}
02-13 19:05:26.596  4571  4571 I BrightnessSynchronizer: Completed Update: {[14212] 0.27678168(f), mUpdatedTypes=1, mConfirmedTypes=1, mTimeUpdated=1667537418}
02-13 19:05:23.321     0     0 I         : [3:android.hardwar: 4227] lcd panel: brightness:  81,  285, 28011d, lx: -1
02-13 19:05:23.332     0     0 I         : [7:android.hardwar: 4227] lcd panel: brightness:  84,  295, 280127, lx: -1
02-13 19:05:23.349     0     0 I         : [7:android.hardwar: 4227] lcd panel: brightness:  87,  306, 280132, lx: -1
02-13 19:05:23.367     0     0 I         : [0:android.hardwar: 4227] lcd panel: brightness:  91,  320, 280140, lx: -1
02-13 19:05:23.388     0     0 I         : [7:android.hardwar: 4227] lcd panel: brightness:  94,  331, 28014b, lx: -1
02-13 19:05:23.400     0     0 I         : [7:android.hardwar: 4227] lcd panel: brightness:  98,  345, 280159, lx: -1
02-13 19:05:26.699  4571  4620 I DisplayPowerController[0]: BrightnessEvent: disp=0, physDisp=local:0, brt=0.27678168, initBrt=0.27678168, rcmdBrt=0.27678168, preBrt=0.21688993, lux=43.512886, preLux=26.0, hbmMax=1.0, hbmMode=off, rbcStrength=50, powerFactor=1.0, thrmMax=1.0, wasShortTermModelActive=false, flags=, reason=automatic, autoBrightness=true
02-13 19:05:23.426     0     0 I         : [6:android.hardwar: 4227] lcd panel: brightness: 101,  356, 280164, lx: -1
02-13 19:05:27.169 26369 32441 I ReactNativeJS: 'pollDeviceToken: polling', { code: '9248f2a1c5671b9f853823f8446831724529bb0e81052514',
02-13 19:05:27.169 26369 32441 I ReactNativeJS:   interval: 5,
02-13 19:05:27.169 26369 32441 I ReactNativeJS:   gatewayUrl: 'https://app.sven.example.com' }
02-13 19:05:27.232 26369 32441 I ReactNativeJS: 'pollDeviceToken: response', { success: true, data: { status: 'pending' } }
02-13 19:05:27.303 26369 32441 I ReactNativeJS: 'pollDeviceToken: polling', { code: 'fc87d509526ca4c134c657237a249ac88fa474c6bd99a36d',
02-13 19:05:27.303 26369 32441 I ReactNativeJS:   interval: 5,
02-13 19:05:27.303 26369 32441 I ReactNativeJS:   gatewayUrl: 'https://app.sven.example.com' }
02-13 19:05:27.358 26369 32441 I ReactNativeJS: 'pollDeviceToken: response', { success: true, data: { status: 'pending' } }
02-13 19:05:27.842  3632  3632 I AndroidRuntime: Using default boot image
02-13 19:05:27.843  3632  3632 I AndroidRuntime: Leaving lock profiling enabled
02-13 19:05:27.847  3632  3632 W app_process: ART APEX data files are untrusted.
02-13 19:05:27.847  3632  3632 I app_process: Core platform API reporting enabled, enforcing=false
02-13 19:05:28.025  3632  3632 W app_process: ClassLoaderContext classpath size mismatch. expected=0, found=1 (PCL[] | PCL[/system/framework/android.test.runner.jar*2555718838])
02-13 19:05:24.791     0     0 I [6:           main: 3632] binder: 3632:3632 ioctl 40046210 7ff17fe740 returned -22
02-13 19:05:28.089  4571  5440 W WindowMagnificationMgr: requestConnection duplicated request: connect=false, mConnectionState=DISCONNECTED
02-13 19:05:28.090  9366  9373 E ocessService0:0: failed to create Unix domain socket: Operation not permitted
02-13 19:05:28.094  4571 10561 W WindowMagnificationMgr: requestConnection duplicated request: connect=false, mConnectionState=DISCONNECTED
02-13 19:05:28.118  4302  4352 W TransactionTracing: Could not find layer handle 0x77e74ceeb0
02-13 19:05:28.196  4571  4620 I DisplayPowerController[0]: BrightnessEvent: disp=0, physDisp=local:0, brt=0.34532246, initBrt=0.27678168, rcmdBrt=0.34532246, preBrt=0.27678168, lux=85.172005, preLux=43.512886, hbmMax=1.0, hbmMode=off, rbcStrength=50, powerFactor=1.0, thrmMax=1.0, wasShortTermModelActive=false, flags=, reason=automatic, autoBrightness=true
02-13 19:05:28.198  4571  4620 I DisplayPowerController[0]: BrightnessEvent: disp=0, physDisp=local:0, brt=0.34532246, initBrt=0.34532246, rcmdBrt=0.34532246, preBrt=0.27678168, lux=85.172005, preLux=43.512886, hbmMax=1.0, hbmMode=off, rbcStrength=50, powerFactor=1.0, thrmMax=1.0, wasShortTermModelActive=false, flags=, reason=automatic, autoBrightness=true
02-13 19:05:28.198  4571  4571 I BrightnessSynchronizer: [14214] New Update 0.34532246(f) set brightness values:  89(i)
02-13 19:05:28.198  4571  4571 I BrightnessSynchronizer: New PendingUpdate: {[14215] 0.34532246(f), mUpdatedTypes=0, mConfirmedTypes=0, mTimeUpdated=0}, prev=null
02-13 19:05:28.200  4571  4571 I BrightnessSynchronizer: Swallowing update of 89(i) by update: {[14214] 0.34532246(f), mUpdatedTypes=1, mConfirmedTypes=1, mTimeUpdated=1667539022}
02-13 19:05:28.200  4571  4571 I BrightnessSynchronizer: Completed Update: {[14214] 0.34532246(f), mUpdatedTypes=1, mConfirmedTypes=1, mTimeUpdated=1667539022}
02-13 19:05:24.930     0     0 I         : [3:android.hardwar: 4227] lcd panel: brightness: 103,  363, 28016b, lx: -1
02-13 19:05:24.937     0     0 I         : [7:android.hardwar: 4227] lcd panel: brightness: 107,  378, 28017a, lx: -1
02-13 19:05:24.954     0     0 I         : [1:android.hardwar: 4227] lcd panel: brightness: 111,  392, 280188, lx: -1
02-13 19:05:24.971     0     0 I         : [1:android.hardwar: 4227] lcd panel: brightness: 115,  406, 280196, lx: -1
02-13 19:05:24.993     0     0 I         : [1:android.hardwar: 4227] lcd panel: brightness: 121,  428, 2801ac, lx: -1
02-13 19:05:25.004     0     0 I         : [0:android.hardwar: 4227] lcd panel: brightness: 125,  442, 2801ba, lx: -1
02-13 19:05:28.302  4571  4620 I DisplayPowerController[0]: BrightnessEvent: disp=0, physDisp=local:0, brt=0.34532246, initBrt=0.34532246, rcmdBrt=0.34532246, preBrt=0.27678168, lux=85.172005, preLux=43.512886, hbmMax=1.0, hbmMode=off, rbcStrength=50, powerFactor=1.0, thrmMax=1.0, wasShortTermModelActive=false, flags=, reason=automatic, autoBrightness=true
02-13 19:05:25.020     0     0 I         : [7:android.hardwar: 4227] lcd panel: brightness: 127,  449, 2801c1, lx: -1
02-13 19:05:28.737  4198  4198 I audio_hw_primary: fast_out-out_standby: transited to Idle
02-13 19:05:25.455     0     0 I         : [5:  binder:4198_2: 4198] Exynos9610-audio sound: vogue_dai_ops_hw_free: RDMA2-0 (pcm_state: 0x00d1880)
02-13 19:05:25.455     0     0 I         : [5:  binder:4198_2: 4198] Exynos9610-audio sound: exynos9610_rt5665_hw_free: UAIF0-0 (pcm_state: 0x00c1880)
02-13 19:05:25.455     0     0 I         : [5:  binder:4198_2: 4198] Exynos9610-audio sound: exynos9610_rt5665_hw_free: BCLK Disable
02-13 19:05:25.455     0     0 I         : [5:  binder:4198_2: 4198] Exynos9610-audio sound: exynos9610_rt5665_hw_free: uaifp_cnt 0, uaifc_cnt 0
02-13 19:05:25.460     0     0 I         : [4:  binder:4198_2: 4198] Exynos9610-audio sound: vogue_dai_ops_hw_free: WDMA3-1 (pcm_state: 0x00c1080)
02-13 19:05:25.462     0     0 I         : [4:  binder:4198_2: 4198] Exynos9610-audio sound: vogue_dai_ops_hw_free: UAIF4-1 (pcm_state: 0x0041080)
02-13 19:05:28.743  4198  4198 I audio_hw_proxy_9610: fast_out-proxy_close_playback_stream: closed PCM Device
02-13 19:05:28.743  4198  4198 I audio_hw_primary: fast_out-out_standby: transited to Standby
02-13 19:05:28.743  4198  4198 I audio_hw_primary: fast_out-out_standby: try to unroute for standby
02-13 19:05:25.466     0     0 I         : [4:  binder:4198_2: 4198] Exynos9610-audio sound: vogue_dai_ops_hw_free: WDMA4-1 (pcm_state: 0x0040080)
02-13 19:05:28.749  4198  4198 I audio_hw_proxy_9610: proxy-disable_erap_in: ERAP In PCM Device(/dev/snd/pcmC0D11c) is stopped & closed!
02-13 19:05:25.466     0     0 I         : [4:  binder:4198_2: 4198] Exynos9610-audio sound: vogue_dai_ops_hw_free: UAIF2-1 (pcm_state: 0x0000080)
02-13 19:05:28.755  4198  4198 I audio_hw_proxy_9610: proxy-disable_spkamp_reference: SPKAMP Reference PCM Device(/dev/snd/pcmC0D12c) is stopped & closed!
02-13 19:05:25.473     0     0 I         : [4:  binder:4198_2: 4198] Exynos9610-audio sound: vogue_dai_ops_hw_free: RDMA7-0 (pcm_state: 0x0000000)
02-13 19:05:25.473     0     0 I         : [4:  binder:4198_2: 4198] tas2562 7-004c: set power state: 2
02-13 19:05:25.473     0     0 I         : [4:  binder:4198_2: 4198] tas2562 7-004c: cancel timer
02-13 19:05:25.503     0     0 E         : I[0:      swapper/0:    0] [SYNC_IPC] abox_synchronized_ipc_handler: unknown response type, RES_ID = 1234
02-13 19:05:25.503     0     0 E [4:  binder:4198_2: 4198] [TI-SmartPA: tas25xx_update_big_data] Emax[0] 49010766(00.02), Tmax[0] 33, EOcount[0] 0, TOcount[0] 0
02-13 19:05:25.503     0     0 I         : [4:  binder:4198_2: 4198] Exynos9610-audio sound: vogue_dai_ops_hw_free: UAIF2-0 (pcm_state: 0x0000000)
02-13 19:05:28.791  4198  4198 I audio_hw_proxy_9610: proxy-disable_spkamp_playback: SPKAMP Playback PCM Device(/dev/snd/pcmC0D7p) is stopped & closed!
02-13 19:05:28.792  4198  4198 I audio_route: > audio_route_update_path + : "media-speaker" reverse(1)
02-13 19:05:28.792  4198  4198 I audio_route: > audio_route_update_path + : path length = 10
02-13 19:05:25.508     0     0 I         : [4:  binder:4198_2: 4198] Exynos9610-audio sound: vogue_speaker ev: 4
02-13 19:05:25.509     0     0 I         : [4:  binder:4198_2: 4198] tas2562 7-004c: SND_SOC_DAPM_PRE_PMD
02-13 19:05:28.798  4198  4198 I audio_hw_proxy_9610: proxy-reset_route: unrouted media-speaker
02-13 19:05:28.798  4198  4198 I audio_route: > audio_route_update_path + : "gain-media-speaker" reverse(1)
02-13 19:05:28.798  4198  4198 I audio_route: > audio_route_update_path + : path length = 0
02-13 19:05:28.798  4198  4198 I audio_hw_proxy_9610: proxy-reset_route: reset gain gain-media-speaker
02-13 19:05:28.799  4198  4198 I audio_hw_primary: fast_out-adev_set_route-1: unroutes to device(speaker) for usage(media)
02-13 19:05:25.515     0     0 I         : [4:  binder:4198_2: 4198] tas2562 7-004c: tas2562_get_left_speaker_switch, p_u_control = 0
02-13 19:05:25.516     0     0 I         : [4:  binder:4198_2: 4198] tas2562 7-004c: tas2562_set_left_speaker_switch, spk_l_control = 1
02-13 19:05:29.105  3632  3632 W libc    : Access denied finding property "qemu.sf.lcd_density"
02-13 19:05:29.105  3632  3632 W libc    : Access denied finding property "qemu.sf.lcd_density"
02-13 19:05:29.119  5805 11444 W MediaProvider: isAppCloneUserPair failed. Users: 0 and 0
02-13 19:05:29.119  5805 11444 W MediaProvider: isAppCloneUserPair for user 0: false
02-13 19:05:29.151  3632  3632 I AccessibilityNodeInfoDumper: Skipping invisible child: android.view.accessibility.AccessibilityNodeInfo@117f9; boundsInParent: Rect(0, 0 - 978, 27); boundsInScreen: Rect(51, 1584 - 1029, 1571); packageName: ai.sven.companion; className: android.widget.TextView; text: Wake Word; error: null; maxTextLength: -1; stateDescription: null; contentDescription: null; tooltipText: null; viewIdResName: null; uniqueId: null; checkable: false; checked: false; focusable: false; focused: false; selected: false; clickable: false; longClickable: false; contextClickable: false; enabled: true; password: false; scrollable: false; importantForAccessibility: true; visible: false; actions: [AccessibilityAction: ACTION_SELECT - null, AccessibilityAction: ACTION_CLEAR_SELECTION - null, AccessibilityAction: ACTION_ACCESSIBILITY_FOCUS - null, AccessibilityAction: ACTION_NEXT_AT_MOVEMENT_GRANULARITY - null, AccessibilityAction: ACTION_PREVIOUS_AT_MOVEMENT_GRANULARITY - null, AccessibilityAction: ACTION_SET_SELECTION - null, AccessibilityAction: ACTION_SHOW_ON_SCREEN - null]; isTextSelectable: false
02-13 19:05:29.151  3632  3632 I AccessibilityNodeInfoDumper: Skipping invisible child: android.view.accessibility.AccessibilityNodeInfo@11bba; boundsInParent: Rect(0, 0 - 978, 76); boundsInScreen: Rect(51, 1618 - 1029, 1571); packageName: ai.sven.companion; className: android.widget.EditText; text: sven; error: null; maxTextLength: 5000; stateDescription: null; contentDescription: null; tooltipText: null; viewIdResName: null; uniqueId: null; checkable: false; checked: false; focusable: true; focused: false; selected: false; clickable: true; longClickable: true; contextClickable: false; enabled: true; password: false; scrollable: false; importantForAccessibility: true; visible: false; actions: [AccessibilityAction: ACTION_FOCUS - null, AccessibilityAction: ACTION_SELECT - null, AccessibilityAction: ACTION_CLEAR_SELECTION - null, AccessibilityAction: ACTION_CLICK - null, AccessibilityAction: ACTION_LONG_CLICK - null, AccessibilityAction: ACTION_ACCESSIBILITY_FOCUS - null, AccessibilityAction: ACTION_NEXT_AT_MOVEMENT_GRANULARITY - null, AccessibilityAction: ACTION_PREVIOUS_AT_MOVEMENT_GRANULARITY - null, AccessibilityAction: ACTION_SET_SELECTION - null, AccessibilityAction: ACTION_SET_TEXT - null, AccessibilityAction: ACTION_SHOW_ON_SCREEN - null]; isTextSelectable: true
02-13 19:05:29.151  3632  3632 I AccessibilityNodeInfoDumper: Skipping invisible child: android.view.accessibility.AccessibilityNodeInfo@11f7b; boundsInParent: Rect(0, 0 - 126, 25); boundsInScreen: Rect(51, 1732 - 177, 1571); packageName: ai.sven.companion; className: android.widget.TextView; text: Floating overlay; error: null; maxTextLength: -1; stateDescription: null; contentDescription: null; tooltipText: null; viewIdResName: null; uniqueId: null; checkable: false; checked: false; focusable: false; focused: false; selected: false; clickable: false; longClickable: false; contextClickable: false; enabled: true; password: false; scrollable: false; importantForAccessibility: true; visible: false; actions: [AccessibilityAction: ACTION_SELECT - null, AccessibilityAction: ACTION_CLEAR_SELECTION - null, AccessibilityAction: ACTION_ACCESSIBILITY_FOCUS - null, AccessibilityAction: ACTION_NEXT_AT_MOVEMENT_GRANULARITY - null, AccessibilityAction: ACTION_PREVIOUS_AT_MOVEMENT_GRANULARITY - null, AccessibilityAction: ACTION_SET_SELECTION - null, AccessibilityAction: ACTION_SHOW_ON_SCREEN - null]; isTextSelectable: false
02-13 19:05:29.166  3632  3632 I AccessibilityNodeInfoDumper: Skipping invisible child: android.view.accessibility.AccessibilityNodeInfo@1233c; boundsInParent: Rect(0, 0 - 88, 50); boundsInScreen: Rect(940, 1716 - 1028, 1571); packageName: ai.sven.companion; className: android.widget.Switch; text: null; error: null; maxTextLength: -1; stateDescription: ON; contentDescription: null; tooltipText: null; viewIdResName: null; uniqueId: null; checkable: true; checked: true; focusable: true; focused: false; selected: false; clickable: true; longClickable: false; contextClickable: false; enabled: true; password: false; scrollable: false; importantForAccessibility: true; visible: false; actions: [AccessibilityAction: ACTION_FOCUS - null, AccessibilityAction: ACTION_SELECT - null, AccessibilityAction: ACTION_CLEAR_SELECTION - null, AccessibilityAction: ACTION_CLICK - null, AccessibilityAction: ACTION_ACCESSIBILITY_FOCUS - null, AccessibilityAction: ACTION_SHOW_ON_SCREEN - null]; isTextSelectable: false
02-13 19:05:29.178  3632  3632 I AccessibilityNodeInfoDumper: Skipping invisible child: android.view.accessibility.AccessibilityNodeInfo@126fd; boundsInParent: Rect(0, 0 - 141, 25); boundsInScreen: Rect(51, 1793 - 192, 1571); packageName: ai.sven.companion; className: android.widget.TextView; text: Mute microphone; error: null; maxTextLength: -1; stateDescription: null; contentDescription: null; tooltipText: null; viewIdResName: null; uniqueId: null; checkable: false; checked: false; focusable: false; focused: false; selected: false; clickable: false; longClickable: false; contextClickable: false; enabled: true; password: false; scrollable: false; importantForAccessibility: true; visible: false; actions: [AccessibilityAction: ACTION_SELECT - null, AccessibilityAction: ACTION_CLEAR_SELECTION - null, AccessibilityAction: ACTION_ACCESSIBILITY_FOCUS - null, AccessibilityAction: ACTION_NEXT_AT_MOVEMENT_GRANULARITY - null, AccessibilityAction: ACTION_PREVIOUS_AT_MOVEMENT_GRANULARITY - null, AccessibilityAction: ACTION_SET_SELECTION - null, AccessibilityAction: ACTION_SHOW_ON_SCREEN - null]; isTextSelectable: false
02-13 19:05:29.182  3632  3632 I AccessibilityNodeInfoDumper: Skipping invisible child: android.view.accessibility.AccessibilityNodeInfo@12abe; boundsInParent: Rect(0, 0 - 88, 50); boundsInScreen: Rect(940, 1777 - 1028, 1571); packageName: ai.sven.companion; className: android.widget.Switch; text: null; error: null; maxTextLength: -1; stateDescription: OFF; contentDescription: null; tooltipText: null; viewIdResName: null; uniqueId: null; checkable: true; checked: false; focusable: true; focused: false; selected: false; clickable: true; longClickable: false; contextClickable: false; enabled: true; password: false; scrollable: false; importantForAccessibility: true; visible: false; actions: [AccessibilityAction: ACTION_FOCUS - null, AccessibilityAction: ACTION_SELECT - null, AccessibilityAction: ACTION_CLEAR_SELECTION - null, AccessibilityAction: ACTION_CLICK - null, AccessibilityAction: ACTION_ACCESSIBILITY_FOCUS - null, AccessibilityAction: ACTION_SHOW_ON_SCREEN - null]; isTextSelectable: false
02-13 19:05:29.188  3632  3632 I AccessibilityNodeInfoDumper: Skipping invisible child: android.view.accessibility.AccessibilityNodeInfo@12e7f; boundsInParent: Rect(0, 0 - 978, 56); boundsInScreen: Rect(51, 1838 - 1029, 1571); packageName: ai.sven.companion; className: android.view.ViewGroup; text: null; error: null; maxTextLength: -1; stateDescription: null; contentDescription: Hold to Talk; tooltipText: null; viewIdResName: null; uniqueId: null; checkable: false; checked: false; focusable: true; focused: false; selected: false; clickable: true; longClickable: false; contextClickable: false; enabled: true; password: false; scrollable: false; importantForAccessibility: true; visible: false; actions: [AccessibilityAction: ACTION_FOCUS - null, AccessibilityAction: ACTION_SELECT - null, AccessibilityAction: ACTION_CLEAR_SELECTION - null, AccessibilityAction: ACTION_CLICK - null, AccessibilityAction: ACTION_ACCESSIBILITY_FOCUS - null, AccessibilityAction: ACTION_SHOW_ON_SCREEN - null]; isTextSelectable: false
02-13 19:05:29.198  3632  3632 I AccessibilityNodeInfoDumper: Skipping invisible child: android.view.accessibility.AccessibilityNodeInfo@13601; boundsInParent: Rect(0, 0 - 978, 25); boundsInScreen: Rect(51, 1902 - 1029, 1571); packageName: ai.sven.companion; className: android.widget.TextView; text: Wake word: sven; error: null; maxTextLength: -1; stateDescription: null; contentDescription: null; tooltipText: null; viewIdResName: null; uniqueId: null; checkable: false; checked: false; focusable: false; focused: false; selected: false; clickable: false; longClickable: false; contextClickable: false; enabled: true; password: false; scrollable: false; importantForAccessibility: true; visible: false; actions: [AccessibilityAction: ACTION_SELECT - null, AccessibilityAction: ACTION_CLEAR_SELECTION - null, AccessibilityAction: ACTION_ACCESSIBILITY_FOCUS - null, AccessibilityAction: ACTION_NEXT_AT_MOVEMENT_GRANULARITY - null, AccessibilityAction: ACTION_PREVIOUS_AT_MOVEMENT_GRANULARITY - null, AccessibilityAction: ACTION_SET_SELECTION - null, AccessibilityAction: ACTION_SHOW_ON_SCREEN - null]; isTextSelectable: false
