02-13 19:03:40.223     0     0 I         : [3:         writer: 5676] Exynos9610-audio sound: vogue_dai_ops_hw_params: UAIF2-1: 0x12: hw_params: 2ch, 48000Hz, 7680bytes, 16bit (pcm_state: 0x00c0880)
02-13 19:03:40.223     0     0 I         : [3:         writer: 5676] tas2562 7-004c: tas2562_set_bitwidth 2
02-13 19:03:40.224     0     0 I         : [1:         writer: 5676] tas2562 7-004c: tas2562_iv_slot_config, 16
02-13 19:03:43.508  4198  5676 I audio_hw_proxy_9610: proxy-enable_spkamp_reference: SPKAMP Reference PCM Device(/dev/snd/pcmC0D12c) with SR(48000) PF(0) CC(2) is opened
02-13 19:03:40.225     0     0 I         : [1:         writer: 5676] tas2562 7-004c: mn_ch_size: 16
02-13 19:03:40.225     0     0 I         : [1:         writer: 5676] tas2562 7-004c: tas2562_hw_params, sample rate: 48000
02-13 19:03:40.226     0     0 I         : [0:         writer: 5676] Exynos9610-audio sound: vogue_dai_ops_hw_params: WDMA4-1: 0xc: hw_params: 2ch, 48000Hz, 7680bytes, 16bit (pcm_state: 0x00c1880)
02-13 19:03:43.511  4198  5676 I audio_hw_proxy_9610: proxy-enable_spkamp_reference: SPKAMP Reference PCM Device(/dev/snd/pcmC0D12c) with SR(48000) PF(0) CC(2) is started
02-13 19:03:43.512  4198  5676 I audio_hw_primary: fast_out-adev_set_route-1: routes to device(speaker) for usage(media)
02-13 19:03:43.513  4198  5676 I audio_hw_proxy_9610: fast_out-proxy_open_playback_stream: The opened PCM Device is /dev/snd/pcmC0D2p with Sampling_Rate(48000) PCM_Format(0)
02-13 19:03:43.513  4198  5676 I audio_hw_primary: fast_out-out_write: transited to Idle
02-13 19:03:40.231     0     0 I         : [2:         writer: 5676] Exynos9610-audio sound: exynos9610_rt5665_hw_params: BCLK Enable
02-13 19:03:40.231     0     0 I         : [2:         writer: 5676] Exynos9610-audio sound: exynos9610_rt5665_hw_params: uaifp_cnt 1, uaifc_cnt 0
02-13 19:03:40.231     0     0 I         : [2:         writer: 5676] Exynos9610-audio sound: exynos9610_rt5665_hw_params: UAIF0-0 2ch, 48000Hz, 16bit, 1536bytes (pcm_state: 0x00d1880)
02-13 19:03:40.231     0     0 I         : [2:         writer: 5676] Exynos9610-audio sound: vogue_dai_ops_hw_params: RDMA2-0: 0x2: hw_params: 2ch, 48000Hz, 1536bytes, 16bit (pcm_state: 0x00d1884)
02-13 19:03:43.519  4198  5676 I audio_hw_primary: fast_out-out_write: transited to Playing
02-13 19:03:43.527  5785  5785 I LatinIME: Starting input. Cursor position = 4,4
02-13 19:03:40.257     0     0 I         : [1:    kworker/1:2:10235] tas2562 7-004c: irq_work_routine
02-13 19:03:40.259     0     0 I         : [1:    kworker/1:2:10235] tas2562 7-004c: IRQ reg is: irq_work_routine 0, 724
02-13 19:03:40.259     0     0 I         : [1:    kworker/1:2:10235] tas2562 7-004c: IRQ reg is: irq_work_routine 0, 728
02-13 19:03:40.260     0     0 I         : [1:    kworker/1:2:10235] tas2562 7-004c: set ICN to -80dB
02-13 19:03:40.261     0     0 I         : [1:    kworker/1:2:10235] tas2562 7-004c: IRQ reg is: irq_work_routine, 0, 758
02-13 19:03:40.261     0     0 I         : [1:    kworker/1:2:10235] tas2562 7-004c: IRQ reg is: irq_work_routine 0, 762
02-13 19:03:43.550  5785  5988 E OpenGLRenderer: Unable to match the desired swap behavior.
02-13 19:03:43.726 26369 32441 I ReactNativeJS: 'pollDeviceToken: polling', { code: 'f85c6275cc5e0acb1f7b69f38fa2f3db20acd955f9ad5294',
02-13 19:03:43.726 26369 32441 I ReactNativeJS:   interval: 5,
02-13 19:03:43.726 26369 32441 I ReactNativeJS:   gatewayUrl: 'https://app.sven.example.com' }
02-13 19:03:43.786 26369 32441 I ReactNativeJS: 'pollDeviceToken: response', { success: true, data: { status: 'pending' } }
02-13 19:03:40.531     0     0 I [1:      watchdogd: 3957] softdog: softdog_ping: 30
02-13 19:03:44.052  9366  9373 E ocessService0:0: failed to create Unix domain socket: Operation not permitted
02-13 19:03:40.866     0     0 I [3:  kworker/u16:3:32647] fps_et7xx_work_func_debug: ldo: 0, sleep: 0, tz: 1, spi_value: 0x0, type: et7xx
02-13 19:03:45.581 26369 32441 I ReactNativeJS: 'pollDeviceToken: polling', { code: '9248f2a1c5671b9f853823f8446831724529bb0e81052514',
02-13 19:03:45.581 26369 32441 I ReactNativeJS:   interval: 5,
02-13 19:03:45.581 26369 32441 I ReactNativeJS:   gatewayUrl: 'https://app.sven.example.com' }
02-13 19:03:45.647 26369 32441 I ReactNativeJS: 'pollDeviceToken: response', { success: true, data: { status: 'pending' } }
02-13 19:03:45.882 26369 32441 I ReactNativeJS: 'pollDeviceToken: polling', { code: 'fc87d509526ca4c134c657237a249ac88fa474c6bd99a36d',
02-13 19:03:45.882 26369 32441 I ReactNativeJS:   interval: 5,
02-13 19:03:45.882 26369 32441 I ReactNativeJS:   gatewayUrl: 'https://app.sven.example.com' }
02-13 19:03:45.938 26369 32441 I ReactNativeJS: 'pollDeviceToken: response', { success: true, data: { status: 'pending' } }
02-13 19:03:46.053  9366  9373 E ocessService0:0: failed to create Unix domain socket: Operation not permitted
02-13 19:03:46.614  4198  4198 I audio_hw_primary: fast_out-out_standby: transited to Idle
02-13 19:03:43.333     0     0 I         : [6:  binder:4198_2: 4198] Exynos9610-audio sound: vogue_dai_ops_hw_free: RDMA2-0 (pcm_state: 0x00d1880)
02-13 19:03:43.333     0     0 I         : [6:  binder:4198_2: 4198] Exynos9610-audio sound: exynos9610_rt5665_hw_free: UAIF0-0 (pcm_state: 0x00c1880)
02-13 19:03:43.333     0     0 I         : [6:  binder:4198_2: 4198] Exynos9610-audio sound: exynos9610_rt5665_hw_free: BCLK Disable
02-13 19:03:43.333     0     0 I         : [6:  binder:4198_2: 4198] Exynos9610-audio sound: exynos9610_rt5665_hw_free: uaifp_cnt 0, uaifc_cnt 0
02-13 19:03:46.622  4198  4198 I audio_hw_proxy_9610: fast_out-proxy_close_playback_stream: closed PCM Device
02-13 19:03:46.622  4198  4198 I audio_hw_primary: fast_out-out_standby: transited to Standby
02-13 19:03:46.622  4198  4198 I audio_hw_primary: fast_out-out_standby: try to unroute for standby
02-13 19:03:43.340     0     0 I         : [4:  binder:4198_2: 4198] Exynos9610-audio sound: vogue_dai_ops_hw_free: WDMA3-1 (pcm_state: 0x00c1080)
02-13 19:03:43.341     0     0 I         : [4:  binder:4198_2: 4198] Exynos9610-audio sound: vogue_dai_ops_hw_free: UAIF4-1 (pcm_state: 0x0041080)
02-13 19:03:46.628  4198  4198 I audio_hw_proxy_9610: proxy-disable_erap_in: ERAP In PCM Device(/dev/snd/pcmC0D11c) is stopped & closed!
02-13 19:03:43.345     0     0 I         : [4:  binder:4198_2: 4198] Exynos9610-audio sound: vogue_dai_ops_hw_free: WDMA4-1 (pcm_state: 0x0040080)
02-13 19:03:43.345     0     0 I         : [4:  binder:4198_2: 4198] Exynos9610-audio sound: vogue_dai_ops_hw_free: UAIF2-1 (pcm_state: 0x0000080)
02-13 19:03:46.633  4198  4198 I audio_hw_proxy_9610: proxy-disable_spkamp_reference: SPKAMP Reference PCM Device(/dev/snd/pcmC0D12c) is stopped & closed!
02-13 19:03:43.351     0     0 I         : [4:  binder:4198_2: 4198] Exynos9610-audio sound: vogue_dai_ops_hw_free: RDMA7-0 (pcm_state: 0x0000000)
02-13 19:03:43.351     0     0 I         : [4:  binder:4198_2: 4198] tas2562 7-004c: set power state: 2
02-13 19:03:43.351     0     0 I         : [4:  binder:4198_2: 4198] tas2562 7-004c: cancel timer
02-13 19:03:43.378     0     0 E         : I[0:      swapper/0:    0] [SYNC_IPC] abox_synchronized_ipc_handler: unknown response type, RES_ID = 1234
02-13 19:03:43.378     0     0 E [4:  binder:4198_2: 4198] [TI-SmartPA: tas25xx_update_big_data] Emax[0] 48834927(00.02), Tmax[0] 33, EOcount[0] 0, TOcount[0] 0
02-13 19:03:43.378     0     0 I         : [4:  binder:4198_2: 4198] Exynos9610-audio sound: vogue_dai_ops_hw_free: UAIF2-0 (pcm_state: 0x0000000)
02-13 19:03:46.666  4198  4198 I audio_hw_proxy_9610: proxy-disable_spkamp_playback: SPKAMP Playback PCM Device(/dev/snd/pcmC0D7p) is stopped & closed!
02-13 19:03:46.667  4198  4198 I audio_route: > audio_route_update_path + : "media-speaker" reverse(1)
02-13 19:03:46.667  4198  4198 I audio_route: > audio_route_update_path + : path length = 10
02-13 19:03:43.383     0     0 I         : [4:  binder:4198_2: 4198] Exynos9610-audio sound: vogue_speaker ev: 4
02-13 19:03:43.383     0     0 I         : [4:  binder:4198_2: 4198] tas2562 7-004c: SND_SOC_DAPM_PRE_PMD
02-13 19:03:46.674  4198  4198 I audio_hw_proxy_9610: proxy-reset_route: unrouted media-speaker
02-13 19:03:46.674  4198  4198 I audio_route: > audio_route_update_path + : "gain-media-speaker" reverse(1)
02-13 19:03:46.675  4198  4198 I audio_route: > audio_route_update_path + : path length = 0
02-13 19:03:46.675  4198  4198 I audio_hw_proxy_9610: proxy-reset_route: reset gain gain-media-speaker
02-13 19:03:46.675  4198  4198 I audio_hw_primary: fast_out-adev_set_route-1: unroutes to device(speaker) for usage(media)
02-13 19:03:43.392     0     0 I         : [4:  binder:4198_2: 4198] tas2562 7-004c: tas2562_get_left_speaker_switch, p_u_control = 0
02-13 19:03:43.392     0     0 I         : [4:  binder:4198_2: 4198] tas2562 7-004c: tas2562_set_left_speaker_switch, spk_l_control = 1
02-13 19:03:48.053  9366  9373 E ocessService0:0: failed to create Unix domain socket: Operation not permitted
02-13 19:03:48.390 26369 32441 I ReactNativeJS: 'pollDeviceToken: polling', { code: '453146fa2ffbd806913d1f7d02529180848c1b4384bac650',
02-13 19:03:48.390 26369 32441 I ReactNativeJS:   interval: 5,
02-13 19:03:48.390 26369 32441 I ReactNativeJS:   gatewayUrl: 'https://app.sven.example.com' }
02-13 19:03:48.449 26369 32441 I ReactNativeJS: 'pollDeviceToken: response', { success: true, data: { status: 'pending' } }
02-13 19:03:48.696  3374  3374 I AndroidRuntime: Using default boot image
02-13 19:03:48.696  3374  3374 I AndroidRuntime: Leaving lock profiling enabled
02-13 19:03:48.700  3374  3374 W app_process: ART APEX data files are untrusted.
02-13 19:03:48.700  3374  3374 I app_process: Core platform API reporting enabled, enforcing=false
02-13 19:03:45.421     0     0 W [1:       wificond: 4387] slsi_mlme_get_sinfo_mib: 2 callbacks suppressed
02-13 19:03:48.805 26369 32441 I ReactNativeJS: 'pollDeviceToken: polling', { code: 'f85c6275cc5e0acb1f7b69f38fa2f3db20acd955f9ad5294',
02-13 19:03:48.805 26369 32441 I ReactNativeJS:   interval: 5,
02-13 19:03:48.805 26369 32441 I ReactNativeJS:   gatewayUrl: 'https://app.sven.example.com' }
02-13 19:03:48.846 26369 32441 I ReactNativeJS: 'pollDeviceToken: response', { success: true, data: { status: 'pending' } }
02-13 19:03:48.877  3374  3374 W app_process: ClassLoaderContext classpath size mismatch. expected=0, found=1 (PCL[] | PCL[/system/framework/android.test.runner.jar*2555718838])
02-13 19:03:45.629     0     0 I [5:           main: 3374] binder: 3374:3374 ioctl 40046210 7fd26e14c0 returned -22
02-13 19:03:48.927  4571 10562 W WindowMagnificationMgr: requestConnection duplicated request: connect=false, mConnectionState=DISCONNECTED
02-13 19:03:48.930  4571 10561 W WindowMagnificationMgr: requestConnection duplicated request: connect=false, mConnectionState=DISCONNECTED
02-13 19:03:48.953  4302  4352 W TransactionTracing: Could not find layer handle 0x77e74cb250
02-13 19:03:49.951  3374  3374 W libc    : Access denied finding property "qemu.sf.lcd_density"
02-13 19:03:49.952  3374  3374 W libc    : Access denied finding property "qemu.sf.lcd_density"
02-13 19:03:49.966  5805  6083 W MediaProvider: isAppCloneUserPair failed. Users: 0 and 0
02-13 19:03:49.966  5805  6083 W MediaProvider: isAppCloneUserPair for user 0: false
02-13 19:03:50.007  3374  3374 I AccessibilityNodeInfoDumper: Skipping invisible child: android.view.accessibility.AccessibilityNodeInfo@126fd; boundsInParent: Rect(0, 0 - 141, 25); boundsInScreen: Rect(51, 1619 - 192, 1571); packageName: ai.sven.companion; className: android.widget.TextView; text: Mute microphone; error: null; maxTextLength: -1; stateDescription: null; contentDescription: null; tooltipText: null; viewIdResName: null; uniqueId: null; checkable: false; checked: false; focusable: false; focused: false; selected: false; clickable: false; longClickable: false; contextClickable: false; enabled: true; password: false; scrollable: false; importantForAccessibility: true; visible: false; actions: [AccessibilityAction: ACTION_SELECT - null, AccessibilityAction: ACTION_CLEAR_SELECTION - null, AccessibilityAction: ACTION_ACCESSIBILITY_FOCUS - null, AccessibilityAction: ACTION_NEXT_AT_MOVEMENT_GRANULARITY - null, AccessibilityAction: ACTION_PREVIOUS_AT_MOVEMENT_GRANULARITY - null, AccessibilityAction: ACTION_SET_SELECTION - null, AccessibilityAction: ACTION_SHOW_ON_SCREEN - null]; isTextSelectable: false
02-13 19:03:50.008  3374  3374 I AccessibilityNodeInfoDumper: Skipping invisible child: android.view.accessibility.AccessibilityNodeInfo@12abe; boundsInParent: Rect(0, 0 - 88, 50); boundsInScreen: Rect(940, 1603 - 1028, 1571); packageName: ai.sven.companion; className: android.widget.Switch; text: null; error: null; maxTextLength: -1; stateDescription: OFF; contentDescription: null; tooltipText: null; viewIdResName: null; uniqueId: null; checkable: true; checked: false; focusable: true; focused: false; selected: false; clickable: true; longClickable: false; contextClickable: false; enabled: true; password: false; scrollable: false; importantForAccessibility: true; visible: false; actions: [AccessibilityAction: ACTION_FOCUS - null, AccessibilityAction: ACTION_SELECT - null, AccessibilityAction: ACTION_CLEAR_SELECTION - null, AccessibilityAction: ACTION_CLICK - null, AccessibilityAction: ACTION_ACCESSIBILITY_FOCUS - null, AccessibilityAction: ACTION_SHOW_ON_SCREEN - null]; isTextSelectable: false
02-13 19:03:50.009  3374  3374 I AccessibilityNodeInfoDumper: Skipping invisible child: android.view.accessibility.AccessibilityNodeInfo@12e7f; boundsInParent: Rect(0, 0 - 978, 56); boundsInScreen: Rect(51, 1664 - 1029, 1571); packageName: ai.sven.companion; className: android.view.ViewGroup; text: null; error: null; maxTextLength: -1; stateDescription: null; contentDescription: Hold to Talk; tooltipText: null; viewIdResName: null; uniqueId: null; checkable: false; checked: false; focusable: true; focused: false; selected: false; clickable: true; longClickable: false; contextClickable: false; enabled: true; password: false; scrollable: false; importantForAccessibility: true; visible: false; actions: [AccessibilityAction: ACTION_FOCUS - null, AccessibilityAction: ACTION_SELECT - null, AccessibilityAction: ACTION_CLEAR_SELECTION - null, AccessibilityAction: ACTION_CLICK - null, AccessibilityAction: ACTION_ACCESSIBILITY_FOCUS - null, AccessibilityAction: ACTION_SHOW_ON_SCREEN - null]; isTextSelectable: false
02-13 19:03:50.009  3374  3374 I AccessibilityNodeInfoDumper: Skipping invisible child: android.view.accessibility.AccessibilityNodeInfo@13601; boundsInParent: Rect(0, 0 - 978, 25); boundsInScreen: Rect(51, 1728 - 1029, 1571); packageName: ai.sven.companion; className: android.widget.TextView; text: Wake word: sven; error: null; maxTextLength: -1; stateDescription: null; contentDescription: null; tooltipText: null; viewIdResName: null; uniqueId: null; checkable: false; checked: false; focusable: false; focused: false; selected: false; clickable: false; longClickable: false; contextClickable: false; enabled: true; password: false; scrollable: false; importantForAccessibility: true; visible: false; actions: [AccessibilityAction: ACTION_SELECT - null, AccessibilityAction: ACTION_CLEAR_SELECTION - null, AccessibilityAction: ACTION_ACCESSIBILITY_FOCUS - null, AccessibilityAction: ACTION_NEXT_AT_MOVEMENT_GRANULARITY - null, AccessibilityAction: ACTION_PREVIOUS_AT_MOVEMENT_GRANULARITY - null, AccessibilityAction: ACTION_SET_SELECTION - null, AccessibilityAction: ACTION_SHOW_ON_SCREEN - null]; isTextSelectable: false
02-13 19:03:50.010  3374  3374 I AccessibilityNodeInfoDumper: Skipping invisible child: android.view.accessibility.AccessibilityNodeInfo@139c2; boundsInParent: Rect(0, 0 - 978, 326); boundsInScreen: Rect(51, 1771 - 1029, 1571); packageName: ai.sven.companion; className: android.view.ViewGroup; text: null; error: null; maxTextLength: -1; stateDescription: null; contentDescription: null; tooltipText: null; viewIdResName: null; uniqueId: null; checkable: false; checked: false; focusable: false; focused: false; selected: false; clickable: false; longClickable: false; contextClickable: false; enabled: true; password: false; scrollable: false; importantForAccessibility: false; visible: false; actions: [AccessibilityAction: ACTION_SELECT - null, AccessibilityAction: ACTION_CLEAR_SELECTION - null, AccessibilityAction: ACTION_ACCESSIBILITY_FOCUS - null, AccessibilityAction: ACTION_SHOW_ON_SCREEN - null]; isTextSelectable: false
02-13 19:03:50.010  3374  3374 I AccessibilityNodeInfoDumper: Skipping invisible child: android.view.accessibility.AccessibilityNodeInfo@16a8f; boundsInParent: Rect(0, 0 - 1022, 149); boundsInScreen: Rect(29, 2137 - 1051, 1571); packageName: ai.sven.companion; className: android.view.ViewGroup; text: null; error: null; maxTextLength: -1; stateDescription: null; contentDescription: null; tooltipText: null; viewIdResName: null; uniqueId: null; checkable: false; checked: false; focusable: false; focused: false; selected: false; clickable: false; longClickable: false; contextClickable: false; enabled: true; password: false; scrollable: false; importantForAccessibility: false; visible: false; actions: [AccessibilityAction: ACTION_SELECT - null, AccessibilityAction: ACTION_CLEAR_SELECTION - null, AccessibilityAction: ACTION_ACCESSIBILITY_FOCUS - null, AccessibilityAction: ACTION_SHOW_ON_SCREEN - null]; isTextSelectable: false
02-13 19:03:50.011  3374  3374 I AccessibilityNodeInfoDumper: Skipping invisible child: android.view.accessibility.AccessibilityNodeInfo@17993; boundsInParent: Rect(0, 0 - 1022, 117); boundsInScreen: Rect(29, 2305 - 1051, 1571); packageName: ai.sven.companion; className: android.view.ViewGroup; text: null; error: null; maxTextLength: -1; stateDescription: null; contentDescription: null; tooltipText: null; viewIdResName: null; uniqueId: null; checkable: false; checked: false; focusable: false; focused: false; selected: false; clickable: false; longClickable: false; contextClickable: false; enabled: true; password: false; scrollable: false; importantForAccessibility: false; visible: false; actions: [AccessibilityAction: ACTION_SELECT - null, AccessibilityAction: ACTION_CLEAR_SELECTION - null, AccessibilityAction: ACTION_ACCESSIBILITY_FOCUS - null, AccessibilityAction: ACTION_SHOW_ON_SCREEN - null]; isTextSelectable: false
02-13 19:03:50.011  3374  3374 I AccessibilityNodeInfoDumper: Skipping invisible child: android.view.accessibility.AccessibilityNodeInfo@184d6; boundsInParent: Rect(0, 0 - 1022, 118); boundsInScreen: Rect(29, 2440 - 1051, 1571); packageName: ai.sven.companion; className: android.view.ViewGroup; text: null; error: null; maxTextLength: -1; stateDescription: null; contentDescription: null; tooltipText: null; viewIdResName: null; uniqueId: null; checkable: false; checked: false; focusable: false; focused: false; selected: false; clickable: false; longClickable: false; contextClickable: false; enabled: true; password: false; scrollable: false; importantForAccessibility: false; visible: false; actions: [AccessibilityAction: ACTION_SELECT - null, AccessibilityAction: ACTION_CLEAR_SELECTION - null, AccessibilityAction: ACTION_ACCESSIBILITY_FOCUS - null, AccessibilityAction: ACTION_SHOW_ON_SCREEN - null]; isTextSelectable: false
02-13 19:03:50.015  3374  3374 W AccessibilityNodeInfoDumper: Fetch time: 59ms
02-13 19:03:50.028  4571 10561 W WindowMagnificationMgr: requestConnection duplicated request: connect=false, mConnectionState=DISCONNECTED
02-13 19:03:50.034  4571  4571 W WindowMagnificationMgr: requestConnection duplicated request: connect=false, mConnectionState=DISCONNECTED
02-13 19:03:46.750     0     0 I [0:    uiautomator: 3374] binder: 3374:3374 ioctl 40046210 7fd26e16a4 returned -22
02-13 19:03:50.039  4302  4352 W TransactionTracing: Could not find layer handle 0x77e74cbbb0
02-13 19:03:50.054  9366  9373 E ocessService0:0: failed to create Unix domain socket: Operation not permitted
02-13 19:03:50.662 26369 32441 I ReactNativeJS: 'pollDeviceToken: polling', { code: '9248f2a1c5671b9f853823f8446831724529bb0e81052514',
02-13 19:03:50.662 26369 32441 I ReactNativeJS:   interval: 5,
02-13 19:03:50.662 26369 32441 I ReactNativeJS:   gatewayUrl: 'https://app.sven.example.com' }
02-13 19:03:50.724 26369 32441 I ReactNativeJS: 'pollDeviceToken: response', { success: true, data: { status: 'pending' } }
02-13 19:03:50.946 26369 32441 I ReactNativeJS: 'pollDeviceToken: polling', { code: 'fc87d509526ca4c134c657237a249ac88fa474c6bd99a36d',
02-13 19:03:50.946 26369 32441 I ReactNativeJS:   interval: 5,
02-13 19:03:50.946 26369 32441 I ReactNativeJS:   gatewayUrl: 'https://app.sven.example.com' }
02-13 19:03:51.005 26369 32441 I ReactNativeJS: 'pollDeviceToken: response', { success: true, data: { status: 'pending' } }
02-13 19:03:52.055  9366  9373 E ocessService0:0: failed to create Unix domain socket: Operation not permitted
02-13 19:03:53.470 26369 32441 I ReactNativeJS: 'pollDeviceToken: polling', { code: '453146fa2ffbd806913d1f7d02529180848c1b4384bac650',
02-13 19:03:53.470 26369 32441 I ReactNativeJS:   interval: 5,
02-13 19:03:53.470 26369 32441 I ReactNativeJS:   gatewayUrl: 'https://app.sven.example.com' }
02-13 19:03:53.538 26369 32441 I ReactNativeJS: 'pollDeviceToken: response', { success: true, data: { status: 'pending' } }
02-13 19:03:50.531     0     0 I [3:      watchdogd: 3957] softdog: softdog_ping: 30
02-13 19:03:53.855 26369 32441 I ReactNativeJS: 'pollDeviceToken: polling', { code: 'f85c6275cc5e0acb1f7b69f38fa2f3db20acd955f9ad5294',
02-13 19:03:53.855 26369 32441 I ReactNativeJS:   interval: 5,
02-13 19:03:53.855 26369 32441 I ReactNativeJS:   gatewayUrl: 'https://app.sven.example.com' }
02-13 19:03:53.912 26369 32441 I ReactNativeJS: 'pollDeviceToken: response', { success: true, data: { status: 'pending' } }
02-13 19:03:54.056  9366  9373 E ocessService0:0: failed to create Unix domain socket: Operation not permitted
02-13 19:03:51.469     0     0 W [1:       wificond: 4387] slsi_mlme_get_sinfo_mib: 2 callbacks suppressed
02-13 19:03:51.874     0     0 I [0:  kworker/u16:0:32646] fps_et7xx_work_func_debug: ldo: 0, sleep: 0, tz: 1, spi_value: 0x0, type: et7xx
02-13 19:03:55.744 26369 32441 I ReactNativeJS: 'pollDeviceToken: polling', { code: '9248f2a1c5671b9f853823f8446831724529bb0e81052514',
02-13 19:03:55.744 26369 32441 I ReactNativeJS:   interval: 5,
02-13 19:03:55.744 26369 32441 I ReactNativeJS:   gatewayUrl: 'https://app.sven.example.com' }
02-13 19:03:55.797 26369 32441 I ReactNativeJS: 'pollDeviceToken: response', { success: true, data: { status: 'pending' } }
02-13 19:03:56.028 26369 32441 I ReactNativeJS: 'pollDeviceToken: polling', { code: 'fc87d509526ca4c134c657237a249ac88fa474c6bd99a36d',
02-13 19:03:56.028 26369 32441 I ReactNativeJS:   interval: 5,
02-13 19:03:56.028 26369 32441 I ReactNativeJS:   gatewayUrl: 'https://app.sven.example.com' }
02-13 19:03:56.057  9366  9373 E ocessService0:0: failed to create Unix domain socket: Operation not permitted
02-13 19:03:56.084 26369 32441 I ReactNativeJS: 'pollDeviceToken: response', { success: true, data: { status: 'pending' } }
02-13 19:03:58.057  9366  9373 E ocessService0:0: failed to create Unix domain socket: Operation not permitted
02-13 19:03:58.551 26369 32441 I ReactNativeJS: 'pollDeviceToken: polling', { code: '453146fa2ffbd806913d1f7d02529180848c1b4384bac650',
02-13 19:03:58.551 26369 32441 I ReactNativeJS:   interval: 5,
02-13 19:03:58.551 26369 32441 I ReactNativeJS:   gatewayUrl: 'https://app.sven.example.com' }
02-13 19:03:58.615 26369 32441 I ReactNativeJS: 'pollDeviceToken: response', { success: true, data: { status: 'pending' } }
02-13 19:03:58.919 26369 32441 I ReactNativeJS: 'pollDeviceToken: polling', { code: 'f85c6275cc5e0acb1f7b69f38fa2f3db20acd955f9ad5294',
02-13 19:03:58.919 26369 32441 I ReactNativeJS:   interval: 5,
02-13 19:03:58.919 26369 32441 I ReactNativeJS:   gatewayUrl: 'https://app.sven.example.com' }
02-13 19:03:58.978 26369 32441 I ReactNativeJS: 'pollDeviceToken: response', { success: true, data: { status: 'pending' } }
02-13 19:04:00.025 31141 31169 I Finsky:background: [25286] Stats for Executor: bgExecutor uww@a292d85[Running, pool size = 4, active threads = 0, queued tasks = 0, completed tasks = 26]
02-13 19:04:00.058  9366  9373 E ocessService0:0: failed to create Unix domain socket: Operation not permitted
02-13 19:04:00.074 31141 31169 I Finsky:background: [25286] Stats for Executor: LightweightExecutor uww@94517da[Running, pool size = 4, active threads = 0, queued tasks = 0, completed tasks = 13]
02-13 19:04:00.282 31141 31169 I Finsky:background: [25286] Stats for Executor: BlockingExecutor uww@c4bc40b[Running, pool size = 0, active threads = 0, queued tasks = 0, completed tasks = 18]
02-13 19:03:57.514     0     0 W [1:       wificond: 4387] slsi_mlme_get_sinfo_mib: 2 callbacks suppressed
02-13 19:04:00.807 26369 32441 I ReactNativeJS: 'pollDeviceToken: polling', { code: '9248f2a1c5671b9f853823f8446831724529bb0e81052514',
02-13 19:04:00.807 26369 32441 I ReactNativeJS:   interval: 5,
02-13 19:04:00.807 26369 32441 I ReactNativeJS:   gatewayUrl: 'https://app.sven.example.com' }
02-13 19:04:00.870 26369 32441 I ReactNativeJS: 'pollDeviceToken: response', { success: true, data: { status: 'pending' } }
02-13 19:04:01.092 26369 32441 I ReactNativeJS: 'pollDeviceToken: polling', { code: 'fc87d509526ca4c134c657237a249ac88fa474c6bd99a36d',
02-13 19:04:01.092 26369 32441 I ReactNativeJS:   interval: 5,
02-13 19:04:01.092 26369 32441 I ReactNativeJS:   gatewayUrl: 'https://app.sven.example.com' }
02-13 19:04:01.149 26369 32441 I ReactNativeJS: 'pollDeviceToken: response', { success: true, data: { status: 'pending' } }
02-13 19:04:01.673  4302  4352 W TransactionTracing: Could not find layer id -1
02-13 19:04:02.059  9366  9373 E ocessService0:0: failed to create Unix domain socket: Operation not permitted
02-13 19:04:03.632 26369 32441 I ReactNativeJS: 'pollDeviceToken: polling', { code: '453146fa2ffbd806913d1f7d02529180848c1b4384bac650',
02-13 19:04:03.632 26369 32441 I ReactNativeJS:   interval: 5,
02-13 19:04:03.632 26369 32441 I ReactNativeJS:   gatewayUrl: 'https://app.sven.example.com' }
02-13 19:04:03.697 26369 32441 I ReactNativeJS: 'pollDeviceToken: response', { success: true, data: { status: 'pending' } }
02-13 19:04:00.532     0     0 I [3:      watchdogd: 3957] softdog: softdog_ping: 30
02-13 19:04:04.000 26369 32441 I ReactNativeJS: 'pollDeviceToken: polling', { code: 'f85c6275cc5e0acb1f7b69f38fa2f3db20acd955f9ad5294',
02-13 19:04:04.000 26369 32441 I ReactNativeJS:   interval: 5,
02-13 19:04:04.000 26369 32441 I ReactNativeJS:   gatewayUrl: 'https://app.sven.example.com' }
02-13 19:04:04.059  9366  9373 E ocessService0:0: failed to create Unix domain socket: Operation not permitted
02-13 19:04:04.062 26369 32441 I ReactNativeJS: 'pollDeviceToken: response', { success: true, data: { status: 'pending' } }
02-13 19:04:05.887 26369 32441 I ReactNativeJS: 'pollDeviceToken: polling', { code: '9248f2a1c5671b9f853823f8446831724529bb0e81052514',
02-13 19:04:05.887 26369 32441 I ReactNativeJS:   interval: 5,
02-13 19:04:05.887 26369 32441 I ReactNativeJS:   gatewayUrl: 'https://app.sven.example.com' }
02-13 19:04:05.947 26369 32441 I ReactNativeJS: 'pollDeviceToken: response', { success: true, data: { status: 'pending' } }
02-13 19:04:06.060  9366  9373 E ocessService0:0: failed to create Unix domain socket: Operation not permitted
02-13 19:04:06.156 26369 32441 I ReactNativeJS: 'pollDeviceToken: polling', { code: 'fc87d509526ca4c134c657237a249ac88fa474c6bd99a36d',
02-13 19:04:06.156 26369 32441 I ReactNativeJS:   interval: 5,
02-13 19:04:06.156 26369 32441 I ReactNativeJS:   gatewayUrl: 'https://app.sven.example.com' }
02-13 19:04:02.886     0     0 I [3:  kworker/u16:2:31005] fps_et7xx_work_func_debug: ldo: 0, sleep: 0, tz: 1, spi_value: 0x0, type: et7xx
02-13 19:04:06.236 26369 32441 I ReactNativeJS: 'pollDeviceToken: response', { success: true, data: { status: 'pending' } }
02-13 19:04:03.564     0     0 W [3:       wificond: 4387] slsi_mlme_get_sinfo_mib: 2 callbacks suppressed
02-13 19:04:08.061  9366  9373 E ocessService0:0: failed to create Unix domain socket: Operation not permitted
02-13 19:04:08.713 26369 32441 I ReactNativeJS: 'pollDeviceToken: polling', { code: '453146fa2ffbd806913d1f7d02529180848c1b4384bac650',
02-13 19:04:08.713 26369 32441 I ReactNativeJS:   interval: 5,
02-13 19:04:08.713 26369 32441 I ReactNativeJS:   gatewayUrl: 'https://app.sven.example.com' }
02-13 19:04:08.777 26369 32441 I ReactNativeJS: 'pollDeviceToken: response', { success: true, data: { status: 'pending' } }
02-13 19:04:09.081 26369 32441 I ReactNativeJS: 'pollDeviceToken: polling', { code: 'f85c6275cc5e0acb1f7b69f38fa2f3db20acd955f9ad5294',
02-13 19:04:09.081 26369 32441 I ReactNativeJS:   interval: 5,
02-13 19:04:09.081 26369 32441 I ReactNativeJS:   gatewayUrl: 'https://app.sven.example.com' }
02-13 19:04:09.138 26369 32441 I ReactNativeJS: 'pollDeviceToken: response', { success: true, data: { status: 'pending' } }
02-13 19:04:05.956     0     0 I         : [0:    kworker/0:2:18142] sm5713_muic_debug_reg_log DEV_TYPE[0x08 0x00] CNTL:0x34 MAN_SW:0x09 AFC_CNTL:0x00 AFC_TXD:0x00 AFC_STATUS:0x00 VBUS_VOL[0x00 0x00] attached_dev:2
02-13 19:04:05.957     0     0 I         : [0:    kworker/0:0:28483] sm5713_usbpd_debug_reg_log SYS_CT:0x1d CR_CT[4:0x92 5:0x00] CC_ST:0x21 CC_CT[1:0x80 3:0x80 7:0x00] PD_CT[1:0x03 4:0x00] RX_BUF_ST:0x04 PD_ST[0:0x04 3:0x00 4:0x07 5:0x03]
02-13 19:04:10.062  9366  9373 E ocessService0:0: failed to create Unix domain socket: Operation not permitted
02-13 19:04:07.280     0     0 W [2:android.hardwar: 4220] healthd: battery l=100 v=4312 t=31.4 h=2 st=5 c=0 fc=4000000 chg=u
02-13 19:04:10.970 26369 32441 I ReactNativeJS: 'pollDeviceToken: polling', { code: '9248f2a1c5671b9f853823f8446831724529bb0e81052514',
02-13 19:04:10.970 26369 32441 I ReactNativeJS:   interval: 5,
02-13 19:04:10.970 26369 32441 I ReactNativeJS:   gatewayUrl: 'https://app.sven.example.com' }
02-13 19:04:11.033 26369 32441 I ReactNativeJS: 'pollDeviceToken: response', { success: true, data: { status: 'pending' } }
02-13 19:04:11.252 26369 32441 I ReactNativeJS: 'pollDeviceToken: polling', { code: 'fc87d509526ca4c134c657237a249ac88fa474c6bd99a36d',
02-13 19:04:11.252 26369 32441 I ReactNativeJS:   interval: 5,
02-13 19:04:11.252 26369 32441 I ReactNativeJS:   gatewayUrl: 'https://app.sven.example.com' }
02-13 19:04:11.309 26369 32441 I ReactNativeJS: 'pollDeviceToken: response', { success: true, data: { status: 'pending' } }
02-13 19:04:12.063  9366  9373 E ocessService0:0: failed to create Unix domain socket: Operation not permitted
02-13 19:04:09.602     0     0 W [1:       wificond: 4387] slsi_mlme_get_sinfo_mib: 2 callbacks suppressed
02-13 19:04:10.204     0     0 E [3:  kworker/u16:5:24033] sec_bat_get_battery_info: Fail to set psy ((null))
02-13 19:04:10.205     0     0 I         : [3:  kworker/u16:5:24033] sec-battery battery: sec_bat_get_value_by_adc:[2] Temp(314), Temp-ADC(1754)
02-13 19:04:10.207     0     0 I         : [3:  kworker/u16:5:24033] sec-battery battery: sec_bat_get_value_by_adc:[6] Temp(316), Temp-ADC(1671)
02-13 19:04:10.208     0     0 I         : [3:  kworker/u16:5:24033] sm5713-charger sm5713-charger: psy_chg_get_status: STATUS1(0x01), STATUS2(0x20), STATUS3(0x00)
02-13 19:04:10.218     0     0 I         : [3:  kworker/u16:5:24033] sec-battery battery: sec_bat_check_recharge: recharging voltage (4280)
02-13 19:04:10.220     0     0 I         : [3:  kworker/u16:5:24033] sec-battery battery: sec_bat_set_polling: Polling time 30/30 sec.
02-13 19:04:10.227     0     0 W [1:android.hardwar: 4220] healthd: battery l=100 v=4312 t=31.4 h=2 st=5 c=0 fc=4000000 chg=u
02-13 19:04:13.795 26369 32441 I ReactNativeJS: 'pollDeviceToken: polling', { code: '453146fa2ffbd806913d1f7d02529180848c1b4384bac650',
02-13 19:04:13.795 26369 32441 I ReactNativeJS:   interval: 5,
02-13 19:04:13.795 26369 32441 I ReactNativeJS:   gatewayUrl: 'https://app.sven.example.com' }
02-13 19:04:10.532     0     0 I [1:      watchdogd: 3957] softdog: softdog_ping: 30
02-13 19:04:13.854 26369 32441 I ReactNativeJS: 'pollDeviceToken: response', { success: true, data: { status: 'pending' } }
02-13 19:04:14.064  9366  9373 E ocessService0:0: failed to create Unix domain socket: Operation not permitted
02-13 19:04:14.146 26369 32441 I ReactNativeJS: 'pollDeviceToken: polling', { code: 'f85c6275cc5e0acb1f7b69f38fa2f3db20acd955f9ad5294',
02-13 19:04:14.146 26369 32441 I ReactNativeJS:   interval: 5,
02-13 19:04:14.146 26369 32441 I ReactNativeJS:   gatewayUrl: 'https://app.sven.example.com' }
02-13 19:04:14.203 26369 32441 I ReactNativeJS: 'pollDeviceToken: response', { success: true, data: { status: 'pending' } }
02-13 19:04:16.050 26369 32441 I ReactNativeJS: 'pollDeviceToken: polling', { code: '9248f2a1c5671b9f853823f8446831724529bb0e81052514',
02-13 19:04:16.050 26369 32441 I ReactNativeJS:   interval: 5,
02-13 19:04:16.050 26369 32441 I ReactNativeJS:   gatewayUrl: 'https://app.sven.example.com' }
02-13 19:04:16.064  9366  9373 E ocessService0:0: failed to create Unix domain socket: Operation not permitted
02-13 19:04:16.116 26369 32441 I ReactNativeJS: 'pollDeviceToken: response', { success: true, data: { status: 'pending' } }
02-13 19:04:16.318 26369 32441 I ReactNativeJS: 'pollDeviceToken: polling', { code: 'fc87d509526ca4c134c657237a249ac88fa474c6bd99a36d',
02-13 19:04:16.318 26369 32441 I ReactNativeJS:   interval: 5,
02-13 19:04:16.318 26369 32441 I ReactNativeJS:   gatewayUrl: 'https://app.sven.example.com' }
02-13 19:04:16.381 26369 32441 I ReactNativeJS: 'pollDeviceToken: response', { success: true, data: { status: 'pending' } }
02-13 19:04:13.890     0     0 I [3:  kworker/u16:1:28079] fps_et7xx_work_func_debug: ldo: 0, sleep: 0, tz: 1, spi_value: 0x0, type: et7xx
02-13 19:04:18.065  9366  9373 E ocessService0:0: failed to create Unix domain socket: Operation not permitted
02-13 19:04:18.867 28779 32337 I FusedLocation: location delivery to 10115/com.google.android.gms[earthquake_detection]/72946493 blocked - too close [CONTEXT service_id=6 ]
02-13 19:04:18.871 28779 32337 I FusedLocation: location delivery to 10115/com.google.android.gms[earthquake_alerting]/81efea4e blocked - too close [CONTEXT service_id=6 ]
02-13 19:04:18.875 26369 32441 I ReactNativeJS: 'pollDeviceToken: polling', { code: '453146fa2ffbd806913d1f7d02529180848c1b4384bac650',
02-13 19:04:18.875 26369 32441 I ReactNativeJS:   interval: 5,
02-13 19:04:18.875 26369 32441 I ReactNativeJS:   gatewayUrl: 'https://app.sven.example.com' }
02-13 19:04:18.916 28409 28771 W ConsentManagerApiServic: Consent Manager API is not enabled. [CONTEXT service_id=460 ]
02-13 19:04:18.926 26369 32441 I ReactNativeJS: 'pollDeviceToken: response', { success: true, data: { status: 'pending' } }
02-13 19:04:15.639     0     0 W [2:       wificond: 4387] slsi_mlme_get_sinfo_mib: 2 callbacks suppressed
02-13 19:04:18.938 28779  2950 I NetworkScheduler: Error inserting flex_time=300000 extras={"11854_is_tag_loggable":{"true":3}} job_id=-1 period=1800000 source=16 requires_charging=0 target_class=com.google.android.gms.findmydevice.spot.locationreporting.LocationReportUploadGmsTaskService user_id=0 target_package=com.google.android.gms tag=FMD_SPOT_LRUP task_type=0 required_idleness_state=0 service_kind=1 source_version=260235000 persistence_level=0 preferred_charging_state=1 required_network_type=0 runtime=1771002258936 retry_strategy={"maximum_backoff_seconds":{"3600":0},"initial_backoff_seconds":{"30":0},"retry_policy":{"0":0}} last_runtime=0 [CONTEXT service_id=218 ]
02-13 19:04:19.226 26369 32441 I ReactNativeJS: 'pollDeviceToken: polling', { code: 'f85c6275cc5e0acb1f7b69f38fa2f3db20acd955f9ad5294',
02-13 19:04:19.226 26369 32441 I ReactNativeJS:   interval: 5,
02-13 19:04:19.226 26369 32441 I ReactNativeJS:   gatewayUrl: 'https://app.sven.example.com' }
02-13 19:04:19.294 26369 32441 I ReactNativeJS: 'pollDeviceToken: response', { success: true, data: { status: 'pending' } }
02-13 19:04:20.066  9366  9373 E ocessService0:0: failed to create Unix domain socket: Operation not permitted
02-13 19:04:21.131 26369 32441 I ReactNativeJS: 'pollDeviceToken: polling', { code: '9248f2a1c5671b9f853823f8446831724529bb0e81052514',
02-13 19:04:21.131 26369 32441 I ReactNativeJS:   interval: 5,
02-13 19:04:21.131 26369 32441 I ReactNativeJS:   gatewayUrl: 'https://app.sven.example.com' }
02-13 19:04:21.190 26369 32441 I ReactNativeJS: 'pollDeviceToken: response', { success: true, data: { status: 'pending' } }
02-13 19:04:21.255  4571  4589 I GnssLocationProvider: WakeLock acquired by handleDownloadPsdsData()
02-13 19:04:21.256  4571  3431 E GnssPsdsDownloader: No Long-Term PSDS servers were specified in the GnssConfiguration
02-13 19:04:21.399 26369 32441 I ReactNativeJS: 'pollDeviceToken: polling', { code: 'fc87d509526ca4c134c657237a249ac88fa474c6bd99a36d',
02-13 19:04:21.399 26369 32441 I ReactNativeJS:   interval: 5,
02-13 19:04:21.399 26369 32441 I ReactNativeJS:   gatewayUrl: 'https://app.sven.example.com' }
02-13 19:04:21.455 26369 32441 I ReactNativeJS: 'pollDeviceToken: response', { success: true, data: { status: 'pending' } }
02-13 19:04:22.067  9366  9373 E ocessService0:0: failed to create Unix domain socket: Operation not permitted
02-13 19:04:20.533     0     0 I [3:      watchdogd: 3957] softdog: softdog_ping: 30
02-13 19:04:23.939 26369 32441 I ReactNativeJS: 'pollDeviceToken: polling', { code: '453146fa2ffbd806913d1f7d02529180848c1b4384bac650',
02-13 19:04:23.939 26369 32441 I ReactNativeJS:   interval: 5,
02-13 19:04:23.939 26369 32441 I ReactNativeJS:   gatewayUrl: 'https://app.sven.example.com' }
02-13 19:04:23.987 26369 32441 I ReactNativeJS: 'pollDeviceToken: response', { success: true, data: { status: 'pending' } }
02-13 19:04:24.068  9366  9373 E ocessService0:0: failed to create Unix domain socket: Operation not permitted
02-13 19:04:24.307 26369 32441 I ReactNativeJS: 'pollDeviceToken: polling', { code: 'f85c6275cc5e0acb1f7b69f38fa2f3db20acd955f9ad5294',
02-13 19:04:24.307 26369 32441 I ReactNativeJS:   interval: 5,
02-13 19:04:24.307 26369 32441 I ReactNativeJS:   gatewayUrl: 'https://app.sven.example.com' }
02-13 19:04:24.363 26369 32441 I ReactNativeJS: 'pollDeviceToken: response', { success: true, data: { status: 'pending' } }
02-13 19:04:21.676     0     0 W [0:       wificond: 4387] slsi_mlme_get_sinfo_mib: 2 callbacks suppressed
02-13 19:04:26.068  9366  9373 E ocessService0:0: failed to create Unix domain socket: Operation not permitted
02-13 19:04:26.212 26369 32441 I ReactNativeJS: 'pollDeviceToken: polling', { code: '9248f2a1c5671b9f853823f8446831724529bb0e81052514',
02-13 19:04:26.212 26369 32441 I ReactNativeJS:   interval: 5,
02-13 19:04:26.212 26369 32441 I ReactNativeJS:   gatewayUrl: 'https://app.sven.example.com' }
02-13 19:04:26.306 26369 32441 I ReactNativeJS: 'pollDeviceToken: response', { success: true, data: { status: 'pending' } }
02-13 19:04:26.463 26369 32441 I ReactNativeJS: 'pollDeviceToken: polling', { code: 'fc87d509526ca4c134c657237a249ac88fa474c6bd99a36d',
02-13 19:04:26.463 26369 32441 I ReactNativeJS:   interval: 5,
02-13 19:04:26.463 26369 32441 I ReactNativeJS:   gatewayUrl: 'https://app.sven.example.com' }
02-13 19:04:26.520 26369 32441 I ReactNativeJS: 'pollDeviceToken: response', { success: true, data: { status: 'pending' } }
02-13 19:04:28.069  9366  9373 E ocessService0:0: failed to create Unix domain socket: Operation not permitted
02-13 19:04:24.898     0     0 I [3:  kworker/u16:2:31005] fps_et7xx_work_func_debug: ldo: 0, sleep: 0, tz: 1, spi_value: 0x0, type: et7xx
02-13 19:04:29.003 26369 32441 I ReactNativeJS: 'pollDeviceToken: polling', { code: '453146fa2ffbd806913d1f7d02529180848c1b4384bac650',
02-13 19:04:29.003 26369 32441 I ReactNativeJS:   interval: 5,
02-13 19:04:29.003 26369 32441 I ReactNativeJS:   gatewayUrl: 'https://app.sven.example.com' }
02-13 19:04:29.065 26369 32441 I ReactNativeJS: 'pollDeviceToken: response', { success: true, data: { status: 'pending' } }
02-13 19:04:29.371 26369 32441 I ReactNativeJS: 'pollDeviceToken: polling', { code: 'f85c6275cc5e0acb1f7b69f38fa2f3db20acd955f9ad5294',
02-13 19:04:29.371 26369 32441 I ReactNativeJS:   interval: 5,
02-13 19:04:29.371 26369 32441 I ReactNativeJS:   gatewayUrl: 'https://app.sven.example.com' }
02-13 19:04:29.433 26369 32441 I ReactNativeJS: 'pollDeviceToken: response', { success: true, data: { status: 'pending' } }
02-13 19:04:30.070  9366  9373 E ocessService0:0: failed to create Unix domain socket: Operation not permitted
02-13 19:04:27.722     0     0 W [3:       wificond: 4387] slsi_mlme_get_sinfo_mib: 2 callbacks suppressed
02-13 19:04:31.327 26369 32441 I ReactNativeJS: 'pollDeviceToken: polling', { code: '9248f2a1c5671b9f853823f8446831724529bb0e81052514',
02-13 19:04:31.327 26369 32441 I ReactNativeJS:   interval: 5,
02-13 19:04:31.327 26369 32441 I ReactNativeJS:   gatewayUrl: 'https://app.sven.example.com' }
02-13 19:04:31.392 26369 32441 I ReactNativeJS: 'pollDeviceToken: response', { success: true, data: { status: 'pending' } }
02-13 19:04:31.528 26369 32441 I ReactNativeJS: 'pollDeviceToken: polling', { code: 'fc87d509526ca4c134c657237a249ac88fa474c6bd99a36d',
02-13 19:04:31.528 26369 32441 I ReactNativeJS:   interval: 5,
02-13 19:04:31.528 26369 32441 I ReactNativeJS:   gatewayUrl: 'https://app.sven.example.com' }
02-13 19:04:31.631 26369 32441 I ReactNativeJS: 'pollDeviceToken: response', { success: true, data: { status: 'pending' } }
02-13 19:04:32.071  9366  9373 E ocessService0:0: failed to create Unix domain socket: Operation not permitted
02-13 19:04:30.533     0     0 I [2:      watchdogd: 3957] softdog: softdog_ping: 30
02-13 19:04:34.071  9366  9373 E ocessService0:0: failed to create Unix domain socket: Operation not permitted
02-13 19:04:34.085 26369 32441 I ReactNativeJS: 'pollDeviceToken: polling', { code: '453146fa2ffbd806913d1f7d02529180848c1b4384bac650',
02-13 19:04:34.085 26369 32441 I ReactNativeJS:   interval: 5,
02-13 19:04:34.085 26369 32441 I ReactNativeJS:   gatewayUrl: 'https://app.sven.example.com' }
02-13 19:04:34.147 26369 32441 I ReactNativeJS: 'pollDeviceToken: response', { success: true, data: { status: 'pending' } }
02-13 19:04:34.453 26369 32441 I ReactNativeJS: 'pollDeviceToken: polling', { code: 'f85c6275cc5e0acb1f7b69f38fa2f3db20acd955f9ad5294',
02-13 19:04:34.453 26369 32441 I ReactNativeJS:   interval: 5,
02-13 19:04:34.453 26369 32441 I ReactNativeJS:   gatewayUrl: 'https://app.sven.example.com' }
02-13 19:04:34.509 26369 32441 I ReactNativeJS: 'pollDeviceToken: response', { success: true, data: { status: 'pending' } }
02-13 19:04:36.072  9366  9373 E ocessService0:0: failed to create Unix domain socket: Operation not permitted
02-13 19:04:36.408 26369 32441 I ReactNativeJS: 'pollDeviceToken: polling', { code: '9248f2a1c5671b9f853823f8446831724529bb0e81052514',
02-13 19:04:36.408 26369 32441 I ReactNativeJS:   interval: 5,
02-13 19:04:36.408 26369 32441 I ReactNativeJS:   gatewayUrl: 'https://app.sven.example.com' }
02-13 19:04:36.468 26369 32441 I ReactNativeJS: 'pollDeviceToken: response', { success: true, data: { status: 'pending' } }
02-13 19:04:36.642 26369 32441 I ReactNativeJS: 'pollDeviceToken: polling', { code: 'fc87d509526ca4c134c657237a249ac88fa474c6bd99a36d',
02-13 19:04:36.642 26369 32441 I ReactNativeJS:   interval: 5,
02-13 19:04:36.642 26369 32441 I ReactNativeJS:   gatewayUrl: 'https://app.sven.example.com' }
02-13 19:04:36.699 26369 32441 I ReactNativeJS: 'pollDeviceToken: response', { success: true, data: { status: 'pending' } }
02-13 19:04:33.759     0     0 W [0:       wificond: 4387] slsi_mlme_get_sinfo_mib: 2 callbacks suppressed
02-13 19:04:38.073  9366  9373 E ocessService0:0: failed to create Unix domain socket: Operation not permitted
02-13 19:04:38.914  4571  4589 I GnssLocationProvider: WakeLock acquired by handleDownloadPsdsData()
02-13 19:04:38.915  4571  3452 E GnssPsdsDownloader: No Long-Term PSDS servers were specified in the GnssConfiguration
02-13 19:04:39.166 26369 32441 I ReactNativeJS: 'pollDeviceToken: polling', { code: '453146fa2ffbd806913d1f7d02529180848c1b4384bac650',
02-13 19:04:39.166 26369 32441 I ReactNativeJS:   interval: 5,
02-13 19:04:39.166 26369 32441 I ReactNativeJS:   gatewayUrl: 'https://app.sven.example.com' }
02-13 19:04:35.905     0     0 I [2:  kworker/u16:5:24033] fps_et7xx_work_func_debug: ldo: 0, sleep: 0, tz: 1, spi_value: 0x0, type: et7xx
02-13 19:04:39.230 26369 32441 I ReactNativeJS: 'pollDeviceToken: response', { success: true, data: { status: 'pending' } }
02-13 19:04:39.517 26369 32441 I ReactNativeJS: 'pollDeviceToken: polling', { code: 'f85c6275cc5e0acb1f7b69f38fa2f3db20acd955f9ad5294',
02-13 19:04:39.517 26369 32441 I ReactNativeJS:   interval: 5,
02-13 19:04:39.517 26369 32441 I ReactNativeJS:   gatewayUrl: 'https://app.sven.example.com' }
02-13 19:04:39.574 26369 32441 I ReactNativeJS: 'pollDeviceToken: response', { success: true, data: { status: 'pending' } }
02-13 19:04:40.074  9366  9373 E ocessService0:0: failed to create Unix domain socket: Operation not permitted
02-13 19:04:41.490 26369 32441 I ReactNativeJS: 'pollDeviceToken: polling', { code: '9248f2a1c5671b9f853823f8446831724529bb0e81052514',
02-13 19:04:41.490 26369 32441 I ReactNativeJS:   interval: 5,
02-13 19:04:41.490 26369 32441 I ReactNativeJS:   gatewayUrl: 'https://app.sven.example.com' }
02-13 19:04:41.555 26369 32441 I ReactNativeJS: 'pollDeviceToken: response', { success: true, data: { status: 'pending' } }
02-13 19:04:41.706 26369 32441 I ReactNativeJS: 'pollDeviceToken: polling', { code: 'fc87d509526ca4c134c657237a249ac88fa474c6bd99a36d',
02-13 19:04:41.706 26369 32441 I ReactNativeJS:   interval: 5,
02-13 19:04:41.706 26369 32441 I ReactNativeJS:   gatewayUrl: 'https://app.sven.example.com' }
02-13 19:04:41.769 26369 32441 I ReactNativeJS: 'pollDeviceToken: response', { success: true, data: { status: 'pending' } }
02-13 19:04:42.074  9366  9373 E ocessService0:0: failed to create Unix domain socket: Operation not permitted
02-13 19:04:39.806     0     0 W [0:       wificond: 4387] slsi_mlme_get_sinfo_mib: 2 callbacks suppressed
02-13 19:04:39.882     0     0 I [0:            cmd: 3462] binder: 3462:3462 ioctl 40046210 7fdb5af980 returned -22
02-13 19:04:40.225     0     0 E [3:  kworker/u16:5:24033] sec_bat_get_battery_info: Fail to set psy ((null))
02-13 19:04:40.227     0     0 I         : [3:  kworker/u16:5:24033] sec-battery battery: sec_bat_get_value_by_adc:[2] Temp(314), Temp-ADC(1755)
02-13 19:04:40.228     0     0 I         : [3:  kworker/u16:5:24033] sec-battery battery: sec_bat_get_value_by_adc:[6] Temp(316), Temp-ADC(1672)
02-13 19:04:40.229     0     0 I         : [3:  kworker/u16:5:24033] sm5713-charger sm5713-charger: psy_chg_get_status: STATUS1(0x01), STATUS2(0x20), STATUS3(0x00)
02-13 19:04:40.241     0     0 I         : [3:  kworker/u16:5:24033] sec-battery battery: sec_bat_check_recharge: recharging voltage (4280)
02-13 19:04:40.242     0     0 I         : [3:  kworker/u16:5:24033] sec-battery battery: sec_bat_set_polling: Polling time 30/30 sec.
02-13 19:04:40.247     0     0 W [1:android.hardwar: 4220] healthd: battery l=100 v=4312 t=31.4 h=2 st=5 c=0 fc=4000000 chg=u
02-13 19:04:40.317     0     0 I [3:            cmd: 3468] binder: 3468:3468 ioctl 40046210 7fd8f05080 returned -22
02-13 19:04:43.644  4198  5676 I audio_hw_primary: fast_out-out_write: transited to Ready
02-13 19:04:43.645  4198  5676 I audio_hw_primary: fast_out-out_write: try to route for playback
02-13 19:04:43.645  4198  5676 I audio_hw_proxy_9610: proxy-proxy_set_route: disable fm radio path
02-13 19:04:43.645  4198  5676 I audio_hw_proxy_9610: proxy-proxy_set_mixercontrol: set Mixer Control(ABOX Tickle) to 1
02-13 19:04:43.645  4198  5676 I audio_route: > audio_route_apply_path : "media-speaker"
02-13 19:04:43.645  4198  5676 I audio_route: > audio_route_update_path + : "media-speaker" reverse(0)
02-13 19:04:43.646  4198  5676 I audio_route: > audio_route_update_path + : path length = 10
02-13 19:04:40.363     0     0 I         : [3:         writer: 5676] tas2562 7-004c: tas2562_set_left_speaker_switch, spk_l_control = 0
02-13 19:04:40.373     0     0 I         : [0:         writer: 5676] Exynos9610-audio sound: vogue_dai_ops_hw_params: UAIF2-0: 0x12: hw_params: 2ch, 48000Hz, 7680bytes, 16bit (pcm_state: 0x0040000)
02-13 19:04:43.653  4198  5676 I audio_hw_proxy_9610: proxy-set_route: routed to media-speaker
02-13 19:04:43.653  4198  5676 I audio_route: > audio_route_apply_path : "gain-media-speaker"
02-13 19:04:43.653  4198  5676 I audio_route: > audio_route_update_path + : "gain-media-speaker" reverse(0)
02-13 19:04:40.373     0     0 I         : [0:         writer: 5676] tas2562 7-004c: tas2562_set_bitwidth 2
02-13 19:04:43.654  4198  5676 I audio_route: > audio_route_update_path + : path length = 0
02-13 19:04:43.654  4198  5676 I audio_hw_proxy_9610: proxy-set_route: set gain as gain-media-speaker
02-13 19:04:40.376     0     0 I         : [3:         writer: 5676] tas2562 7-004c: tas2562_iv_slot_config, 16
02-13 19:04:40.377     0     0 I         : [3:         writer: 5676] tas2562 7-004c: mn_ch_size: 16
02-13 19:04:40.377     0     0 I         : [3:         writer: 5676] tas2562 7-004c: tas2562_hw_params, sample rate: 48000
02-13 19:04:43.661  4198  5676 I audio_hw_proxy_9610: proxy-enable_spkamp_playback: SPKAMP Playback PCM Device(/dev/snd/pcmC0D7p) with SR(48000) PF(0) CC(2) is opened
02-13 19:04:40.378     0     0 I         : [2:         writer: 5676] Exynos9610-audio sound: vogue_dai_ops_hw_params: RDMA7-0: 0x7: hw_params: 2ch, 48000Hz, 7680bytes, 16bit (pcm_state: 0x0040080)
02-13 19:04:40.380     0     0 I         : [2:         writer: 5676] tas2562 7-004c: SND_SOC_DAPM_POST_PMU
