02-13 22:37:05.212 W/PlatformConfigurator(26425): 	at epjp.m(:com.google.android.gms@260235029@26.02.35 (190400-862924022):66)
02-13 22:37:05.212 W/PlatformConfigurator(26425): 	at epjp.e(:com.google.android.gms@260235029@26.02.35 (190400-862924022):22)
02-13 22:37:05.212 W/PlatformConfigurator(26425): 	at com.google.android.gms.platformconfigurator.PhenotypeConfigurationUpdateListener.b(:com.google.android.gms@260235029@26.02.35 (190400-862924022):103)
02-13 22:37:05.212 W/PlatformConfigurator(26425): 	at com.google.android.gms.platformconfigurator.PhenotypeConfigurationUpdateListener.onHandleIntent(:com.google.android.gms@260235029@26.02.35 (190400-862924022):119)
02-13 22:37:05.212 W/PlatformConfigurator(26425): 	at com.google.android.chimera.IntentOperation.onHandleIntent(:com.google.android.gms@260235029@26.02.35 (190400-862924022):1)
02-13 22:37:05.212 W/PlatformConfigurator(26425): 	at ayrm.onHandleIntent(:com.google.android.gms@260235029@26.02.35 (190400-862924022):84)
02-13 22:37:05.212 W/PlatformConfigurator(26425): 	at yrc.run(:com.google.android.gms@260235029@26.02.35 (190400-862924022):64)
02-13 22:37:05.212 W/PlatformConfigurator(26425): 	at yrb.run(:com.google.android.gms@260235029@26.02.35 (190400-862924022):132)
02-13 22:37:05.212 W/PlatformConfigurator(26425): 	at gmlp.run(:com.google.android.gms@260235029@26.02.35 (190400-862924022):19)
02-13 22:37:05.212 W/PlatformConfigurator(26425): 	at java.util.concurrent.ThreadPoolExecutor.runWorker(ThreadPoolExecutor.java:1137)
02-13 22:37:05.212 W/PlatformConfigurator(26425): 	at java.util.concurrent.ThreadPoolExecutor$Worker.run(ThreadPoolExecutor.java:637)
02-13 22:37:05.212 W/PlatformConfigurator(26425): 	at java.lang.Thread.run(Thread.java:1012)
02-13 22:37:05.212 I/PlatformConfigurator(26425): Failed to propagate package com.google.android.platform.mediaprovider, retryCount 2 [CONTEXT service_id=204 ]
02-13 22:37:05.261 D/TrafficStats(26371): tagSocket(57) with statsTag=0xffffffff, statsUid=-1
02-13 22:37:05.269 E/DatabaseUtils( 4571): Writing exception to parcel
02-13 22:37:05.269 E/DatabaseUtils( 4571): java.lang.SecurityException: Permission denial: writing to settings requires:android.permission.WRITE_DEVICE_CONFIG
02-13 22:37:05.269 E/DatabaseUtils( 4571): 	at com.android.providers.settings.SettingsProvider.enforceWritePermission(SettingsProvider.java:2268)
02-13 22:37:05.269 E/DatabaseUtils( 4571): 	at com.android.providers.settings.SettingsProvider.setAllConfigSettings(SettingsProvider.java:1162)
02-13 22:37:05.269 E/DatabaseUtils( 4571): 	at com.android.providers.settings.SettingsProvider.call(SettingsProvider.java:477)
02-13 22:37:05.269 E/DatabaseUtils( 4571): 	at android.content.ContentProvider.call(ContentProvider.java:2511)
02-13 22:37:05.269 E/DatabaseUtils( 4571): 	at android.content.ContentProvider$Transport.call(ContentProvider.java:525)
02-13 22:37:05.269 E/DatabaseUtils( 4571): 	at android.content.ContentProviderNative.onTransact(ContentProviderNative.java:295)
02-13 22:37:05.269 E/DatabaseUtils( 4571): 	at android.os.Binder.execTransactInternal(Binder.java:1285)
02-13 22:37:05.269 E/DatabaseUtils( 4571): 	at android.os.Binder.execTransact(Binder.java:1244)
02-13 22:37:05.272 W/PlatformConfigurator(26425): setProperties failed with SecurityException [CONTEXT service_id=204 ]
02-13 22:37:05.272 W/PlatformConfigurator(26425): java.lang.SecurityException: Permission denial: writing to settings requires:android.permission.WRITE_DEVICE_CONFIG
02-13 22:37:05.272 W/PlatformConfigurator(26425): 	at android.os.Parcel.createExceptionOrNull(Parcel.java:3011)
02-13 22:37:05.272 W/PlatformConfigurator(26425): 	at android.os.Parcel.createException(Parcel.java:2995)
02-13 22:37:05.272 W/PlatformConfigurator(26425): 	at android.os.Parcel.readException(Parcel.java:2978)
02-13 22:37:05.272 W/PlatformConfigurator(26425): 	at android.database.DatabaseUtils.readExceptionFromParcel(DatabaseUtils.java:190)
02-13 22:37:05.272 W/PlatformConfigurator(26425): 	at android.database.DatabaseUtils.readExceptionFromParcel(DatabaseUtils.java:142)
02-13 22:37:05.272 W/PlatformConfigurator(26425): 	at android.content.ContentProviderProxy.call(ContentProviderNative.java:732)
02-13 22:37:05.272 W/PlatformConfigurator(26425): 	at android.provider.Settings$NameValueCache.setStringsForPrefix(Settings.java:3032)
02-13 22:37:05.272 W/PlatformConfigurator(26425): 	at android.provider.Settings$Config.setStrings(Settings.java:18031)
02-13 22:37:05.272 W/PlatformConfigurator(26425): 	at android.provider.DeviceConfig.setProperties(DeviceConfig.java:980)
02-13 22:37:05.272 W/PlatformConfigurator(26425): 	at epjl.a(:com.google.android.gms@260235029@26.02.35 (190400-862924022):46)
02-13 22:37:05.272 W/PlatformConfigurator(26425): 	at epjp.m(:com.google.android.gms@260235029@26.02.35 (190400-862924022):66)
02-13 22:37:05.272 W/PlatformConfigurator(26425): 	at epjp.e(:com.google.android.gms@260235029@26.02.35 (190400-862924022):22)
02-13 22:37:05.272 W/PlatformConfigurator(26425): 	at com.google.android.gms.platformconfigurator.PhenotypeConfigurationUpdateListener.b(:com.google.android.gms@260235029@26.02.35 (190400-862924022):103)
02-13 22:37:05.272 W/PlatformConfigurator(26425): 	at com.google.android.gms.platformconfigurator.PhenotypeConfigurationUpdateListener.onHandleIntent(:com.google.android.gms@260235029@26.02.35 (190400-862924022):119)
02-13 22:37:05.272 W/PlatformConfigurator(26425): 	at com.google.android.chimera.IntentOperation.onHandleIntent(:com.google.android.gms@260235029@26.02.35 (190400-862924022):1)
02-13 22:37:05.272 W/PlatformConfigurator(26425): 	at ayrm.onHandleIntent(:com.google.android.gms@260235029@26.02.35 (190400-862924022):84)
02-13 22:37:05.272 W/PlatformConfigurator(26425): 	at yrc.run(:com.google.android.gms@260235029@26.02.35 (190400-862924022):64)
02-13 22:37:05.272 W/PlatformConfigurator(26425): 	at yrb.run(:com.google.android.gms@260235029@26.02.35 (190400-862924022):132)
02-13 22:37:05.272 W/PlatformConfigurator(26425): 	at gmlp.run(:com.google.android.gms@260235029@26.02.35 (190400-862924022):19)
02-13 22:37:05.272 W/PlatformConfigurator(26425): 	at java.util.concurrent.ThreadPoolExecutor.runWorker(ThreadPoolExecutor.java:1137)
02-13 22:37:05.272 W/PlatformConfigurator(26425): 	at java.util.concurrent.ThreadPoolExecutor$Worker.run(ThreadPoolExecutor.java:637)
02-13 22:37:05.272 W/PlatformConfigurator(26425): 	at java.lang.Thread.run(Thread.java:1012)
02-13 22:37:05.273 I/PlatformConfigurator(26425): Failed to propagate package com.google.android.platform.credential_manager, retryCount 2 [CONTEXT service_id=204 ]
02-13 22:37:05.344 E/DatabaseUtils( 4571): Writing exception to parcel
02-13 22:37:05.344 E/DatabaseUtils( 4571): java.lang.SecurityException: Permission denial: writing to settings requires:android.permission.WRITE_DEVICE_CONFIG
02-13 22:37:05.344 E/DatabaseUtils( 4571): 	at com.android.providers.settings.SettingsProvider.enforceWritePermission(SettingsProvider.java:2268)
02-13 22:37:05.344 E/DatabaseUtils( 4571): 	at com.android.providers.settings.SettingsProvider.setAllConfigSettings(SettingsProvider.java:1162)
02-13 22:37:05.344 E/DatabaseUtils( 4571): 	at com.android.providers.settings.SettingsProvider.call(SettingsProvider.java:477)
02-13 22:37:05.344 E/DatabaseUtils( 4571): 	at android.content.ContentProvider.call(ContentProvider.java:2511)
02-13 22:37:05.344 E/DatabaseUtils( 4571): 	at android.content.ContentProvider$Transport.call(ContentProvider.java:525)
02-13 22:37:05.344 E/DatabaseUtils( 4571): 	at android.content.ContentProviderNative.onTransact(ContentProviderNative.java:295)
02-13 22:37:05.344 E/DatabaseUtils( 4571): 	at android.os.Binder.execTransactInternal(Binder.java:1285)
02-13 22:37:05.344 E/DatabaseUtils( 4571): 	at android.os.Binder.execTransact(Binder.java:1244)
02-13 22:37:05.345 W/PlatformConfigurator(26425): setProperties failed with SecurityException [CONTEXT service_id=204 ]
02-13 22:37:05.345 W/PlatformConfigurator(26425): java.lang.SecurityException: Permission denial: writing to settings requires:android.permission.WRITE_DEVICE_CONFIG
02-13 22:37:05.345 W/PlatformConfigurator(26425): 	at android.os.Parcel.createExceptionOrNull(Parcel.java:3011)
02-13 22:37:05.345 W/PlatformConfigurator(26425): 	at android.os.Parcel.createException(Parcel.java:2995)
02-13 22:37:05.345 W/PlatformConfigurator(26425): 	at android.os.Parcel.readException(Parcel.java:2978)
02-13 22:37:05.345 W/PlatformConfigurator(26425): 	at android.database.DatabaseUtils.readExceptionFromParcel(DatabaseUtils.java:190)
02-13 22:37:05.345 W/PlatformConfigurator(26425): 	at android.database.DatabaseUtils.readExceptionFromParcel(DatabaseUtils.java:142)
02-13 22:37:05.345 W/PlatformConfigurator(26425): 	at android.content.ContentProviderProxy.call(ContentProviderNative.java:732)
02-13 22:37:05.345 W/PlatformConfigurator(26425): 	at android.provider.Settings$NameValueCache.setStringsForPrefix(Settings.java:3032)
02-13 22:37:05.345 W/PlatformConfigurator(26425): 	at android.provider.Settings$Config.setStrings(Settings.java:18031)
02-13 22:37:05.345 W/PlatformConfigurator(26425): 	at android.provider.DeviceConfig.setProperties(DeviceConfig.java:980)
02-13 22:37:05.345 W/PlatformConfigurator(26425): 	at epjl.a(:com.google.android.gms@260235029@26.02.35 (190400-862924022):46)
02-13 22:37:05.345 W/PlatformConfigurator(26425): 	at epjp.m(:com.google.android.gms@260235029@26.02.35 (190400-862924022):66)
02-13 22:37:05.345 W/PlatformConfigurator(26425): 	at epjp.e(:com.google.android.gms@260235029@26.02.35 (190400-862924022):22)
02-13 22:37:05.345 W/PlatformConfigurator(26425): 	at com.google.android.gms.platformconfigurator.PhenotypeConfigurationUpdateListener.b(:com.google.android.gms@260235029@26.02.35 (190400-862924022):103)
02-13 22:37:05.345 W/PlatformConfigurator(26425): 	at com.google.android.gms.platformconfigurator.PhenotypeConfigurationUpdateListener.onHandleIntent(:com.google.android.gms@260235029@26.02.35 (190400-862924022):119)
02-13 22:37:05.345 W/PlatformConfigurator(26425): 	at com.google.android.chimera.IntentOperation.onHandleIntent(:com.google.android.gms@260235029@26.02.35 (190400-862924022):1)
02-13 22:37:05.345 W/PlatformConfigurator(26425): 	at ayrm.onHandleIntent(:com.google.android.gms@260235029@26.02.35 (190400-862924022):84)
02-13 22:37:05.345 W/PlatformConfigurator(26425): 	at yrc.run(:com.google.android.gms@260235029@26.02.35 (190400-862924022):64)
02-13 22:37:05.345 W/PlatformConfigurator(26425): 	at yrb.run(:com.google.android.gms@260235029@26.02.35 (190400-862924022):132)
02-13 22:37:05.345 W/PlatformConfigurator(26425): 	at gmlp.run(:com.google.android.gms@260235029@26.02.35 (190400-862924022):19)
02-13 22:37:05.345 W/PlatformConfigurator(26425): 	at java.util.concurrent.ThreadPoolExecutor.runWorker(ThreadPoolExecutor.java:1137)
02-13 22:37:05.345 W/PlatformConfigurator(26425): 	at java.util.concurrent.ThreadPoolExecutor$Worker.run(ThreadPoolExecutor.java:637)
02-13 22:37:05.345 W/PlatformConfigurator(26425): 	at java.lang.Thread.run(Thread.java:1012)
02-13 22:37:05.346 I/PlatformConfigurator(26425): Failed to propagate package com.google.android.platform.dropbox, retryCount 2 [CONTEXT service_id=204 ]
02-13 22:37:02.109 E/[3:  kworker/u16:4:20455] sec_bat_get_battery_info(    0): Fail to set psy ((null))
02-13 22:37:02.111 I/        (    0): [3:  kworker/u16:4:20455] sec-battery battery: sec_bat_get_value_by_adc:[2] Temp(298), Temp-ADC(1823)
02-13 22:37:02.111 I/        (    0): [3:  kworker/u16:4:20455] sec-battery battery: sec_bat_get_value_by_adc:[6] Temp(297), Temp-ADC(1754)
02-13 22:37:02.112 I/        (    0): [3:  kworker/u16:4:20455] sm5713-charger sm5713-charger: psy_chg_get_status: STATUS1(0x09), STATUS2(0x19), STATUS3(0x00)
02-13 22:37:05.400 E/DatabaseUtils( 4571): Writing exception to parcel
02-13 22:37:05.400 E/DatabaseUtils( 4571): java.lang.SecurityException: Permission denial: writing to settings requires:android.permission.WRITE_DEVICE_CONFIG
02-13 22:37:05.400 E/DatabaseUtils( 4571): 	at com.android.providers.settings.SettingsProvider.enforceWritePermission(SettingsProvider.java:2268)
02-13 22:37:05.400 E/DatabaseUtils( 4571): 	at com.android.providers.settings.SettingsProvider.setAllConfigSettings(SettingsProvider.java:1162)
02-13 22:37:05.400 E/DatabaseUtils( 4571): 	at com.android.providers.settings.SettingsProvider.call(SettingsProvider.java:477)
02-13 22:37:05.400 E/DatabaseUtils( 4571): 	at android.content.ContentProvider.call(ContentProvider.java:2511)
02-13 22:37:05.400 E/DatabaseUtils( 4571): 	at android.content.ContentProvider$Transport.call(ContentProvider.java:525)
02-13 22:37:05.400 E/DatabaseUtils( 4571): 	at android.content.ContentProviderNative.onTransact(ContentProviderNative.java:295)
02-13 22:37:05.400 E/DatabaseUtils( 4571): 	at android.os.Binder.execTransactInternal(Binder.java:1285)
02-13 22:37:05.400 E/DatabaseUtils( 4571): 	at android.os.Binder.execTransact(Binder.java:1244)
02-13 22:37:05.401 W/PlatformConfigurator(26425): setProperties failed with SecurityException [CONTEXT service_id=204 ]
02-13 22:37:05.401 W/PlatformConfigurator(26425): java.lang.SecurityException: Permission denial: writing to settings requires:android.permission.WRITE_DEVICE_CONFIG
02-13 22:37:05.401 W/PlatformConfigurator(26425): 	at android.os.Parcel.createExceptionOrNull(Parcel.java:3011)
02-13 22:37:05.401 W/PlatformConfigurator(26425): 	at android.os.Parcel.createException(Parcel.java:2995)
02-13 22:37:05.401 W/PlatformConfigurator(26425): 	at android.os.Parcel.readException(Parcel.java:2978)
02-13 22:37:05.401 W/PlatformConfigurator(26425): 	at android.database.DatabaseUtils.readExceptionFromParcel(DatabaseUtils.java:190)
02-13 22:37:05.401 W/PlatformConfigurator(26425): 	at android.database.DatabaseUtils.readExceptionFromParcel(DatabaseUtils.java:142)
02-13 22:37:05.401 W/PlatformConfigurator(26425): 	at android.content.ContentProviderProxy.call(ContentProviderNative.java:732)
02-13 22:37:05.401 W/PlatformConfigurator(26425): 	at android.provider.Settings$NameValueCache.setStringsForPrefix(Settings.java:3032)
02-13 22:37:05.401 W/PlatformConfigurator(26425): 	at android.provider.Settings$Config.setStrings(Settings.java:18031)
02-13 22:37:05.401 W/PlatformConfigurator(26425): 	at android.provider.DeviceConfig.setProperties(DeviceConfig.java:980)
02-13 22:37:05.401 W/PlatformConfigurator(26425): 	at epjl.a(:com.google.android.gms@260235029@26.02.35 (190400-862924022):46)
02-13 22:37:05.401 W/PlatformConfigurator(26425): 	at epjp.m(:com.google.android.gms@260235029@26.02.35 (190400-862924022):66)
02-13 22:37:05.401 W/PlatformConfigurator(26425): 	at epjp.e(:com.google.android.gms@260235029@26.02.35 (190400-862924022):22)
02-13 22:37:05.401 W/PlatformConfigurator(26425): 	at com.google.android.gms.platformconfigurator.PhenotypeConfigurationUpdateListener.b(:com.google.android.gms@260235029@26.02.35 (190400-862924022):103)
02-13 22:37:05.401 W/PlatformConfigurator(26425): 	at com.google.android.gms.platformconfigurator.PhenotypeConfigurationUpdateListener.onHandleIntent(:com.google.android.gms@260235029@26.02.35 (190400-862924022):119)
02-13 22:37:05.401 W/PlatformConfigurator(26425): 	at com.google.android.chimera.IntentOperation.onHandleIntent(:com.google.android.gms@260235029@26.02.35 (190400-862924022):1)
02-13 22:37:05.401 W/PlatformConfigurator(26425): 	at ayrm.onHandleIntent(:com.google.android.gms@260235029@26.02.35 (190400-862924022):84)
02-13 22:37:05.401 W/PlatformConfigurator(26425): 	at yrc.run(:com.google.android.gms@260235029@26.02.35 (190400-862924022):64)
02-13 22:37:05.401 W/PlatformConfigurator(26425): 	at yrb.run(:com.google.android.gms@260235029@26.02.35 (190400-862924022):132)
02-13 22:37:05.401 W/PlatformConfigurator(26425): 	at gmlp.run(:com.google.android.gms@260235029@26.02.35 (190400-862924022):19)
02-13 22:37:05.401 W/PlatformConfigurator(26425): 	at java.util.concurrent.ThreadPoolExecutor.runWorker(ThreadPoolExecutor.java:1137)
02-13 22:37:05.401 W/PlatformConfigurator(26425): 	at java.util.concurrent.ThreadPoolExecutor$Worker.run(ThreadPoolExecutor.java:637)
02-13 22:37:05.401 W/PlatformConfigurator(26425): 	at java.lang.Thread.run(Thread.java:1012)
02-13 22:37:05.402 I/PlatformConfigurator(26425): Failed to propagate package com.google.android.platform.remote_key_provisioning_native, retryCount 2 [CONTEXT service_id=204 ]
02-13 22:37:05.405 W/ziparchive(26703): Unable to open '/data/app/~~7kIDKfbsdZmzA-xSXr9CdQ==/com.android.vending-xe0nhgpnEV0Tq-pIGdD9Fw==/split_config.arm64_v8a.dm': No such file or directory
02-13 22:37:05.406 W/ziparchive(26703): Unable to open '/data/app/~~7kIDKfbsdZmzA-xSXr9CdQ==/com.android.vending-xe0nhgpnEV0Tq-pIGdD9Fw==/split_config.arm64_v8a.dm': No such file or directory
02-13 22:37:05.406 W/ding:background(26703): Entry not found
02-13 22:37:05.407 W/ziparchive(26703): Unable to open '/data/app/~~7kIDKfbsdZmzA-xSXr9CdQ==/com.android.vending-xe0nhgpnEV0Tq-pIGdD9Fw==/split_config.en.dm': No such file or directory
02-13 22:37:05.408 W/ziparchive(26703): Unable to open '/data/app/~~7kIDKfbsdZmzA-xSXr9CdQ==/com.android.vending-xe0nhgpnEV0Tq-pIGdD9Fw==/split_config.en.dm': No such file or directory
02-13 22:37:02.121 I/        (    0): [7:  kworker/u16:4:20455] sec-battery battery: sec_bat_calc_time_to_full: T:    60 sec, passed time:  3248, current: 100
02-13 22:37:02.121 I/        (    0): [7:  kworker/u16:4:20455] sm5713-charger sm5713-charger: chg_set_wdt_tmr_reset: wdt kick
02-13 22:37:02.123 I/        (    0): [7:  kworker/u16:4:20455] sec-battery battery: sec_bat_fullcharged_check: Charging Mode : Normal
02-13 22:37:02.125 I/        (    0): [7:  kworker/u16:4:20455] sec-battery battery: sec_bat_set_polling: Polling time 10/30 sec.
02-13 22:37:05.408 W/ding:background(26703): Entry not found
02-13 22:37:02.126 I/        (    0): [7:    kworker/7:2:17519] sm5713-charger sm5713-charger: psy_chg_get_charge_type: slow rate charge mode
02-13 22:37:05.409 W/ziparchive(26703): Unable to open '/data/app/~~7kIDKfbsdZmzA-xSXr9CdQ==/com.android.vending-xe0nhgpnEV0Tq-pIGdD9Fw==/split_config.ro.dm': No such file or directory
02-13 22:37:05.409 W/ziparchive(26703): Unable to open '/data/app/~~7kIDKfbsdZmzA-xSXr9CdQ==/com.android.vending-xe0nhgpnEV0Tq-pIGdD9Fw==/split_config.ro.dm': No such file or directory
02-13 22:37:05.410 W/ding:background(26703): Entry not found
02-13 22:37:05.411 W/ziparchive(26703): Unable to open '/data/app/~~7kIDKfbsdZmzA-xSXr9CdQ==/com.android.vending-xe0nhgpnEV0Tq-pIGdD9Fw==/split_phonesky_data_loader.dm': No such file or directory
02-13 22:37:05.411 W/ziparchive(26703): Unable to open '/data/app/~~7kIDKfbsdZmzA-xSXr9CdQ==/com.android.vending-xe0nhgpnEV0Tq-pIGdD9Fw==/split_phonesky_data_loader.dm': No such file or directory
02-13 22:37:05.411 W/ding:background(26703): Entry not found
02-13 22:37:05.412 W/ziparchive(26703): Unable to open '/data/app/~~7kIDKfbsdZmzA-xSXr9CdQ==/com.android.vending-xe0nhgpnEV0Tq-pIGdD9Fw==/split_phonesky_data_loader.config.arm64_v8a.dm': No such file or directory
02-13 22:37:05.413 W/ziparchive(26703): Unable to open '/data/app/~~7kIDKfbsdZmzA-xSXr9CdQ==/com.android.vending-xe0nhgpnEV0Tq-pIGdD9Fw==/split_phonesky_data_loader.config.arm64_v8a.dm': No such file or directory
02-13 22:37:05.413 W/ding:background(26703): Entry not found
02-13 22:37:05.414 W/ziparchive(26703): Unable to open '/data/app/~~7kIDKfbsdZmzA-xSXr9CdQ==/com.android.vending-xe0nhgpnEV0Tq-pIGdD9Fw==/split_phonesky_webrtc_native_lib.dm': No such file or directory
02-13 22:37:05.414 W/ziparchive(26703): Unable to open '/data/app/~~7kIDKfbsdZmzA-xSXr9CdQ==/com.android.vending-xe0nhgpnEV0Tq-pIGdD9Fw==/split_phonesky_webrtc_native_lib.dm': No such file or directory
02-13 22:37:05.415 W/ding:background(26703): Entry not found
02-13 22:37:05.416 W/ziparchive(26703): Unable to open '/data/app/~~7kIDKfbsdZmzA-xSXr9CdQ==/com.android.vending-xe0nhgpnEV0Tq-pIGdD9Fw==/split_phonesky_webrtc_native_lib.config.arm64_v8a.dm': No such file or directory
02-13 22:37:02.130 W/[5:android.hardwar: 4220] healthd(    0): battery l=100 v=4264 t=29.8 h=2 st=2 c=-413 fc=4000000 chg=u
02-13 22:37:05.416 W/ziparchive(26703): Unable to open '/data/app/~~7kIDKfbsdZmzA-xSXr9CdQ==/com.android.vending-xe0nhgpnEV0Tq-pIGdD9Fw==/split_phonesky_webrtc_native_lib.config.arm64_v8a.dm': No such file or directory
02-13 22:37:05.417 W/ding:background(26703): Entry not found
02-13 22:37:05.426 D/PowerUI ( 4837): can't show warning due to - plugged: true status unknown: false
02-13 22:37:05.434 W/ding:background(26703): JIT profile information will not be recorded: profile file does not exist.
02-13 22:37:05.434 W/ding:background(26703): JIT profile information will not be recorded: profile file does not exist.
02-13 22:37:05.434 W/ding:background(26703): JIT profile information will not be recorded: profile file does not exist.
02-13 22:37:05.434 W/ding:background(26703): JIT profile information will not be recorded: profile file does not exist.
02-13 22:37:05.435 W/ding:background(26703): JIT profile information will not be recorded: profile file does not exist.
02-13 22:37:05.435 W/ding:background(26703): JIT profile information will not be recorded: profile file does not exist.
02-13 22:37:05.435 W/ding:background(26703): JIT profile information will not be recorded: profile file does not exist.
02-13 22:37:05.449 E/DatabaseUtils( 4571): Writing exception to parcel
02-13 22:37:05.449 E/DatabaseUtils( 4571): java.lang.SecurityException: Permission denial: writing to settings requires:android.permission.WRITE_DEVICE_CONFIG
02-13 22:37:05.449 E/DatabaseUtils( 4571): 	at com.android.providers.settings.SettingsProvider.enforceWritePermission(SettingsProvider.java:2268)
02-13 22:37:05.449 E/DatabaseUtils( 4571): 	at com.android.providers.settings.SettingsProvider.setAllConfigSettings(SettingsProvider.java:1162)
02-13 22:37:05.449 E/DatabaseUtils( 4571): 	at com.android.providers.settings.SettingsProvider.call(SettingsProvider.java:477)
02-13 22:37:05.449 E/DatabaseUtils( 4571): 	at android.content.ContentProvider.call(ContentProvider.java:2511)
02-13 22:37:05.449 E/DatabaseUtils( 4571): 	at android.content.ContentProvider$Transport.call(ContentProvider.java:525)
02-13 22:37:05.449 E/DatabaseUtils( 4571): 	at android.content.ContentProviderNative.onTransact(ContentProviderNative.java:295)
02-13 22:37:05.449 E/DatabaseUtils( 4571): 	at android.os.Binder.execTransactInternal(Binder.java:1285)
02-13 22:37:05.449 E/DatabaseUtils( 4571): 	at android.os.Binder.execTransact(Binder.java:1244)
02-13 22:37:05.450 W/PlatformConfigurator(26425): setProperties failed with SecurityException [CONTEXT service_id=204 ]
02-13 22:37:05.450 W/PlatformConfigurator(26425): java.lang.SecurityException: Permission denial: writing to settings requires:android.permission.WRITE_DEVICE_CONFIG
02-13 22:37:05.450 W/PlatformConfigurator(26425): 	at android.os.Parcel.createExceptionOrNull(Parcel.java:3011)
02-13 22:37:05.450 W/PlatformConfigurator(26425): 	at android.os.Parcel.createException(Parcel.java:2995)
02-13 22:37:05.450 W/PlatformConfigurator(26425): 	at android.os.Parcel.readException(Parcel.java:2978)
02-13 22:37:05.450 W/PlatformConfigurator(26425): 	at android.database.DatabaseUtils.readExceptionFromParcel(DatabaseUtils.java:190)
02-13 22:37:05.450 W/PlatformConfigurator(26425): 	at android.database.DatabaseUtils.readExceptionFromParcel(DatabaseUtils.java:142)
02-13 22:37:05.450 W/PlatformConfigurator(26425): 	at android.content.ContentProviderProxy.call(ContentProviderNative.java:732)
02-13 22:37:05.450 W/PlatformConfigurator(26425): 	at android.provider.Settings$NameValueCache.setStringsForPrefix(Settings.java:3032)
02-13 22:37:05.450 W/PlatformConfigurator(26425): 	at android.provider.Settings$Config.setStrings(Settings.java:18031)
02-13 22:37:05.450 W/PlatformConfigurator(26425): 	at android.provider.DeviceConfig.setProperties(DeviceConfig.java:980)
02-13 22:37:05.450 W/PlatformConfigurator(26425): 	at epjl.a(:com.google.android.gms@260235029@26.02.35 (190400-862924022):46)
02-13 22:37:05.450 W/PlatformConfigurator(26425): 	at epjp.m(:com.google.android.gms@260235029@26.02.35 (190400-862924022):66)
02-13 22:37:05.450 W/PlatformConfigurator(26425): 	at epjp.e(:com.google.android.gms@260235029@26.02.35 (190400-862924022):22)
02-13 22:37:05.450 W/PlatformConfigurator(26425): 	at com.google.android.gms.platformconfigurator.PhenotypeConfigurationUpdateListener.b(:com.google.android.gms@260235029@26.02.35 (190400-862924022):103)
02-13 22:37:05.450 W/PlatformConfigurator(26425): 	at com.google.android.gms.platformconfigurator.PhenotypeConfigurationUpdateListener.onHandleIntent(:com.google.android.gms@260235029@26.02.35 (190400-862924022):119)
02-13 22:37:05.450 W/PlatformConfigurator(26425): 	at com.google.android.chimera.IntentOperation.onHandleIntent(:com.google.android.gms@260235029@26.02.35 (190400-862924022):1)
02-13 22:37:05.450 W/PlatformConfigurator(26425): 	at ayrm.onHandleIntent(:com.google.android.gms@260235029@26.02.35 (190400-862924022):84)
02-13 22:37:05.450 W/PlatformConfigurator(26425): 	at yrc.run(:com.google.android.gms@260235029@26.02.35 (190400-862924022):64)
02-13 22:37:05.450 W/PlatformConfigurator(26425): 	at yrb.run(:com.google.android.gms@260235029@26.02.35 (190400-862924022):132)
02-13 22:37:05.450 W/PlatformConfigurator(26425): 	at gmlp.run(:com.google.android.gms@260235029@26.02.35 (190400-862924022):19)
02-13 22:37:05.450 W/PlatformConfigurator(26425): 	at java.util.concurrent.ThreadPoolExecutor.runWorker(ThreadPoolExecutor.java:1137)
02-13 22:37:05.450 W/PlatformConfigurator(26425): 	at java.util.concurrent.ThreadPoolExecutor$Worker.run(ThreadPoolExecutor.java:637)
02-13 22:37:05.450 W/PlatformConfigurator(26425): 	at java.lang.Thread.run(Thread.java:1012)
02-13 22:37:05.450 W/PlatformConfigurator(26425): Caused by: android.os.RemoteException: Remote stack trace:
02-13 22:37:05.450 W/PlatformConfigurator(26425): 	at com.android.providers.settings.SettingsProvider.enforceWritePermission(SettingsProvider.java:2268)
02-13 22:37:05.450 W/PlatformConfigurator(26425): 	at com.android.providers.settings.SettingsProvider.setAllConfigSettings(SettingsProvider.java:1162)
02-13 22:37:05.450 W/PlatformConfigurator(26425): 	at com.android.providers.settings.SettingsProvider.call(SettingsProvider.java:477)
02-13 22:37:05.450 W/PlatformConfigurator(26425): 	at android.content.ContentProvider.call(ContentProvider.java:2511)
02-13 22:37:05.450 W/PlatformConfigurator(26425): 	at android.content.ContentProvider$Transport.call(ContentProvider.java:525)
02-13 22:37:05.450 W/PlatformConfigurator(26425): 
02-13 22:37:05.450 I/PlatformConfigurator(26425): Failed to propagate package com.google.android.platform.telephony, retryCount 2 [CONTEXT service_id=204 ]
02-13 22:37:05.457 V/GraphicsEnvironment(26703): ANGLE Developer option for 'com.android.vending' set to: 'default'
02-13 22:37:05.458 V/GraphicsEnvironment(26703): ANGLE GameManagerService for com.android.vending: false
02-13 22:37:05.458 V/GraphicsEnvironment(26703): Neither updatable production driver nor prerelease driver is supported.
02-13 22:37:05.462 D/NetworkSecurityConfig(26703): No Network Security Config specified, using platform default
02-13 22:37:05.463 D/NetworkSecurityConfig(26703): No Network Security Config specified, using platform default
02-13 22:37:05.498 E/DatabaseUtils( 4571): Writing exception to parcel
02-13 22:37:05.498 E/DatabaseUtils( 4571): java.lang.SecurityException: Permission denial: writing to settings requires:android.permission.WRITE_DEVICE_CONFIG
02-13 22:37:05.498 E/DatabaseUtils( 4571): 	at com.android.providers.settings.SettingsProvider.enforceWritePermission(SettingsProvider.java:2268)
02-13 22:37:05.498 E/DatabaseUtils( 4571): 	at com.android.providers.settings.SettingsProvider.setAllConfigSettings(SettingsProvider.java:1162)
02-13 22:37:05.498 E/DatabaseUtils( 4571): 	at com.android.providers.settings.SettingsProvider.call(SettingsProvider.java:477)
02-13 22:37:05.498 E/DatabaseUtils( 4571): 	at android.content.ContentProvider.call(ContentProvider.java:2511)
02-13 22:37:05.498 E/DatabaseUtils( 4571): 	at android.content.ContentProvider$Transport.call(ContentProvider.java:525)
02-13 22:37:05.498 E/DatabaseUtils( 4571): 	at android.content.ContentProviderNative.onTransact(ContentProviderNative.java:295)
02-13 22:37:05.498 E/DatabaseUtils( 4571): 	at android.os.Binder.execTransactInternal(Binder.java:1285)
02-13 22:37:05.498 E/DatabaseUtils( 4571): 	at android.os.Binder.execTransact(Binder.java:1244)
02-13 22:37:05.499 W/PlatformConfigurator(26425): setProperties failed with SecurityException [CONTEXT service_id=204 ]
02-13 22:37:05.499 W/PlatformConfigurator(26425): java.lang.SecurityException: Permission denial: writing to settings requires:android.permission.WRITE_DEVICE_CONFIG
02-13 22:37:05.499 W/PlatformConfigurator(26425): 	at android.os.Parcel.createExceptionOrNull(Parcel.java:3011)
02-13 22:37:05.499 W/PlatformConfigurator(26425): 	at android.os.Parcel.createException(Parcel.java:2995)
02-13 22:37:05.499 W/PlatformConfigurator(26425): 	at android.os.Parcel.readException(Parcel.java:2978)
02-13 22:37:05.499 W/PlatformConfigurator(26425): 	at android.database.DatabaseUtils.readExceptionFromParcel(DatabaseUtils.java:190)
02-13 22:37:05.499 W/PlatformConfigurator(26425): 	at android.database.DatabaseUtils.readExceptionFromParcel(DatabaseUtils.java:142)
02-13 22:37:05.499 W/PlatformConfigurator(26425): 	at android.content.ContentProviderProxy.call(ContentProviderNative.java:732)
02-13 22:37:05.499 W/PlatformConfigurator(26425): 	at android.provider.Settings$NameValueCache.setStringsForPrefix(Settings.java:3032)
02-13 22:37:05.499 W/PlatformConfigurator(26425): 	at android.provider.Settings$Config.setStrings(Settings.java:18031)
02-13 22:37:05.499 W/PlatformConfigurator(26425): 	at android.provider.DeviceConfig.setProperties(DeviceConfig.java:980)
02-13 22:37:05.499 W/PlatformConfigurator(26425): 	at epjl.a(:com.google.android.gms@260235029@26.02.35 (190400-862924022):46)
02-13 22:37:05.499 W/PlatformConfigurator(26425): 	at epjp.m(:com.google.android.gms@260235029@26.02.35 (190400-862924022):66)
02-13 22:37:05.499 W/PlatformConfigurator(26425): 	at epjp.e(:com.google.android.gms@260235029@26.02.35 (190400-862924022):22)
02-13 22:37:05.499 W/PlatformConfigurator(26425): 	at com.google.android.gms.platformconfigurator.PhenotypeConfigurationUpdateListener.b(:com.google.android.gms@260235029@26.02.35 (190400-862924022):103)
02-13 22:37:05.499 W/PlatformConfigurator(26425): 	at com.google.android.gms.platformconfigurator.PhenotypeConfigurationUpdateListener.onHandleIntent(:com.google.android.gms@260235029@26.02.35 (190400-862924022):119)
02-13 22:37:05.499 W/PlatformConfigurator(26425): 	at com.google.android.chimera.IntentOperation.onHandleIntent(:com.google.android.gms@260235029@26.02.35 (190400-862924022):1)
02-13 22:37:05.499 W/PlatformConfigurator(26425): 	at ayrm.onHandleIntent(:com.google.android.gms@260235029@26.02.35 (190400-862924022):84)
02-13 22:37:05.499 W/PlatformConfigurator(26425): 	at yrc.run(:com.google.android.gms@260235029@26.02.35 (190400-862924022):64)
02-13 22:37:05.499 W/PlatformConfigurator(26425): 	at yrb.run(:com.google.android.gms@260235029@26.02.35 (190400-862924022):132)
02-13 22:37:05.499 W/PlatformConfigurator(26425): 	at gmlp.run(:com.google.android.gms@260235029@26.02.35 (190400-862924022):19)
02-13 22:37:05.499 W/PlatformConfigurator(26425): 	at java.util.concurrent.ThreadPoolExecutor.runWorker(ThreadPoolExecutor.java:1137)
02-13 22:37:05.499 W/PlatformConfigurator(26425): 	at java.util.concurrent.ThreadPoolExecutor$Worker.run(ThreadPoolExecutor.java:637)
02-13 22:37:05.499 W/PlatformConfigurator(26425): 	at java.lang.Thread.run(Thread.java:1012)
02-13 22:37:05.500 I/PlatformConfigurator(26425): Failed to propagate package com.google.android.platform.aicore, retryCount 2 [CONTEXT service_id=204 ]
02-13 22:37:05.521 I/Finsky:background(26703): [2] Process created at version: 50.1.33-31 [0] [PR] 867780628
02-13 22:37:05.550 E/DatabaseUtils( 4571): Writing exception to parcel
02-13 22:37:05.550 E/DatabaseUtils( 4571): java.lang.SecurityException: Permission denial: writing to settings requires:android.permission.WRITE_DEVICE_CONFIG
02-13 22:37:05.550 E/DatabaseUtils( 4571): 	at com.android.providers.settings.SettingsProvider.enforceWritePermission(SettingsProvider.java:2268)
02-13 22:37:05.550 E/DatabaseUtils( 4571): 	at com.android.providers.settings.SettingsProvider.setAllConfigSettings(SettingsProvider.java:1162)
02-13 22:37:05.550 E/DatabaseUtils( 4571): 	at com.android.providers.settings.SettingsProvider.call(SettingsProvider.java:477)
02-13 22:37:05.550 E/DatabaseUtils( 4571): 	at android.content.ContentProvider.call(ContentProvider.java:2511)
02-13 22:37:05.550 E/DatabaseUtils( 4571): 	at android.content.ContentProvider$Transport.call(ContentProvider.java:525)
02-13 22:37:05.550 E/DatabaseUtils( 4571): 	at android.content.ContentProviderNative.onTransact(ContentProviderNative.java:295)
02-13 22:37:05.550 E/DatabaseUtils( 4571): 	at android.os.Binder.execTransactInternal(Binder.java:1285)
02-13 22:37:05.550 E/DatabaseUtils( 4571): 	at android.os.Binder.execTransact(Binder.java:1244)
02-13 22:37:05.551 W/PlatformConfigurator(26425): setProperties failed with SecurityException [CONTEXT service_id=204 ]
02-13 22:37:05.551 W/PlatformConfigurator(26425): java.lang.SecurityException: Permission denial: writing to settings requires:android.permission.WRITE_DEVICE_CONFIG
02-13 22:37:05.551 W/PlatformConfigurator(26425): 	at android.os.Parcel.createExceptionOrNull(Parcel.java:3011)
02-13 22:37:05.551 W/PlatformConfigurator(26425): 	at android.os.Parcel.createException(Parcel.java:2995)
02-13 22:37:05.551 W/PlatformConfigurator(26425): 	at android.os.Parcel.readException(Parcel.java:2978)
02-13 22:37:05.551 W/PlatformConfigurator(26425): 	at android.database.DatabaseUtils.readExceptionFromParcel(DatabaseUtils.java:190)
02-13 22:37:05.551 W/PlatformConfigurator(26425): 	at android.database.DatabaseUtils.readExceptionFromParcel(DatabaseUtils.java:142)
02-13 22:37:05.551 W/PlatformConfigurator(26425): 	at android.content.ContentProviderProxy.call(ContentProviderNative.java:732)
02-13 22:37:05.551 W/PlatformConfigurator(26425): 	at android.provider.Settings$NameValueCache.setStringsForPrefix(Settings.java:3032)
02-13 22:37:05.551 W/PlatformConfigurator(26425): 	at android.provider.Settings$Config.setStrings(Settings.java:18031)
02-13 22:37:05.551 W/PlatformConfigurator(26425): 	at android.provider.DeviceConfig.setProperties(DeviceConfig.java:980)
02-13 22:37:05.551 W/PlatformConfigurator(26425): 	at epjl.a(:com.google.android.gms@260235029@26.02.35 (190400-862924022):46)
02-13 22:37:05.551 W/PlatformConfigurator(26425): 	at epjp.m(:com.google.android.gms@260235029@26.02.35 (190400-862924022):66)
02-13 22:37:05.551 W/PlatformConfigurator(26425): 	at epjp.e(:com.google.android.gms@260235029@26.02.35 (190400-862924022):22)
02-13 22:37:05.551 W/PlatformConfigurator(26425): 	at com.google.android.gms.platformconfigurator.PhenotypeConfigurationUpdateListener.b(:com.google.android.gms@260235029@26.02.35 (190400-862924022):103)
02-13 22:37:05.551 W/PlatformConfigurator(26425): 	at com.google.android.gms.platformconfigurator.PhenotypeConfigurationUpdateListener.onHandleIntent(:com.google.android.gms@260235029@26.02.35 (190400-862924022):119)
02-13 22:37:05.551 W/PlatformConfigurator(26425): 	at com.google.android.chimera.IntentOperation.onHandleIntent(:com.google.android.gms@260235029@26.02.35 (190400-862924022):1)
02-13 22:37:05.551 W/PlatformConfigurator(26425): 	at ayrm.onHandleIntent(:com.google.android.gms@260235029@26.02.35 (190400-862924022):84)
02-13 22:37:05.551 W/PlatformConfigurator(26425): 	at yrc.run(:com.google.android.gms@260235029@26.02.35 (190400-862924022):64)
02-13 22:37:05.551 W/PlatformConfigurator(26425): 	at yrb.run(:com.google.android.gms@260235029@26.02.35 (190400-862924022):132)
02-13 22:37:05.551 W/PlatformConfigurator(26425): 	at gmlp.run(:com.google.android.gms@260235029@26.02.35 (190400-862924022):19)
02-13 22:37:05.551 W/PlatformConfigurator(26425): 	at java.util.concurrent.ThreadPoolExecutor.runWorker(ThreadPoolExecutor.java:1137)
02-13 22:37:05.551 W/PlatformConfigurator(26425): 	at java.util.concurrent.ThreadPoolExecutor$Worker.run(ThreadPoolExecutor.java:637)
02-13 22:37:05.551 W/PlatformConfigurator(26425): 	at java.lang.Thread.run(Thread.java:1012)
02-13 22:37:05.552 I/PlatformConfigurator(26425): Failed to propagate package com.google.android.platform.media_better_together, retryCount 2 [CONTEXT service_id=204 ]
02-13 22:37:05.563 I/Finsky:background(26703): [2] [BGP] Initializing early flags...
02-13 22:37:05.564 I/Finsky:background(26703): [2] [BGP] Initializing Gservices...
02-13 22:37:05.575 I/Finsky:background(26703): [2] [BGP] Initializing flags...
02-13 22:37:05.588 D/CompatibilityChangeReporter( 4571): Compat change id reported: 161145287; UID 10114; state: DISABLED
02-13 22:37:05.599 E/DatabaseUtils( 4571): Writing exception to parcel
02-13 22:37:05.599 E/DatabaseUtils( 4571): java.lang.SecurityException: Permission denial: writing to settings requires:android.permission.WRITE_DEVICE_CONFIG
02-13 22:37:05.599 E/DatabaseUtils( 4571): 	at com.android.providers.settings.SettingsProvider.enforceWritePermission(SettingsProvider.java:2268)
02-13 22:37:05.599 E/DatabaseUtils( 4571): 	at com.android.providers.settings.SettingsProvider.setAllConfigSettings(SettingsProvider.java:1162)
02-13 22:37:05.599 E/DatabaseUtils( 4571): 	at com.android.providers.settings.SettingsProvider.call(SettingsProvider.java:477)
02-13 22:37:05.599 E/DatabaseUtils( 4571): 	at android.content.ContentProvider.call(ContentProvider.java:2511)
02-13 22:37:05.599 E/DatabaseUtils( 4571): 	at android.content.ContentProvider$Transport.call(ContentProvider.java:525)
02-13 22:37:05.599 E/DatabaseUtils( 4571): 	at android.content.ContentProviderNative.onTransact(ContentProviderNative.java:295)
02-13 22:37:05.599 E/DatabaseUtils( 4571): 	at android.os.Binder.execTransactInternal(Binder.java:1285)
02-13 22:37:05.599 E/DatabaseUtils( 4571): 	at android.os.Binder.execTransact(Binder.java:1244)
02-13 22:37:05.601 W/PlatformConfigurator(26425): setProperties failed with SecurityException [CONTEXT service_id=204 ]
02-13 22:37:05.601 W/PlatformConfigurator(26425): java.lang.SecurityException: Permission denial: writing to settings requires:android.permission.WRITE_DEVICE_CONFIG
02-13 22:37:05.601 W/PlatformConfigurator(26425): 	at android.os.Parcel.createExceptionOrNull(Parcel.java:3011)
02-13 22:37:05.601 W/PlatformConfigurator(26425): 	at android.os.Parcel.createException(Parcel.java:2995)
02-13 22:37:05.601 W/PlatformConfigurator(26425): 	at android.os.Parcel.readException(Parcel.java:2978)
02-13 22:37:05.601 W/PlatformConfigurator(26425): 	at android.database.DatabaseUtils.readExceptionFromParcel(DatabaseUtils.java:190)
02-13 22:37:05.601 W/PlatformConfigurator(26425): 	at android.database.DatabaseUtils.readExceptionFromParcel(DatabaseUtils.java:142)
02-13 22:37:05.601 W/PlatformConfigurator(26425): 	at android.content.ContentProviderProxy.call(ContentProviderNative.java:732)
02-13 22:37:05.601 W/PlatformConfigurator(26425): 	at android.provider.Settings$NameValueCache.setStringsForPrefix(Settings.java:3032)
02-13 22:37:05.601 W/PlatformConfigurator(26425): 	at android.provider.Settings$Config.setStrings(Settings.java:18031)
02-13 22:37:05.601 W/PlatformConfigurator(26425): 	at android.provider.DeviceConfig.setProperties(DeviceConfig.java:980)
02-13 22:37:05.601 W/PlatformConfigurator(26425): 	at epjl.a(:com.google.android.gms@260235029@26.02.35 (190400-862924022):46)
02-13 22:37:05.601 W/PlatformConfigurator(26425): 	at epjp.m(:com.google.android.gms@260235029@26.02.35 (190400-862924022):66)
02-13 22:37:05.601 W/PlatformConfigurator(26425): 	at epjp.e(:com.google.android.gms@260235029@26.02.35 (190400-862924022):22)
02-13 22:37:05.601 W/PlatformConfigurator(26425): 	at com.google.android.gms.platformconfigurator.PhenotypeConfigurationUpdateListener.b(:com.google.android.gms@260235029@26.02.35 (190400-862924022):103)
02-13 22:37:05.601 W/PlatformConfigurator(26425): 	at com.google.android.gms.platformconfigurator.PhenotypeConfigurationUpdateListener.onHandleIntent(:com.google.android.gms@260235029@26.02.35 (190400-862924022):119)
02-13 22:37:05.601 W/PlatformConfigurator(26425): 	at com.google.android.chimera.IntentOperation.onHandleIntent(:com.google.android.gms@260235029@26.02.35 (190400-862924022):1)
02-13 22:37:05.601 W/PlatformConfigurator(26425): 	at ayrm.onHandleIntent(:com.google.android.gms@260235029@26.02.35 (190400-862924022):84)
02-13 22:37:05.601 W/PlatformConfigurator(26425): 	at yrc.run(:com.google.android.gms@260235029@26.02.35 (190400-862924022):64)
02-13 22:37:05.601 W/PlatformConfigurator(26425): 	at yrb.run(:com.google.android.gms@260235029@26.02.35 (190400-862924022):132)
02-13 22:37:05.601 W/PlatformConfigurator(26425): 	at gmlp.run(:com.google.android.gms@260235029@26.02.35 (190400-862924022):19)
02-13 22:37:05.601 W/PlatformConfigurator(26425): 	at java.util.concurrent.ThreadPoolExecutor.runWorker(ThreadPoolExecutor.java:1137)
02-13 22:37:05.601 W/PlatformConfigurator(26425): 	at java.util.concurrent.ThreadPoolExecutor$Worker.run(ThreadPoolExecutor.java:637)
02-13 22:37:05.601 W/PlatformConfigurator(26425): 	at java.lang.Thread.run(Thread.java:1012)
02-13 22:37:05.601 I/PlatformConfigurator(26425): Failed to propagate package com.google.android.platform.health_fitness, retryCount 2 [CONTEXT service_id=204 ]
02-13 22:37:05.620 I/Finsky:background(26703): [2] Finished reading experiment flags from file [0tGUNCGIkbk4o6-fQ335kUYSKwVj4lusnHT-A5Dsy08] numFlags=2251.
02-13 22:37:05.647 E/DatabaseUtils( 4571): Writing exception to parcel
02-13 22:37:05.647 E/DatabaseUtils( 4571): java.lang.SecurityException: Permission denial: writing to settings requires:android.permission.WRITE_DEVICE_CONFIG
02-13 22:37:05.647 E/DatabaseUtils( 4571): 	at com.android.providers.settings.SettingsProvider.enforceWritePermission(SettingsProvider.java:2268)
02-13 22:37:05.647 E/DatabaseUtils( 4571): 	at com.android.providers.settings.SettingsProvider.setAllConfigSettings(SettingsProvider.java:1162)
02-13 22:37:05.647 E/DatabaseUtils( 4571): 	at com.android.providers.settings.SettingsProvider.call(SettingsProvider.java:477)
02-13 22:37:05.647 E/DatabaseUtils( 4571): 	at android.content.ContentProvider.call(ContentProvider.java:2511)
02-13 22:37:05.647 E/DatabaseUtils( 4571): 	at android.content.ContentProvider$Transport.call(ContentProvider.java:525)
02-13 22:37:05.647 E/DatabaseUtils( 4571): 	at android.content.ContentProviderNative.onTransact(ContentProviderNative.java:295)
02-13 22:37:05.647 E/DatabaseUtils( 4571): 	at android.os.Binder.execTransactInternal(Binder.java:1285)
02-13 22:37:05.647 E/DatabaseUtils( 4571): 	at android.os.Binder.execTransact(Binder.java:1244)
02-13 22:37:05.648 W/PlatformConfigurator(26425): setProperties failed with SecurityException [CONTEXT service_id=204 ]
02-13 22:37:05.648 W/PlatformConfigurator(26425): java.lang.SecurityException: Permission denial: writing to settings requires:android.permission.WRITE_DEVICE_CONFIG
02-13 22:37:05.648 W/PlatformConfigurator(26425): 	at android.os.Parcel.createExceptionOrNull(Parcel.java:3011)
02-13 22:37:05.648 W/PlatformConfigurator(26425): 	at android.os.Parcel.createException(Parcel.java:2995)
02-13 22:37:05.648 W/PlatformConfigurator(26425): 	at android.os.Parcel.readException(Parcel.java:2978)
02-13 22:37:05.648 W/PlatformConfigurator(26425): 	at android.database.DatabaseUtils.readExceptionFromParcel(DatabaseUtils.java:190)
02-13 22:37:05.648 W/PlatformConfigurator(26425): 	at android.database.DatabaseUtils.readExceptionFromParcel(DatabaseUtils.java:142)
02-13 22:37:05.648 W/PlatformConfigurator(26425): 	at android.content.ContentProviderProxy.call(ContentProviderNative.java:732)
02-13 22:37:05.648 W/PlatformConfigurator(26425): 	at android.provider.Settings$NameValueCache.setStringsForPrefix(Settings.java:3032)
02-13 22:37:05.648 W/PlatformConfigurator(26425): 	at android.provider.Settings$Config.setStrings(Settings.java:18031)
02-13 22:37:05.648 W/PlatformConfigurator(26425): 	at android.provider.DeviceConfig.setProperties(DeviceConfig.java:980)
02-13 22:37:05.648 W/PlatformConfigurator(26425): 	at epjl.a(:com.google.android.gms@260235029@26.02.35 (190400-862924022):46)
02-13 22:37:05.648 W/PlatformConfigurator(26425): 	at epjp.m(:com.google.android.gms@260235029@26.02.35 (190400-862924022):66)
02-13 22:37:05.648 W/PlatformConfigurator(26425): 	at epjp.e(:com.google.android.gms@260235029@26.02.35 (190400-862924022):22)
02-13 22:37:05.648 W/PlatformConfigurator(26425): 	at com.google.android.gms.platformconfigurator.PhenotypeConfigurationUpdateListener.b(:com.google.android.gms@260235029@26.02.35 (190400-862924022):103)
02-13 22:37:05.648 W/PlatformConfigurator(26425): 	at com.google.android.gms.platformconfigurator.PhenotypeConfigurationUpdateListener.onHandleIntent(:com.google.android.gms@260235029@26.02.35 (190400-862924022):119)
02-13 22:37:05.648 W/PlatformConfigurator(26425): 	at com.google.android.chimera.IntentOperation.onHandleIntent(:com.google.android.gms@260235029@26.02.35 (190400-862924022):1)
02-13 22:37:05.648 W/PlatformConfigurator(26425): 	at ayrm.onHandleIntent(:com.google.android.gms@260235029@26.02.35 (190400-862924022):84)
02-13 22:37:05.648 W/PlatformConfigurator(26425): 	at yrc.run(:com.google.android.gms@260235029@26.02.35 (190400-862924022):64)
02-13 22:37:05.648 W/PlatformConfigurator(26425): 	at yrb.run(:com.google.android.gms@260235029@26.02.35 (190400-862924022):132)
02-13 22:37:05.648 W/PlatformConfigurator(26425): 	at gmlp.run(:com.google.android.gms@260235029@26.02.35 (190400-862924022):19)
02-13 22:37:05.648 W/PlatformConfigurator(26425): 	at java.util.concurrent.ThreadPoolExecutor.runWorker(ThreadPoolExecutor.java:1137)
02-13 22:37:05.648 W/PlatformConfigurator(26425): 	at java.util.concurrent.ThreadPoolExecutor$Worker.run(ThreadPoolExecutor.java:637)
02-13 22:37:05.648 W/PlatformConfigurator(26425): 	at java.lang.Thread.run(Thread.java:1012)
02-13 22:37:05.648 I/PlatformConfigurator(26425): Failed to propagate package com.google.android.platform.app_standby, retryCount 2 [CONTEXT service_id=204 ]
02-13 22:37:05.699 E/DatabaseUtils( 4571): Writing exception to parcel
02-13 22:37:05.699 E/DatabaseUtils( 4571): java.lang.SecurityException: Permission denial: writing to settings requires:android.permission.WRITE_DEVICE_CONFIG
02-13 22:37:05.699 E/DatabaseUtils( 4571): 	at com.android.providers.settings.SettingsProvider.enforceWritePermission(SettingsProvider.java:2268)
02-13 22:37:05.699 E/DatabaseUtils( 4571): 	at com.android.providers.settings.SettingsProvider.setAllConfigSettings(SettingsProvider.java:1162)
02-13 22:37:05.699 E/DatabaseUtils( 4571): 	at com.android.providers.settings.SettingsProvider.call(SettingsProvider.java:477)
02-13 22:37:05.699 E/DatabaseUtils( 4571): 	at android.content.ContentProvider.call(ContentProvider.java:2511)
02-13 22:37:05.699 E/DatabaseUtils( 4571): 	at android.content.ContentProvider$Transport.call(ContentProvider.java:525)
02-13 22:37:05.699 E/DatabaseUtils( 4571): 	at android.content.ContentProviderNative.onTransact(ContentProviderNative.java:295)
02-13 22:37:05.699 E/DatabaseUtils( 4571): 	at android.os.Binder.execTransactInternal(Binder.java:1285)
02-13 22:37:05.699 E/DatabaseUtils( 4571): 	at android.os.Binder.execTransact(Binder.java:1244)
02-13 22:37:05.700 W/PlatformConfigurator(26425): setProperties failed with SecurityException [CONTEXT service_id=204 ]
02-13 22:37:05.700 W/PlatformConfigurator(26425): java.lang.SecurityException: Permission denial: writing to settings requires:android.permission.WRITE_DEVICE_CONFIG
02-13 22:37:05.700 W/PlatformConfigurator(26425): 	at android.os.Parcel.createExceptionOrNull(Parcel.java:3011)
02-13 22:37:05.700 W/PlatformConfigurator(26425): 	at android.os.Parcel.createException(Parcel.java:2995)
02-13 22:37:05.700 W/PlatformConfigurator(26425): 	at android.os.Parcel.readException(Parcel.java:2978)
02-13 22:37:05.700 W/PlatformConfigurator(26425): 	at android.database.DatabaseUtils.readExceptionFromParcel(DatabaseUtils.java:190)
02-13 22:37:05.700 W/PlatformConfigurator(26425): 	at android.database.DatabaseUtils.readExceptionFromParcel(DatabaseUtils.java:142)
02-13 22:37:05.700 W/PlatformConfigurator(26425): 	at android.content.ContentProviderProxy.call(ContentProviderNative.java:732)
02-13 22:37:05.700 W/PlatformConfigurator(26425): 	at android.provider.Settings$NameValueCache.setStringsForPrefix(Settings.java:3032)
02-13 22:37:05.700 W/PlatformConfigurator(26425): 	at android.provider.Settings$Config.setStrings(Settings.java:18031)
02-13 22:37:05.700 W/PlatformConfigurator(26425): 	at android.provider.DeviceConfig.setProperties(DeviceConfig.java:980)
02-13 22:37:05.700 W/PlatformConfigurator(26425): 	at epjl.a(:com.google.android.gms@260235029@26.02.35 (190400-862924022):46)
02-13 22:37:05.700 W/PlatformConfigurator(26425): 	at epjp.m(:com.google.android.gms@260235029@26.02.35 (190400-862924022):66)
02-13 22:37:05.700 W/PlatformConfigurator(26425): 	at epjp.e(:com.google.android.gms@260235029@26.02.35 (190400-862924022):22)
02-13 22:37:05.700 W/PlatformConfigurator(26425): 	at com.google.android.gms.platformconfigurator.PhenotypeConfigurationUpdateListener.b(:com.google.android.gms@260235029@26.02.35 (190400-862924022):103)
02-13 22:37:05.700 W/PlatformConfigurator(26425): 	at com.google.android.gms.platformconfigurator.PhenotypeConfigurationUpdateListener.onHandleIntent(:com.google.android.gms@260235029@26.02.35 (190400-862924022):119)
02-13 22:37:05.700 W/PlatformConfigurator(26425): 	at com.google.android.chimera.IntentOperation.onHandleIntent(:com.google.android.gms@260235029@26.02.35 (190400-862924022):1)
