02-13 22:37:06.705 W/PlatformConfigurator(26425): 	at epjp.e(:com.google.android.gms@260235029@26.02.35 (190400-862924022):22)
02-13 22:37:06.705 W/PlatformConfigurator(26425): 	at com.google.android.gms.platformconfigurator.PhenotypeConfigurationUpdateListener.b(:com.google.android.gms@260235029@26.02.35 (190400-862924022):103)
02-13 22:37:06.705 W/PlatformConfigurator(26425): 	at com.google.android.gms.platformconfigurator.PhenotypeConfigurationUpdateListener.onHandleIntent(:com.google.android.gms@260235029@26.02.35 (190400-862924022):119)
02-13 22:37:06.705 W/PlatformConfigurator(26425): 	at com.google.android.chimera.IntentOperation.onHandleIntent(:com.google.android.gms@260235029@26.02.35 (190400-862924022):1)
02-13 22:37:06.705 W/PlatformConfigurator(26425): 	at ayrm.onHandleIntent(:com.google.android.gms@260235029@26.02.35 (190400-862924022):84)
02-13 22:37:06.705 W/PlatformConfigurator(26425): 	at yrc.run(:com.google.android.gms@260235029@26.02.35 (190400-862924022):64)
02-13 22:37:06.705 W/PlatformConfigurator(26425): 	at yrb.run(:com.google.android.gms@260235029@26.02.35 (190400-862924022):132)
02-13 22:37:06.705 W/PlatformConfigurator(26425): 	at gmlp.run(:com.google.android.gms@260235029@26.02.35 (190400-862924022):19)
02-13 22:37:06.705 W/PlatformConfigurator(26425): 	at java.util.concurrent.ThreadPoolExecutor.runWorker(ThreadPoolExecutor.java:1137)
02-13 22:37:06.705 W/PlatformConfigurator(26425): 	at java.util.concurrent.ThreadPoolExecutor$Worker.run(ThreadPoolExecutor.java:637)
02-13 22:37:06.705 W/PlatformConfigurator(26425): 	at java.lang.Thread.run(Thread.java:1012)
02-13 22:37:06.705 I/PlatformConfigurator(26425): Failed to propagate package com.google.android.platform.captive_portal_login, retryCount 2 [CONTEXT service_id=204 ]
02-13 22:37:06.764 E/DatabaseUtils( 4571): Writing exception to parcel
02-13 22:37:06.764 E/DatabaseUtils( 4571): java.lang.SecurityException: Permission denial: writing to settings requires:android.permission.WRITE_DEVICE_CONFIG
02-13 22:37:06.764 E/DatabaseUtils( 4571): 	at com.android.providers.settings.SettingsProvider.enforceWritePermission(SettingsProvider.java:2268)
02-13 22:37:06.764 E/DatabaseUtils( 4571): 	at com.android.providers.settings.SettingsProvider.setAllConfigSettings(SettingsProvider.java:1162)
02-13 22:37:06.764 E/DatabaseUtils( 4571): 	at com.android.providers.settings.SettingsProvider.call(SettingsProvider.java:477)
02-13 22:37:06.764 E/DatabaseUtils( 4571): 	at android.content.ContentProvider.call(ContentProvider.java:2511)
02-13 22:37:06.764 E/DatabaseUtils( 4571): 	at android.content.ContentProvider$Transport.call(ContentProvider.java:525)
02-13 22:37:06.764 E/DatabaseUtils( 4571): 	at android.content.ContentProviderNative.onTransact(ContentProviderNative.java:295)
02-13 22:37:06.764 E/DatabaseUtils( 4571): 	at android.os.Binder.execTransactInternal(Binder.java:1285)
02-13 22:37:06.764 E/DatabaseUtils( 4571): 	at android.os.Binder.execTransact(Binder.java:1244)
02-13 22:37:06.766 W/PlatformConfigurator(26425): setProperties failed with SecurityException [CONTEXT service_id=204 ]
02-13 22:37:06.766 W/PlatformConfigurator(26425): java.lang.SecurityException: Permission denial: writing to settings requires:android.permission.WRITE_DEVICE_CONFIG
02-13 22:37:06.766 W/PlatformConfigurator(26425): 	at android.os.Parcel.createExceptionOrNull(Parcel.java:3011)
02-13 22:37:06.766 W/PlatformConfigurator(26425): 	at android.os.Parcel.createException(Parcel.java:2995)
02-13 22:37:06.766 W/PlatformConfigurator(26425): 	at android.os.Parcel.readException(Parcel.java:2978)
02-13 22:37:06.766 W/PlatformConfigurator(26425): 	at android.database.DatabaseUtils.readExceptionFromParcel(DatabaseUtils.java:190)
02-13 22:37:06.766 W/PlatformConfigurator(26425): 	at android.database.DatabaseUtils.readExceptionFromParcel(DatabaseUtils.java:142)
02-13 22:37:06.766 W/PlatformConfigurator(26425): 	at android.content.ContentProviderProxy.call(ContentProviderNative.java:732)
02-13 22:37:06.766 W/PlatformConfigurator(26425): 	at android.provider.Settings$NameValueCache.setStringsForPrefix(Settings.java:3032)
02-13 22:37:06.766 W/PlatformConfigurator(26425): 	at android.provider.Settings$Config.setStrings(Settings.java:18031)
02-13 22:37:06.766 W/PlatformConfigurator(26425): 	at android.provider.DeviceConfig.setProperties(DeviceConfig.java:980)
02-13 22:37:06.766 W/PlatformConfigurator(26425): 	at epjl.a(:com.google.android.gms@260235029@26.02.35 (190400-862924022):46)
02-13 22:37:06.766 W/PlatformConfigurator(26425): 	at epjp.m(:com.google.android.gms@260235029@26.02.35 (190400-862924022):66)
02-13 22:37:06.766 W/PlatformConfigurator(26425): 	at epjp.e(:com.google.android.gms@260235029@26.02.35 (190400-862924022):22)
02-13 22:37:06.766 W/PlatformConfigurator(26425): 	at com.google.android.gms.platformconfigurator.PhenotypeConfigurationUpdateListener.b(:com.google.android.gms@260235029@26.02.35 (190400-862924022):103)
02-13 22:37:06.766 W/PlatformConfigurator(26425): 	at com.google.android.gms.platformconfigurator.PhenotypeConfigurationUpdateListener.onHandleIntent(:com.google.android.gms@260235029@26.02.35 (190400-862924022):119)
02-13 22:37:06.766 W/PlatformConfigurator(26425): 	at com.google.android.chimera.IntentOperation.onHandleIntent(:com.google.android.gms@260235029@26.02.35 (190400-862924022):1)
02-13 22:37:06.766 W/PlatformConfigurator(26425): 	at ayrm.onHandleIntent(:com.google.android.gms@260235029@26.02.35 (190400-862924022):84)
02-13 22:37:06.766 W/PlatformConfigurator(26425): 	at yrc.run(:com.google.android.gms@260235029@26.02.35 (190400-862924022):64)
02-13 22:37:06.766 W/PlatformConfigurator(26425): 	at yrb.run(:com.google.android.gms@260235029@26.02.35 (190400-862924022):132)
02-13 22:37:06.766 W/PlatformConfigurator(26425): 	at gmlp.run(:com.google.android.gms@260235029@26.02.35 (190400-862924022):19)
02-13 22:37:06.766 W/PlatformConfigurator(26425): 	at java.util.concurrent.ThreadPoolExecutor.runWorker(ThreadPoolExecutor.java:1137)
02-13 22:37:06.766 W/PlatformConfigurator(26425): 	at java.util.concurrent.ThreadPoolExecutor$Worker.run(ThreadPoolExecutor.java:637)
02-13 22:37:06.766 W/PlatformConfigurator(26425): 	at java.lang.Thread.run(Thread.java:1012)
02-13 22:37:06.767 I/PlatformConfigurator(26425): Failed to propagate package com.google.android.platform.bluetooth_native, retryCount 2 [CONTEXT service_id=204 ]
02-13 22:37:06.825 E/DatabaseUtils( 4571): Writing exception to parcel
02-13 22:37:06.825 E/DatabaseUtils( 4571): java.lang.SecurityException: Permission denial: writing to settings requires:android.permission.WRITE_DEVICE_CONFIG
02-13 22:37:06.825 E/DatabaseUtils( 4571): 	at com.android.providers.settings.SettingsProvider.enforceWritePermission(SettingsProvider.java:2268)
02-13 22:37:06.825 E/DatabaseUtils( 4571): 	at com.android.providers.settings.SettingsProvider.setAllConfigSettings(SettingsProvider.java:1162)
02-13 22:37:06.825 E/DatabaseUtils( 4571): 	at com.android.providers.settings.SettingsProvider.call(SettingsProvider.java:477)
02-13 22:37:06.825 E/DatabaseUtils( 4571): 	at android.content.ContentProvider.call(ContentProvider.java:2511)
02-13 22:37:06.825 E/DatabaseUtils( 4571): 	at android.content.ContentProvider$Transport.call(ContentProvider.java:525)
02-13 22:37:06.825 E/DatabaseUtils( 4571): 	at android.content.ContentProviderNative.onTransact(ContentProviderNative.java:295)
02-13 22:37:06.825 E/DatabaseUtils( 4571): 	at android.os.Binder.execTransactInternal(Binder.java:1285)
02-13 22:37:06.825 E/DatabaseUtils( 4571): 	at android.os.Binder.execTransact(Binder.java:1244)
02-13 22:37:06.827 W/PlatformConfigurator(26425): setProperties failed with SecurityException [CONTEXT service_id=204 ]
02-13 22:37:06.827 W/PlatformConfigurator(26425): java.lang.SecurityException: Permission denial: writing to settings requires:android.permission.WRITE_DEVICE_CONFIG
02-13 22:37:06.827 W/PlatformConfigurator(26425): 	at android.os.Parcel.createExceptionOrNull(Parcel.java:3011)
02-13 22:37:06.827 W/PlatformConfigurator(26425): 	at android.os.Parcel.createException(Parcel.java:2995)
02-13 22:37:06.827 W/PlatformConfigurator(26425): 	at android.os.Parcel.readException(Parcel.java:2978)
02-13 22:37:06.827 W/PlatformConfigurator(26425): 	at android.database.DatabaseUtils.readExceptionFromParcel(DatabaseUtils.java:190)
02-13 22:37:06.827 W/PlatformConfigurator(26425): 	at android.database.DatabaseUtils.readExceptionFromParcel(DatabaseUtils.java:142)
02-13 22:37:06.827 W/PlatformConfigurator(26425): 	at android.content.ContentProviderProxy.call(ContentProviderNative.java:732)
02-13 22:37:06.827 W/PlatformConfigurator(26425): 	at android.provider.Settings$NameValueCache.setStringsForPrefix(Settings.java:3032)
02-13 22:37:06.827 W/PlatformConfigurator(26425): 	at android.provider.Settings$Config.setStrings(Settings.java:18031)
02-13 22:37:06.827 W/PlatformConfigurator(26425): 	at android.provider.DeviceConfig.setProperties(DeviceConfig.java:980)
02-13 22:37:06.827 W/PlatformConfigurator(26425): 	at epjl.a(:com.google.android.gms@260235029@26.02.35 (190400-862924022):46)
02-13 22:37:06.827 W/PlatformConfigurator(26425): 	at epjp.m(:com.google.android.gms@260235029@26.02.35 (190400-862924022):66)
02-13 22:37:06.827 W/PlatformConfigurator(26425): 	at epjp.e(:com.google.android.gms@260235029@26.02.35 (190400-862924022):22)
02-13 22:37:06.827 W/PlatformConfigurator(26425): 	at com.google.android.gms.platformconfigurator.PhenotypeConfigurationUpdateListener.b(:com.google.android.gms@260235029@26.02.35 (190400-862924022):103)
02-13 22:37:06.827 W/PlatformConfigurator(26425): 	at com.google.android.gms.platformconfigurator.PhenotypeConfigurationUpdateListener.onHandleIntent(:com.google.android.gms@260235029@26.02.35 (190400-862924022):119)
02-13 22:37:06.827 W/PlatformConfigurator(26425): 	at com.google.android.chimera.IntentOperation.onHandleIntent(:com.google.android.gms@260235029@26.02.35 (190400-862924022):1)
02-13 22:37:06.827 W/PlatformConfigurator(26425): 	at ayrm.onHandleIntent(:com.google.android.gms@260235029@26.02.35 (190400-862924022):84)
02-13 22:37:06.827 W/PlatformConfigurator(26425): 	at yrc.run(:com.google.android.gms@260235029@26.02.35 (190400-862924022):64)
02-13 22:37:06.827 W/PlatformConfigurator(26425): 	at yrb.run(:com.google.android.gms@260235029@26.02.35 (190400-862924022):132)
02-13 22:37:06.827 W/PlatformConfigurator(26425): 	at gmlp.run(:com.google.android.gms@260235029@26.02.35 (190400-862924022):19)
02-13 22:37:06.827 W/PlatformConfigurator(26425): 	at java.util.concurrent.ThreadPoolExecutor.runWorker(ThreadPoolExecutor.java:1137)
02-13 22:37:06.827 W/PlatformConfigurator(26425): 	at java.util.concurrent.ThreadPoolExecutor$Worker.run(ThreadPoolExecutor.java:637)
02-13 22:37:06.827 W/PlatformConfigurator(26425): 	at java.lang.Thread.run(Thread.java:1012)
02-13 22:37:06.827 I/PlatformConfigurator(26425): Failed to propagate package com.google.android.platform.tv_hdr_output_control, retryCount 2 [CONTEXT service_id=204 ]
02-13 22:37:06.885 E/DatabaseUtils( 4571): Writing exception to parcel
02-13 22:37:06.885 E/DatabaseUtils( 4571): java.lang.SecurityException: Permission denial: writing to settings requires:android.permission.WRITE_DEVICE_CONFIG
02-13 22:37:06.885 E/DatabaseUtils( 4571): 	at com.android.providers.settings.SettingsProvider.enforceWritePermission(SettingsProvider.java:2268)
02-13 22:37:06.885 E/DatabaseUtils( 4571): 	at com.android.providers.settings.SettingsProvider.setAllConfigSettings(SettingsProvider.java:1162)
02-13 22:37:06.885 E/DatabaseUtils( 4571): 	at com.android.providers.settings.SettingsProvider.call(SettingsProvider.java:477)
02-13 22:37:06.885 E/DatabaseUtils( 4571): 	at android.content.ContentProvider.call(ContentProvider.java:2511)
02-13 22:37:06.885 E/DatabaseUtils( 4571): 	at android.content.ContentProvider$Transport.call(ContentProvider.java:525)
02-13 22:37:06.885 E/DatabaseUtils( 4571): 	at android.content.ContentProviderNative.onTransact(ContentProviderNative.java:295)
02-13 22:37:06.885 E/DatabaseUtils( 4571): 	at android.os.Binder.execTransactInternal(Binder.java:1285)
02-13 22:37:06.885 E/DatabaseUtils( 4571): 	at android.os.Binder.execTransact(Binder.java:1244)
02-13 22:37:06.886 W/PlatformConfigurator(26425): setProperties failed with SecurityException [CONTEXT service_id=204 ]
02-13 22:37:06.886 W/PlatformConfigurator(26425): java.lang.SecurityException: Permission denial: writing to settings requires:android.permission.WRITE_DEVICE_CONFIG
02-13 22:37:06.886 W/PlatformConfigurator(26425): 	at android.os.Parcel.createExceptionOrNull(Parcel.java:3011)
02-13 22:37:06.886 W/PlatformConfigurator(26425): 	at android.os.Parcel.createException(Parcel.java:2995)
02-13 22:37:06.886 W/PlatformConfigurator(26425): 	at android.os.Parcel.readException(Parcel.java:2978)
02-13 22:37:06.886 W/PlatformConfigurator(26425): 	at android.database.DatabaseUtils.readExceptionFromParcel(DatabaseUtils.java:190)
02-13 22:37:06.886 W/PlatformConfigurator(26425): 	at android.database.DatabaseUtils.readExceptionFromParcel(DatabaseUtils.java:142)
02-13 22:37:06.886 W/PlatformConfigurator(26425): 	at android.content.ContentProviderProxy.call(ContentProviderNative.java:732)
02-13 22:37:06.886 W/PlatformConfigurator(26425): 	at android.provider.Settings$NameValueCache.setStringsForPrefix(Settings.java:3032)
02-13 22:37:06.886 W/PlatformConfigurator(26425): 	at android.provider.Settings$Config.setStrings(Settings.java:18031)
02-13 22:37:06.886 W/PlatformConfigurator(26425): 	at android.provider.DeviceConfig.setProperties(DeviceConfig.java:980)
02-13 22:37:06.886 W/PlatformConfigurator(26425): 	at epjl.a(:com.google.android.gms@260235029@26.02.35 (190400-862924022):46)
02-13 22:37:06.886 W/PlatformConfigurator(26425): 	at epjp.m(:com.google.android.gms@260235029@26.02.35 (190400-862924022):66)
02-13 22:37:06.886 W/PlatformConfigurator(26425): 	at epjp.e(:com.google.android.gms@260235029@26.02.35 (190400-862924022):22)
02-13 22:37:06.886 W/PlatformConfigurator(26425): 	at com.google.android.gms.platformconfigurator.PhenotypeConfigurationUpdateListener.b(:com.google.android.gms@260235029@26.02.35 (190400-862924022):103)
02-13 22:37:06.886 W/PlatformConfigurator(26425): 	at com.google.android.gms.platformconfigurator.PhenotypeConfigurationUpdateListener.onHandleIntent(:com.google.android.gms@260235029@26.02.35 (190400-862924022):119)
02-13 22:37:06.886 W/PlatformConfigurator(26425): 	at com.google.android.chimera.IntentOperation.onHandleIntent(:com.google.android.gms@260235029@26.02.35 (190400-862924022):1)
02-13 22:37:06.886 W/PlatformConfigurator(26425): 	at ayrm.onHandleIntent(:com.google.android.gms@260235029@26.02.35 (190400-862924022):84)
02-13 22:37:06.886 W/PlatformConfigurator(26425): 	at yrc.run(:com.google.android.gms@260235029@26.02.35 (190400-862924022):64)
02-13 22:37:06.886 W/PlatformConfigurator(26425): 	at yrb.run(:com.google.android.gms@260235029@26.02.35 (190400-862924022):132)
02-13 22:37:06.886 W/PlatformConfigurator(26425): 	at gmlp.run(:com.google.android.gms@260235029@26.02.35 (190400-862924022):19)
02-13 22:37:06.886 W/PlatformConfigurator(26425): 	at java.util.concurrent.ThreadPoolExecutor.runWorker(ThreadPoolExecutor.java:1137)
02-13 22:37:06.886 W/PlatformConfigurator(26425): 	at java.util.concurrent.ThreadPoolExecutor$Worker.run(ThreadPoolExecutor.java:637)
02-13 22:37:06.886 W/PlatformConfigurator(26425): 	at java.lang.Thread.run(Thread.java:1012)
02-13 22:37:06.887 I/PlatformConfigurator(26425): Failed to propagate package com.google.android.platform.cellular_security, retryCount 2 [CONTEXT service_id=204 ]
02-13 22:37:06.939 E/DatabaseUtils( 4571): Writing exception to parcel
02-13 22:37:06.939 E/DatabaseUtils( 4571): java.lang.SecurityException: Permission denial: writing to settings requires:android.permission.WRITE_DEVICE_CONFIG
02-13 22:37:06.939 E/DatabaseUtils( 4571): 	at com.android.providers.settings.SettingsProvider.enforceWritePermission(SettingsProvider.java:2268)
02-13 22:37:06.939 E/DatabaseUtils( 4571): 	at com.android.providers.settings.SettingsProvider.setAllConfigSettings(SettingsProvider.java:1162)
02-13 22:37:06.939 E/DatabaseUtils( 4571): 	at com.android.providers.settings.SettingsProvider.call(SettingsProvider.java:477)
02-13 22:37:06.939 E/DatabaseUtils( 4571): 	at android.content.ContentProvider.call(ContentProvider.java:2511)
02-13 22:37:06.939 E/DatabaseUtils( 4571): 	at android.content.ContentProvider$Transport.call(ContentProvider.java:525)
02-13 22:37:06.939 E/DatabaseUtils( 4571): 	at android.content.ContentProviderNative.onTransact(ContentProviderNative.java:295)
02-13 22:37:06.939 E/DatabaseUtils( 4571): 	at android.os.Binder.execTransactInternal(Binder.java:1285)
02-13 22:37:06.939 E/DatabaseUtils( 4571): 	at android.os.Binder.execTransact(Binder.java:1244)
02-13 22:37:06.940 W/PlatformConfigurator(26425): setProperties failed with SecurityException [CONTEXT service_id=204 ]
02-13 22:37:06.940 W/PlatformConfigurator(26425): java.lang.SecurityException: Permission denial: writing to settings requires:android.permission.WRITE_DEVICE_CONFIG
02-13 22:37:06.940 W/PlatformConfigurator(26425): 	at android.os.Parcel.createExceptionOrNull(Parcel.java:3011)
02-13 22:37:06.940 W/PlatformConfigurator(26425): 	at android.os.Parcel.createException(Parcel.java:2995)
02-13 22:37:06.940 W/PlatformConfigurator(26425): 	at android.os.Parcel.readException(Parcel.java:2978)
02-13 22:37:06.940 W/PlatformConfigurator(26425): 	at android.database.DatabaseUtils.readExceptionFromParcel(DatabaseUtils.java:190)
02-13 22:37:06.940 W/PlatformConfigurator(26425): 	at android.database.DatabaseUtils.readExceptionFromParcel(DatabaseUtils.java:142)
02-13 22:37:06.940 W/PlatformConfigurator(26425): 	at android.content.ContentProviderProxy.call(ContentProviderNative.java:732)
02-13 22:37:06.940 W/PlatformConfigurator(26425): 	at android.provider.Settings$NameValueCache.setStringsForPrefix(Settings.java:3032)
02-13 22:37:06.940 W/PlatformConfigurator(26425): 	at android.provider.Settings$Config.setStrings(Settings.java:18031)
02-13 22:37:06.940 W/PlatformConfigurator(26425): 	at android.provider.DeviceConfig.setProperties(DeviceConfig.java:980)
02-13 22:37:06.940 W/PlatformConfigurator(26425): 	at epjl.a(:com.google.android.gms@260235029@26.02.35 (190400-862924022):46)
02-13 22:37:06.940 W/PlatformConfigurator(26425): 	at epjp.m(:com.google.android.gms@260235029@26.02.35 (190400-862924022):66)
02-13 22:37:06.940 W/PlatformConfigurator(26425): 	at epjp.e(:com.google.android.gms@260235029@26.02.35 (190400-862924022):22)
02-13 22:37:06.940 W/PlatformConfigurator(26425): 	at com.google.android.gms.platformconfigurator.PhenotypeConfigurationUpdateListener.b(:com.google.android.gms@260235029@26.02.35 (190400-862924022):103)
02-13 22:37:06.940 W/PlatformConfigurator(26425): 	at com.google.android.gms.platformconfigurator.PhenotypeConfigurationUpdateListener.onHandleIntent(:com.google.android.gms@260235029@26.02.35 (190400-862924022):119)
02-13 22:37:06.940 W/PlatformConfigurator(26425): 	at com.google.android.chimera.IntentOperation.onHandleIntent(:com.google.android.gms@260235029@26.02.35 (190400-862924022):1)
02-13 22:37:06.940 W/PlatformConfigurator(26425): 	at ayrm.onHandleIntent(:com.google.android.gms@260235029@26.02.35 (190400-862924022):84)
02-13 22:37:06.940 W/PlatformConfigurator(26425): 	at yrc.run(:com.google.android.gms@260235029@26.02.35 (190400-862924022):64)
02-13 22:37:06.940 W/PlatformConfigurator(26425): 	at yrb.run(:com.google.android.gms@260235029@26.02.35 (190400-862924022):132)
02-13 22:37:06.940 W/PlatformConfigurator(26425): 	at gmlp.run(:com.google.android.gms@260235029@26.02.35 (190400-862924022):19)
02-13 22:37:06.940 W/PlatformConfigurator(26425): 	at java.util.concurrent.ThreadPoolExecutor.runWorker(ThreadPoolExecutor.java:1137)
02-13 22:37:06.940 W/PlatformConfigurator(26425): 	at java.util.concurrent.ThreadPoolExecutor$Worker.run(ThreadPoolExecutor.java:637)
02-13 22:37:06.940 W/PlatformConfigurator(26425): 	at java.lang.Thread.run(Thread.java:1012)
02-13 22:37:06.941 I/PlatformConfigurator(26425): Failed to propagate package com.google.android.platform.bluetooth, retryCount 2 [CONTEXT service_id=204 ]
02-13 22:37:06.999 E/DatabaseUtils( 4571): Writing exception to parcel
02-13 22:37:06.999 E/DatabaseUtils( 4571): java.lang.SecurityException: Permission denial: writing to settings requires:android.permission.WRITE_DEVICE_CONFIG
02-13 22:37:06.999 E/DatabaseUtils( 4571): 	at com.android.providers.settings.SettingsProvider.enforceWritePermission(SettingsProvider.java:2268)
02-13 22:37:06.999 E/DatabaseUtils( 4571): 	at com.android.providers.settings.SettingsProvider.setAllConfigSettings(SettingsProvider.java:1162)
02-13 22:37:06.999 E/DatabaseUtils( 4571): 	at com.android.providers.settings.SettingsProvider.call(SettingsProvider.java:477)
02-13 22:37:06.999 E/DatabaseUtils( 4571): 	at android.content.ContentProvider.call(ContentProvider.java:2511)
02-13 22:37:06.999 E/DatabaseUtils( 4571): 	at android.content.ContentProvider$Transport.call(ContentProvider.java:525)
02-13 22:37:06.999 E/DatabaseUtils( 4571): 	at android.content.ContentProviderNative.onTransact(ContentProviderNative.java:295)
02-13 22:37:06.999 E/DatabaseUtils( 4571): 	at android.os.Binder.execTransactInternal(Binder.java:1285)
02-13 22:37:06.999 E/DatabaseUtils( 4571): 	at android.os.Binder.execTransact(Binder.java:1244)
02-13 22:37:07.000 W/PlatformConfigurator(26425): setProperties failed with SecurityException [CONTEXT service_id=204 ]
02-13 22:37:07.000 W/PlatformConfigurator(26425): java.lang.SecurityException: Permission denial: writing to settings requires:android.permission.WRITE_DEVICE_CONFIG
02-13 22:37:07.000 W/PlatformConfigurator(26425): 	at android.os.Parcel.createExceptionOrNull(Parcel.java:3011)
02-13 22:37:07.000 W/PlatformConfigurator(26425): 	at android.os.Parcel.createException(Parcel.java:2995)
02-13 22:37:07.000 W/PlatformConfigurator(26425): 	at android.os.Parcel.readException(Parcel.java:2978)
02-13 22:37:07.000 W/PlatformConfigurator(26425): 	at android.database.DatabaseUtils.readExceptionFromParcel(DatabaseUtils.java:190)
02-13 22:37:07.000 W/PlatformConfigurator(26425): 	at android.database.DatabaseUtils.readExceptionFromParcel(DatabaseUtils.java:142)
02-13 22:37:07.000 W/PlatformConfigurator(26425): 	at android.content.ContentProviderProxy.call(ContentProviderNative.java:732)
02-13 22:37:07.000 W/PlatformConfigurator(26425): 	at android.provider.Settings$NameValueCache.setStringsForPrefix(Settings.java:3032)
02-13 22:37:07.000 W/PlatformConfigurator(26425): 	at android.provider.Settings$Config.setStrings(Settings.java:18031)
02-13 22:37:07.000 W/PlatformConfigurator(26425): 	at android.provider.DeviceConfig.setProperties(DeviceConfig.java:980)
02-13 22:37:07.000 W/PlatformConfigurator(26425): 	at epjl.a(:com.google.android.gms@260235029@26.02.35 (190400-862924022):46)
02-13 22:37:07.000 W/PlatformConfigurator(26425): 	at epjp.m(:com.google.android.gms@260235029@26.02.35 (190400-862924022):66)
02-13 22:37:07.000 W/PlatformConfigurator(26425): 	at epjp.e(:com.google.android.gms@260235029@26.02.35 (190400-862924022):22)
02-13 22:37:07.000 W/PlatformConfigurator(26425): 	at com.google.android.gms.platformconfigurator.PhenotypeConfigurationUpdateListener.b(:com.google.android.gms@260235029@26.02.35 (190400-862924022):103)
02-13 22:37:07.000 W/PlatformConfigurator(26425): 	at com.google.android.gms.platformconfigurator.PhenotypeConfigurationUpdateListener.onHandleIntent(:com.google.android.gms@260235029@26.02.35 (190400-862924022):119)
02-13 22:37:07.000 W/PlatformConfigurator(26425): 	at com.google.android.chimera.IntentOperation.onHandleIntent(:com.google.android.gms@260235029@26.02.35 (190400-862924022):1)
02-13 22:37:07.000 W/PlatformConfigurator(26425): 	at ayrm.onHandleIntent(:com.google.android.gms@260235029@26.02.35 (190400-862924022):84)
02-13 22:37:07.000 W/PlatformConfigurator(26425): 	at yrc.run(:com.google.android.gms@260235029@26.02.35 (190400-862924022):64)
02-13 22:37:07.000 W/PlatformConfigurator(26425): 	at yrb.run(:com.google.android.gms@260235029@26.02.35 (190400-862924022):132)
02-13 22:37:07.000 W/PlatformConfigurator(26425): 	at gmlp.run(:com.google.android.gms@260235029@26.02.35 (190400-862924022):19)
02-13 22:37:07.000 W/PlatformConfigurator(26425): 	at java.util.concurrent.ThreadPoolExecutor.runWorker(ThreadPoolExecutor.java:1137)
02-13 22:37:07.000 W/PlatformConfigurator(26425): 	at java.util.concurrent.ThreadPoolExecutor$Worker.run(ThreadPoolExecutor.java:637)
02-13 22:37:07.000 W/PlatformConfigurator(26425): 	at java.lang.Thread.run(Thread.java:1012)
02-13 22:37:07.001 I/PlatformConfigurator(26425): Failed to propagate package com.google.android.platform.system_scheduler, retryCount 2 [CONTEXT service_id=204 ]
02-13 22:37:07.049 E/DatabaseUtils( 4571): Writing exception to parcel
02-13 22:37:07.049 E/DatabaseUtils( 4571): java.lang.SecurityException: Permission denial: writing to settings requires:android.permission.WRITE_DEVICE_CONFIG
02-13 22:37:07.049 E/DatabaseUtils( 4571): 	at com.android.providers.settings.SettingsProvider.enforceWritePermission(SettingsProvider.java:2268)
02-13 22:37:07.049 E/DatabaseUtils( 4571): 	at com.android.providers.settings.SettingsProvider.setAllConfigSettings(SettingsProvider.java:1162)
02-13 22:37:07.049 E/DatabaseUtils( 4571): 	at com.android.providers.settings.SettingsProvider.call(SettingsProvider.java:477)
02-13 22:37:07.049 E/DatabaseUtils( 4571): 	at android.content.ContentProvider.call(ContentProvider.java:2511)
02-13 22:37:07.049 E/DatabaseUtils( 4571): 	at android.content.ContentProvider$Transport.call(ContentProvider.java:525)
02-13 22:37:07.049 E/DatabaseUtils( 4571): 	at android.content.ContentProviderNative.onTransact(ContentProviderNative.java:295)
02-13 22:37:07.049 E/DatabaseUtils( 4571): 	at android.os.Binder.execTransactInternal(Binder.java:1285)
02-13 22:37:07.049 E/DatabaseUtils( 4571): 	at android.os.Binder.execTransact(Binder.java:1244)
02-13 22:37:07.051 W/PlatformConfigurator(26425): setProperties failed with SecurityException [CONTEXT service_id=204 ]
02-13 22:37:07.051 W/PlatformConfigurator(26425): java.lang.SecurityException: Permission denial: writing to settings requires:android.permission.WRITE_DEVICE_CONFIG
02-13 22:37:07.051 W/PlatformConfigurator(26425): 	at android.os.Parcel.createExceptionOrNull(Parcel.java:3011)
02-13 22:37:07.051 W/PlatformConfigurator(26425): 	at android.os.Parcel.createException(Parcel.java:2995)
02-13 22:37:07.051 W/PlatformConfigurator(26425): 	at android.os.Parcel.readException(Parcel.java:2978)
02-13 22:37:07.051 W/PlatformConfigurator(26425): 	at android.database.DatabaseUtils.readExceptionFromParcel(DatabaseUtils.java:190)
02-13 22:37:07.051 W/PlatformConfigurator(26425): 	at android.database.DatabaseUtils.readExceptionFromParcel(DatabaseUtils.java:142)
02-13 22:37:07.051 W/PlatformConfigurator(26425): 	at android.content.ContentProviderProxy.call(ContentProviderNative.java:732)
02-13 22:37:07.051 W/PlatformConfigurator(26425): 	at android.provider.Settings$NameValueCache.setStringsForPrefix(Settings.java:3032)
02-13 22:37:07.051 W/PlatformConfigurator(26425): 	at android.provider.Settings$Config.setStrings(Settings.java:18031)
02-13 22:37:07.051 W/PlatformConfigurator(26425): 	at android.provider.DeviceConfig.setProperties(DeviceConfig.java:980)
02-13 22:37:07.051 W/PlatformConfigurator(26425): 	at epjl.a(:com.google.android.gms@260235029@26.02.35 (190400-862924022):46)
02-13 22:37:07.051 W/PlatformConfigurator(26425): 	at epjp.m(:com.google.android.gms@260235029@26.02.35 (190400-862924022):66)
02-13 22:37:07.051 W/PlatformConfigurator(26425): 	at epjp.e(:com.google.android.gms@260235029@26.02.35 (190400-862924022):22)
02-13 22:37:07.051 W/PlatformConfigurator(26425): 	at com.google.android.gms.platformconfigurator.PhenotypeConfigurationUpdateListener.b(:com.google.android.gms@260235029@26.02.35 (190400-862924022):103)
02-13 22:37:07.051 W/PlatformConfigurator(26425): 	at com.google.android.gms.platformconfigurator.PhenotypeConfigurationUpdateListener.onHandleIntent(:com.google.android.gms@260235029@26.02.35 (190400-862924022):119)
02-13 22:37:07.051 W/PlatformConfigurator(26425): 	at com.google.android.chimera.IntentOperation.onHandleIntent(:com.google.android.gms@260235029@26.02.35 (190400-862924022):1)
02-13 22:37:07.051 W/PlatformConfigurator(26425): 	at ayrm.onHandleIntent(:com.google.android.gms@260235029@26.02.35 (190400-862924022):84)
02-13 22:37:07.051 W/PlatformConfigurator(26425): 	at yrc.run(:com.google.android.gms@260235029@26.02.35 (190400-862924022):64)
02-13 22:37:07.051 W/PlatformConfigurator(26425): 	at yrb.run(:com.google.android.gms@260235029@26.02.35 (190400-862924022):132)
02-13 22:37:07.051 W/PlatformConfigurator(26425): 	at gmlp.run(:com.google.android.gms@260235029@26.02.35 (190400-862924022):19)
02-13 22:37:07.051 W/PlatformConfigurator(26425): 	at java.util.concurrent.ThreadPoolExecutor.runWorker(ThreadPoolExecutor.java:1137)
02-13 22:37:07.051 W/PlatformConfigurator(26425): 	at java.util.concurrent.ThreadPoolExecutor$Worker.run(ThreadPoolExecutor.java:637)
02-13 22:37:07.051 W/PlatformConfigurator(26425): 	at java.lang.Thread.run(Thread.java:1012)
02-13 22:37:07.051 I/PlatformConfigurator(26425): Failed to propagate package com.google.android.platform.latency_tracker, retryCount 2 [CONTEXT service_id=204 ]
02-13 22:37:07.102 E/DatabaseUtils( 4571): Writing exception to parcel
02-13 22:37:07.102 E/DatabaseUtils( 4571): java.lang.SecurityException: Permission denial: writing to settings requires:android.permission.WRITE_DEVICE_CONFIG
02-13 22:37:07.102 E/DatabaseUtils( 4571): 	at com.android.providers.settings.SettingsProvider.enforceWritePermission(SettingsProvider.java:2268)
02-13 22:37:07.102 E/DatabaseUtils( 4571): 	at com.android.providers.settings.SettingsProvider.setAllConfigSettings(SettingsProvider.java:1162)
02-13 22:37:07.102 E/DatabaseUtils( 4571): 	at com.android.providers.settings.SettingsProvider.call(SettingsProvider.java:477)
02-13 22:37:07.102 E/DatabaseUtils( 4571): 	at android.content.ContentProvider.call(ContentProvider.java:2511)
02-13 22:37:07.102 E/DatabaseUtils( 4571): 	at android.content.ContentProvider$Transport.call(ContentProvider.java:525)
02-13 22:37:07.102 E/DatabaseUtils( 4571): 	at android.content.ContentProviderNative.onTransact(ContentProviderNative.java:295)
02-13 22:37:07.102 E/DatabaseUtils( 4571): 	at android.os.Binder.execTransactInternal(Binder.java:1285)
02-13 22:37:07.102 E/DatabaseUtils( 4571): 	at android.os.Binder.execTransact(Binder.java:1244)
02-13 22:37:07.104 W/PlatformConfigurator(26425): setProperties failed with SecurityException [CONTEXT service_id=204 ]
02-13 22:37:07.104 W/PlatformConfigurator(26425): java.lang.SecurityException: Permission denial: writing to settings requires:android.permission.WRITE_DEVICE_CONFIG
02-13 22:37:07.104 W/PlatformConfigurator(26425): 	at android.os.Parcel.createExceptionOrNull(Parcel.java:3011)
02-13 22:37:07.104 W/PlatformConfigurator(26425): 	at android.os.Parcel.createException(Parcel.java:2995)
02-13 22:37:07.104 W/PlatformConfigurator(26425): 	at android.os.Parcel.readException(Parcel.java:2978)
02-13 22:37:07.104 W/PlatformConfigurator(26425): 	at android.database.DatabaseUtils.readExceptionFromParcel(DatabaseUtils.java:190)
02-13 22:37:07.104 W/PlatformConfigurator(26425): 	at android.database.DatabaseUtils.readExceptionFromParcel(DatabaseUtils.java:142)
02-13 22:37:07.104 W/PlatformConfigurator(26425): 	at android.content.ContentProviderProxy.call(ContentProviderNative.java:732)
02-13 22:37:07.104 W/PlatformConfigurator(26425): 	at android.provider.Settings$NameValueCache.setStringsForPrefix(Settings.java:3032)
02-13 22:37:07.104 W/PlatformConfigurator(26425): 	at android.provider.Settings$Config.setStrings(Settings.java:18031)
02-13 22:37:07.104 W/PlatformConfigurator(26425): 	at android.provider.DeviceConfig.setProperties(DeviceConfig.java:980)
02-13 22:37:07.104 W/PlatformConfigurator(26425): 	at epjl.a(:com.google.android.gms@260235029@26.02.35 (190400-862924022):46)
02-13 22:37:07.104 W/PlatformConfigurator(26425): 	at epjp.m(:com.google.android.gms@260235029@26.02.35 (190400-862924022):66)
02-13 22:37:07.104 W/PlatformConfigurator(26425): 	at epjp.e(:com.google.android.gms@260235029@26.02.35 (190400-862924022):22)
02-13 22:37:07.104 W/PlatformConfigurator(26425): 	at com.google.android.gms.platformconfigurator.PhenotypeConfigurationUpdateListener.b(:com.google.android.gms@260235029@26.02.35 (190400-862924022):103)
02-13 22:37:07.104 W/PlatformConfigurator(26425): 	at com.google.android.gms.platformconfigurator.PhenotypeConfigurationUpdateListener.onHandleIntent(:com.google.android.gms@260235029@26.02.35 (190400-862924022):119)
02-13 22:37:07.104 W/PlatformConfigurator(26425): 	at com.google.android.chimera.IntentOperation.onHandleIntent(:com.google.android.gms@260235029@26.02.35 (190400-862924022):1)
02-13 22:37:07.104 W/PlatformConfigurator(26425): 	at ayrm.onHandleIntent(:com.google.android.gms@260235029@26.02.35 (190400-862924022):84)
02-13 22:37:07.104 W/PlatformConfigurator(26425): 	at yrc.run(:com.google.android.gms@260235029@26.02.35 (190400-862924022):64)
02-13 22:37:07.104 W/PlatformConfigurator(26425): 	at yrb.run(:com.google.android.gms@260235029@26.02.35 (190400-862924022):132)
02-13 22:37:07.104 W/PlatformConfigurator(26425): 	at gmlp.run(:com.google.android.gms@260235029@26.02.35 (190400-862924022):19)
02-13 22:37:07.104 W/PlatformConfigurator(26425): 	at java.util.concurrent.ThreadPoolExecutor.runWorker(ThreadPoolExecutor.java:1137)
02-13 22:37:07.104 W/PlatformConfigurator(26425): 	at java.util.concurrent.ThreadPoolExecutor$Worker.run(ThreadPoolExecutor.java:637)
02-13 22:37:07.104 W/PlatformConfigurator(26425): 	at java.lang.Thread.run(Thread.java:1012)
02-13 22:37:07.105 I/PlatformConfigurator(26425): Failed to propagate package com.google.android.platform.battery_saver, retryCount 2 [CONTEXT service_id=204 ]
02-13 22:37:07.160 E/DatabaseUtils( 4571): Writing exception to parcel
02-13 22:37:07.160 E/DatabaseUtils( 4571): java.lang.SecurityException: Permission denial: writing to settings requires:android.permission.WRITE_DEVICE_CONFIG
02-13 22:37:07.160 E/DatabaseUtils( 4571): 	at com.android.providers.settings.SettingsProvider.enforceWritePermission(SettingsProvider.java:2268)
02-13 22:37:07.160 E/DatabaseUtils( 4571): 	at com.android.providers.settings.SettingsProvider.setAllConfigSettings(SettingsProvider.java:1162)
02-13 22:37:07.160 E/DatabaseUtils( 4571): 	at com.android.providers.settings.SettingsProvider.call(SettingsProvider.java:477)
02-13 22:37:07.160 E/DatabaseUtils( 4571): 	at android.content.ContentProvider.call(ContentProvider.java:2511)
02-13 22:37:07.160 E/DatabaseUtils( 4571): 	at android.content.ContentProvider$Transport.call(ContentProvider.java:525)
02-13 22:37:07.160 E/DatabaseUtils( 4571): 	at android.content.ContentProviderNative.onTransact(ContentProviderNative.java:295)
02-13 22:37:07.160 E/DatabaseUtils( 4571): 	at android.os.Binder.execTransactInternal(Binder.java:1285)
02-13 22:37:07.160 E/DatabaseUtils( 4571): 	at android.os.Binder.execTransact(Binder.java:1244)
02-13 22:37:07.161 W/PlatformConfigurator(26425): setProperties failed with SecurityException [CONTEXT service_id=204 ]
02-13 22:37:07.161 W/PlatformConfigurator(26425): java.lang.SecurityException: Permission denial: writing to settings requires:android.permission.WRITE_DEVICE_CONFIG
02-13 22:37:07.161 W/PlatformConfigurator(26425): 	at android.os.Parcel.createExceptionOrNull(Parcel.java:3011)
02-13 22:37:07.161 W/PlatformConfigurator(26425): 	at android.os.Parcel.createException(Parcel.java:2995)
02-13 22:37:07.161 W/PlatformConfigurator(26425): 	at android.os.Parcel.readException(Parcel.java:2978)
02-13 22:37:07.161 W/PlatformConfigurator(26425): 	at android.database.DatabaseUtils.readExceptionFromParcel(DatabaseUtils.java:190)
02-13 22:37:07.161 W/PlatformConfigurator(26425): 	at android.database.DatabaseUtils.readExceptionFromParcel(DatabaseUtils.java:142)
02-13 22:37:07.161 W/PlatformConfigurator(26425): 	at android.content.ContentProviderProxy.call(ContentProviderNative.java:732)
02-13 22:37:07.161 W/PlatformConfigurator(26425): 	at android.provider.Settings$NameValueCache.setStringsForPrefix(Settings.java:3032)
02-13 22:37:07.161 W/PlatformConfigurator(26425): 	at android.provider.Settings$Config.setStrings(Settings.java:18031)
02-13 22:37:07.161 W/PlatformConfigurator(26425): 	at android.provider.DeviceConfig.setProperties(DeviceConfig.java:980)
02-13 22:37:07.161 W/PlatformConfigurator(26425): 	at epjl.a(:com.google.android.gms@260235029@26.02.35 (190400-862924022):46)
02-13 22:37:07.161 W/PlatformConfigurator(26425): 	at epjp.m(:com.google.android.gms@260235029@26.02.35 (190400-862924022):66)
02-13 22:37:07.161 W/PlatformConfigurator(26425): 	at epjp.e(:com.google.android.gms@260235029@26.02.35 (190400-862924022):22)
02-13 22:37:07.161 W/PlatformConfigurator(26425): 	at com.google.android.gms.platformconfigurator.PhenotypeConfigurationUpdateListener.b(:com.google.android.gms@260235029@26.02.35 (190400-862924022):103)
02-13 22:37:07.161 W/PlatformConfigurator(26425): 	at com.google.android.gms.platformconfigurator.PhenotypeConfigurationUpdateListener.onHandleIntent(:com.google.android.gms@260235029@26.02.35 (190400-862924022):119)
02-13 22:37:07.161 W/PlatformConfigurator(26425): 	at com.google.android.chimera.IntentOperation.onHandleIntent(:com.google.android.gms@260235029@26.02.35 (190400-862924022):1)
02-13 22:37:07.161 W/PlatformConfigurator(26425): 	at ayrm.onHandleIntent(:com.google.android.gms@260235029@26.02.35 (190400-862924022):84)
02-13 22:37:07.161 W/PlatformConfigurator(26425): 	at yrc.run(:com.google.android.gms@260235029@26.02.35 (190400-862924022):64)
02-13 22:37:07.161 W/PlatformConfigurator(26425): 	at yrb.run(:com.google.android.gms@260235029@26.02.35 (190400-862924022):132)
02-13 22:37:07.161 W/PlatformConfigurator(26425): 	at gmlp.run(:com.google.android.gms@260235029@26.02.35 (190400-862924022):19)
02-13 22:37:07.161 W/PlatformConfigurator(26425): 	at java.util.concurrent.ThreadPoolExecutor.runWorker(ThreadPoolExecutor.java:1137)
02-13 22:37:07.161 W/PlatformConfigurator(26425): 	at java.util.concurrent.ThreadPoolExecutor$Worker.run(ThreadPoolExecutor.java:637)
02-13 22:37:07.161 W/PlatformConfigurator(26425): 	at java.lang.Thread.run(Thread.java:1012)
02-13 22:37:07.162 I/PlatformConfigurator(26425): Failed to propagate package com.google.android.platform.constrain_display_apis, retryCount 2 [CONTEXT service_id=204 ]
02-13 22:37:07.178 D/TrafficStats(26371): tagSocket(57) with statsTag=0x90000, statsUid=-1
02-13 22:37:07.222 E/DatabaseUtils( 4571): Writing exception to parcel
02-13 22:37:07.222 E/DatabaseUtils( 4571): java.lang.SecurityException: Permission denial: writing to settings requires:android.permission.WRITE_DEVICE_CONFIG
02-13 22:37:07.222 E/DatabaseUtils( 4571): 	at com.android.providers.settings.SettingsProvider.enforceWritePermission(SettingsProvider.java:2268)
02-13 22:37:07.222 E/DatabaseUtils( 4571): 	at com.android.providers.settings.SettingsProvider.setAllConfigSettings(SettingsProvider.java:1162)
02-13 22:37:07.222 E/DatabaseUtils( 4571): 	at com.android.providers.settings.SettingsProvider.call(SettingsProvider.java:477)
02-13 22:37:07.222 E/DatabaseUtils( 4571): 	at android.content.ContentProvider.call(ContentProvider.java:2511)
02-13 22:37:07.222 E/DatabaseUtils( 4571): 	at android.content.ContentProvider$Transport.call(ContentProvider.java:525)
02-13 22:37:07.222 E/DatabaseUtils( 4571): 	at android.content.ContentProviderNative.onTransact(ContentProviderNative.java:295)
02-13 22:37:07.222 E/DatabaseUtils( 4571): 	at android.os.Binder.execTransactInternal(Binder.java:1285)
02-13 22:37:07.222 E/DatabaseUtils( 4571): 	at android.os.Binder.execTransact(Binder.java:1244)
02-13 22:37:07.224 W/PlatformConfigurator(26425): setProperties failed with SecurityException [CONTEXT service_id=204 ]
02-13 22:37:07.224 W/PlatformConfigurator(26425): java.lang.SecurityException: Permission denial: writing to settings requires:android.permission.WRITE_DEVICE_CONFIG
02-13 22:37:07.224 W/PlatformConfigurator(26425): 	at android.os.Parcel.createExceptionOrNull(Parcel.java:3011)
02-13 22:37:07.224 W/PlatformConfigurator(26425): 	at android.os.Parcel.createException(Parcel.java:2995)
02-13 22:37:07.224 W/PlatformConfigurator(26425): 	at android.os.Parcel.readException(Parcel.java:2978)
02-13 22:37:07.224 W/PlatformConfigurator(26425): 	at android.database.DatabaseUtils.readExceptionFromParcel(DatabaseUtils.java:190)
02-13 22:37:07.224 W/PlatformConfigurator(26425): 	at android.database.DatabaseUtils.readExceptionFromParcel(DatabaseUtils.java:142)
02-13 22:37:07.224 W/PlatformConfigurator(26425): 	at android.content.ContentProviderProxy.call(ContentProviderNative.java:732)
02-13 22:37:07.224 W/PlatformConfigurator(26425): 	at android.provider.Settings$NameValueCache.setStringsForPrefix(Settings.java:3032)
02-13 22:37:07.224 W/PlatformConfigurator(26425): 	at android.provider.Settings$Config.setStrings(Settings.java:18031)
02-13 22:37:07.224 W/PlatformConfigurator(26425): 	at android.provider.DeviceConfig.setProperties(DeviceConfig.java:980)
02-13 22:37:07.224 W/PlatformConfigurator(26425): 	at epjl.a(:com.google.android.gms@260235029@26.02.35 (190400-862924022):46)
02-13 22:37:07.224 W/PlatformConfigurator(26425): 	at epjp.m(:com.google.android.gms@260235029@26.02.35 (190400-862924022):66)
02-13 22:37:07.224 W/PlatformConfigurator(26425): 	at epjp.e(:com.google.android.gms@260235029@26.02.35 (190400-862924022):22)
02-13 22:37:07.224 W/PlatformConfigurator(26425): 	at com.google.android.gms.platformconfigurator.PhenotypeConfigurationUpdateListener.b(:com.google.android.gms@260235029@26.02.35 (190400-862924022):103)
02-13 22:37:07.224 W/PlatformConfigurator(26425): 	at com.google.android.gms.platformconfigurator.PhenotypeConfigurationUpdateListener.onHandleIntent(:com.google.android.gms@260235029@26.02.35 (190400-862924022):119)
02-13 22:37:07.224 W/PlatformConfigurator(26425): 	at com.google.android.chimera.IntentOperation.onHandleIntent(:com.google.android.gms@260235029@26.02.35 (190400-862924022):1)
02-13 22:37:07.224 W/PlatformConfigurator(26425): 	at ayrm.onHandleIntent(:com.google.android.gms@260235029@26.02.35 (190400-862924022):84)
02-13 22:37:07.224 W/PlatformConfigurator(26425): 	at yrc.run(:com.google.android.gms@260235029@26.02.35 (190400-862924022):64)
02-13 22:37:07.224 W/PlatformConfigurator(26425): 	at yrb.run(:com.google.android.gms@260235029@26.02.35 (190400-862924022):132)
02-13 22:37:07.224 W/PlatformConfigurator(26425): 	at gmlp.run(:com.google.android.gms@260235029@26.02.35 (190400-862924022):19)
02-13 22:37:07.224 W/PlatformConfigurator(26425): 	at java.util.concurrent.ThreadPoolExecutor.runWorker(ThreadPoolExecutor.java:1137)
02-13 22:37:07.224 W/PlatformConfigurator(26425): 	at java.util.concurrent.ThreadPoolExecutor$Worker.run(ThreadPoolExecutor.java:637)
02-13 22:37:07.224 W/PlatformConfigurator(26425): 	at java.lang.Thread.run(Thread.java:1012)
02-13 22:37:07.224 I/PlatformConfigurator(26425): Failed to propagate package com.google.android.platform.vpn, retryCount 2 [CONTEXT service_id=204 ]
02-13 22:37:07.279 E/DatabaseUtils( 4571): Writing exception to parcel
02-13 22:37:07.279 E/DatabaseUtils( 4571): java.lang.SecurityException: Permission denial: writing to settings requires:android.permission.WRITE_DEVICE_CONFIG
02-13 22:37:07.279 E/DatabaseUtils( 4571): 	at com.android.providers.settings.SettingsProvider.enforceWritePermission(SettingsProvider.java:2268)
02-13 22:37:07.279 E/DatabaseUtils( 4571): 	at com.android.providers.settings.SettingsProvider.setAllConfigSettings(SettingsProvider.java:1162)
02-13 22:37:07.279 E/DatabaseUtils( 4571): 	at com.android.providers.settings.SettingsProvider.call(SettingsProvider.java:477)
02-13 22:37:07.279 E/DatabaseUtils( 4571): 	at android.content.ContentProvider.call(ContentProvider.java:2511)
02-13 22:37:07.279 E/DatabaseUtils( 4571): 	at android.content.ContentProvider$Transport.call(ContentProvider.java:525)
02-13 22:37:07.279 E/DatabaseUtils( 4571): 	at android.content.ContentProviderNative.onTransact(ContentProviderNative.java:295)
02-13 22:37:07.279 E/DatabaseUtils( 4571): 	at android.os.Binder.execTransactInternal(Binder.java:1285)
02-13 22:37:07.279 E/DatabaseUtils( 4571): 	at android.os.Binder.execTransact(Binder.java:1244)
02-13 22:37:07.280 D/TrafficStats(26371): tagSocket(57) with statsTag=0xffffffff, statsUid=-1
02-13 22:37:07.280 W/PlatformConfigurator(26425): setProperties failed with SecurityException [CONTEXT service_id=204 ]
02-13 22:37:07.280 W/PlatformConfigurator(26425): java.lang.SecurityException: Permission denial: writing to settings requires:android.permission.WRITE_DEVICE_CONFIG
02-13 22:37:07.280 W/PlatformConfigurator(26425): 	at android.os.Parcel.createExceptionOrNull(Parcel.java:3011)
02-13 22:37:07.280 W/PlatformConfigurator(26425): 	at android.os.Parcel.createException(Parcel.java:2995)
02-13 22:37:07.280 W/PlatformConfigurator(26425): 	at android.os.Parcel.readException(Parcel.java:2978)
02-13 22:37:07.280 W/PlatformConfigurator(26425): 	at android.database.DatabaseUtils.readExceptionFromParcel(DatabaseUtils.java:190)
02-13 22:37:07.280 W/PlatformConfigurator(26425): 	at android.database.DatabaseUtils.readExceptionFromParcel(DatabaseUtils.java:142)
02-13 22:37:07.280 W/PlatformConfigurator(26425): 	at android.content.ContentProviderProxy.call(ContentProviderNative.java:732)
02-13 22:37:07.280 W/PlatformConfigurator(26425): 	at android.provider.Settings$NameValueCache.setStringsForPrefix(Settings.java:3032)
02-13 22:37:07.280 W/PlatformConfigurator(26425): 	at android.provider.Settings$Config.setStrings(Settings.java:18031)
02-13 22:37:07.280 W/PlatformConfigurator(26425): 	at android.provider.DeviceConfig.setProperties(DeviceConfig.java:980)
02-13 22:37:07.280 W/PlatformConfigurator(26425): 	at epjl.a(:com.google.android.gms@260235029@26.02.35 (190400-862924022):46)
02-13 22:37:07.280 W/PlatformConfigurator(26425): 	at epjp.m(:com.google.android.gms@260235029@26.02.35 (190400-862924022):66)
02-13 22:37:07.280 W/PlatformConfigurator(26425): 	at epjp.e(:com.google.android.gms@260235029@26.02.35 (190400-862924022):22)
02-13 22:37:07.280 W/PlatformConfigurator(26425): 	at com.google.android.gms.platformconfigurator.PhenotypeConfigurationUpdateListener.b(:com.google.android.gms@260235029@26.02.35 (190400-862924022):103)
02-13 22:37:07.280 W/PlatformConfigurator(26425): 	at com.google.android.gms.platformconfigurator.PhenotypeConfigurationUpdateListener.onHandleIntent(:com.google.android.gms@260235029@26.02.35 (190400-862924022):119)
02-13 22:37:07.280 W/PlatformConfigurator(26425): 	at com.google.android.chimera.IntentOperation.onHandleIntent(:com.google.android.gms@260235029@26.02.35 (190400-862924022):1)
02-13 22:37:07.280 W/PlatformConfigurator(26425): 	at ayrm.onHandleIntent(:com.google.android.gms@260235029@26.02.35 (190400-862924022):84)
02-13 22:37:07.280 W/PlatformConfigurator(26425): 	at yrc.run(:com.google.android.gms@260235029@26.02.35 (190400-862924022):64)
02-13 22:37:07.280 W/PlatformConfigurator(26425): 	at yrb.run(:com.google.android.gms@260235029@26.02.35 (190400-862924022):132)
02-13 22:37:07.280 W/PlatformConfigurator(26425): 	at gmlp.run(:com.google.android.gms@260235029@26.02.35 (190400-862924022):19)
02-13 22:37:07.280 W/PlatformConfigurator(26425): 	at java.util.concurrent.ThreadPoolExecutor.runWorker(ThreadPoolExecutor.java:1137)
02-13 22:37:07.280 W/PlatformConfigurator(26425): 	at java.util.concurrent.ThreadPoolExecutor$Worker.run(ThreadPoolExecutor.java:637)
02-13 22:37:07.280 W/PlatformConfigurator(26425): 	at java.lang.Thread.run(Thread.java:1012)
02-13 22:37:07.281 I/PlatformConfigurator(26425): Failed to propagate package com.google.android.platform.backup_and_restore, retryCount 2 [CONTEXT service_id=204 ]
02-13 22:37:07.335 E/DatabaseUtils( 4571): Writing exception to parcel
02-13 22:37:07.335 E/DatabaseUtils( 4571): java.lang.SecurityException: Permission denial: writing to settings requires:android.permission.WRITE_DEVICE_CONFIG
02-13 22:37:07.335 E/DatabaseUtils( 4571): 	at com.android.providers.settings.SettingsProvider.enforceWritePermission(SettingsProvider.java:2268)
02-13 22:37:07.335 E/DatabaseUtils( 4571): 	at com.android.providers.settings.SettingsProvider.setAllConfigSettings(SettingsProvider.java:1162)
02-13 22:37:07.335 E/DatabaseUtils( 4571): 	at com.android.providers.settings.SettingsProvider.call(SettingsProvider.java:477)
02-13 22:37:07.335 E/DatabaseUtils( 4571): 	at android.content.ContentProvider.call(ContentProvider.java:2511)
02-13 22:37:07.335 E/DatabaseUtils( 4571): 	at android.content.ContentProvider$Transport.call(ContentProvider.java:525)
02-13 22:37:07.335 E/DatabaseUtils( 4571): 	at android.content.ContentProviderNative.onTransact(ContentProviderNative.java:295)
02-13 22:37:07.335 E/DatabaseUtils( 4571): 	at android.os.Binder.execTransactInternal(Binder.java:1285)
02-13 22:37:07.335 E/DatabaseUtils( 4571): 	at android.os.Binder.execTransact(Binder.java:1244)
02-13 22:37:07.337 W/PlatformConfigurator(26425): setProperties failed with SecurityException [CONTEXT service_id=204 ]
02-13 22:37:07.337 W/PlatformConfigurator(26425): java.lang.SecurityException: Permission denial: writing to settings requires:android.permission.WRITE_DEVICE_CONFIG
02-13 22:37:07.337 W/PlatformConfigurator(26425): 	at android.os.Parcel.createExceptionOrNull(Parcel.java:3011)
02-13 22:37:07.337 W/PlatformConfigurator(26425): 	at android.os.Parcel.createException(Parcel.java:2995)
02-13 22:37:07.337 W/PlatformConfigurator(26425): 	at android.os.Parcel.readException(Parcel.java:2978)
