02-22 02:45:03.332 I/native  (30437): I0000 00:00:1771721103.332432   15799 android_resource_loader.cc:116] Loaded resource:locovoc_model_options
02-22 02:45:03.333 I/native  (30437): I0000 00:00:1771721103.333258   15799 data_source.cc:95] Opening data source "/data/user_de/0/com.google.android.tts/files/superpacks/en-us/en-us-x-multi-locomel-r83/locovoc_prosody.tflite" (as: FILE) ...
02-22 02:45:03.333 I/native  (30437): I0000 00:00:1771721103.333768   15799 data_source.cc:99] ... Opened data source "/data/user_de/0/com.google.android.tts/files/superpacks/en-us/en-us-x-multi-locomel-r83/locovoc_prosody.tflite" of size 2544268
02-22 02:45:03.357 I/native  (30437): I0000 00:00:1771721103.357493   15799 data_source.cc:95] Opening data source "/data/user_de/0/com.google.android.tts/files/superpacks/en-us/en-us-x-multi-locomel-r83/locovoc_model_options.pb" (as: FILE) ...
02-22 02:45:03.357 I/native  (30437): I0000 00:00:1771721103.357660   15799 data_source.cc:99] ... Opened data source "/data/user_de/0/com.google.android.tts/files/superpacks/en-us/en-us-x-multi-locomel-r83/locovoc_model_options.pb" of size 112
02-22 02:45:03.359 I/native  (30437): I0000 00:00:1771721103.359892   15799 android_resource_loader.cc:100] Built resource prosody_predictor
02-22 02:45:03.359 I/native  (30437): I0000 00:00:1771721103.359967   15799 android_resource_loader.cc:116] Loaded resource:prosody_predictor
02-22 02:45:03.360 I/native  (30437): I0000 00:00:1771721103.360660   15799 data_source.cc:95] Opening data source "/data/user_de/0/com.google.android.tts/files/superpacks/en-us/en-us-x-multi-locomel-r83/locovoc_acoustic.tflite" (as: FILE) ...
02-22 02:45:03.361 I/native  (30437): I0000 00:00:1771721103.361126   15799 data_source.cc:99] ... Opened data source "/data/user_de/0/com.google.android.tts/files/superpacks/en-us/en-us-x-multi-locomel-r83/locovoc_acoustic.tflite" of size 1888720
02-22 02:45:03.375 I/native  (30437): I0000 00:00:1771721103.375832   15799 data_source.cc:95] Opening data source "/data/user_de/0/com.google.android.tts/files/superpacks/en-us/en-us-x-multi-locomel-r83/locovoc_model_options.pb" (as: FILE) ...
02-22 02:45:03.376 I/native  (30437): I0000 00:00:1771721103.376043   15799 data_source.cc:99] ... Opened data source "/data/user_de/0/com.google.android.tts/files/superpacks/en-us/en-us-x-multi-locomel-r83/locovoc_model_options.pb" of size 112
02-22 02:45:03.377 I/native  (30437): I0000 00:00:1771721103.376980   15799 android_resource_loader.cc:100] Built resource acoustic_predictor
02-22 02:45:03.377 I/native  (30437): I0000 00:00:1771721103.377126   15799 android_resource_loader.cc:116] Loaded resource:acoustic_predictor
02-22 02:45:03.377 I/native  (30437): I0000 00:00:1771721103.377173   15799 data_source.cc:95] Opening data source "/data/user_de/0/com.google.android.tts/files/superpacks/en-us/en-us-x-multi-locomel-r83/seanet_model_options.pb" (as: FILE) ...
02-22 02:45:03.377 I/native  (30437): I0000 00:00:1771721103.377721   15799 data_source.cc:99] ... Opened data source "/data/user_de/0/com.google.android.tts/files/superpacks/en-us/en-us-x-multi-locomel-r83/seanet_model_options.pb" of size 32
02-22 02:45:03.378 I/native  (30437): I0000 00:00:1771721103.378213   15799 data_source.cc:95] Opening data source "/data/user_de/0/com.google.android.tts/files/superpacks/en-us/en-us-x-multi-locomel-r83/seanet_model.tflite" (as: FILE) ...
02-22 02:45:03.378 I/native  (30437): I0000 00:00:1771721103.378625   15799 data_source.cc:99] ... Opened data source "/data/user_de/0/com.google.android.tts/files/superpacks/en-us/en-us-x-multi-locomel-r83/seanet_model.tflite" of size 2786320
02-22 02:45:03.394 I/native  (30437): I0000 00:00:1771721103.394789   15799 android_resource_loader.cc:100] Built resource seanet_enhancer
02-22 02:45:03.394 I/native  (30437): I0000 00:00:1771721103.394938   15799 android_resource_loader.cc:116] Loaded resource:seanet_enhancer
02-22 02:45:03.395 I/native  (30437): I0000 00:00:1771721103.395004   15799 local_pipeline_runner.cc:49] Done loading all resources from: {/data/user_de/0/com.google.android.tts/files/superpacks/en-us/en-us-x-multi-locomel-r83}
02-22 02:45:03.412 I/ComposerWrapperImpl(30437): Done initializing en-us-x-iog-locomel-embedded
02-22 02:45:03.442 I/GoogleTTSServiceImpl(30437): Synthesis request for locale eng-USA and name en-US-language
02-22 02:45:03.445 I/GoogleTTSServiceImpl(30437): TTS dispatch: en-us-x-iog-locomel-embedded
02-22 02:45:03.445 I/LocalSynthesizer(30437): Attempting to load synthesizer for voice: en-us-x-iog-locomel-embedded
02-22 02:45:03.445 I/LocalSynthesizer(30437): Voice en-us-x-iog-locomel-embedded is already supported by loaded synthesizer en-us-x-multi.
02-22 02:45:03.446 I/ComposerWrapperImpl(30437): Skipping initialization, can already run voice en-us-x-iog-locomel-embedded.
02-22 02:45:03.448 I/GoogleTTSServiceImpl(30437): Did not cache synthesis request.
02-22 02:45:03.449 I/GoogleTTSServiceImpl(30437): Synthesis request for locale eng-USA and name en-US-language
02-22 02:45:03.451 I/GoogleTTSServiceImpl(30437): TTS dispatch: en-us-x-iog-locomel-embedded
02-22 02:45:03.451 I/LocalSynthesizer(30437): Attempting to load synthesizer for voice: en-us-x-iog-locomel-embedded
02-22 02:45:03.452 I/LocalSynthesizer(30437): Voice en-us-x-iog-locomel-embedded is already supported by loaded synthesizer en-us-x-multi.
02-22 02:45:03.452 I/ComposerWrapperImpl(30437): Skipping initialization, can already run voice en-us-x-iog-locomel-embedded.
02-22 02:45:03.456 D/AudioFlinger( 4293): AUDIO_OUTPUT_FLAG_FAST denied: sharedBuffer=0x0 frameCount=4096 mFrameCount=192 format=0x1 mFormat=0x5 isLinear=1 channelMask=0x1 sampleRate=16000 mSampleRate=48000 hasFastMixer=1 tid=-1 fastTrackAvailMask=0xfe
02-22 02:45:03.456 D/AudioFlinger( 4293): Client defaulted notificationFrames to 320 for frameCount 4096
02-22 02:45:03.458 D/AF::TrackHandle( 4293): OpPlayAudio: track:118 usage:11 not muted
02-22 02:45:03.609 I/tflite  (30437): Created TensorFlow Lite XNNPACK delegate for CPU.
02-22 02:45:03.624 I/tflite  (30437): Replacing 344 out of 345 node(s) with delegate (TfLiteXNNPackDelegate) node, yielding 3 partitions for subgraph 0.
02-22 02:45:03.761 I/tflite  (30437): Replacing 139 out of 140 node(s) with delegate (TfLiteXNNPackDelegate) node, yielding 3 partitions for subgraph 0.
02-22 02:45:03.805 I/tflite  (30437): Replacing 301 out of 301 node(s) with delegate (TfLiteXNNPackDelegate) node, yielding 1 partitions for subgraph 0.
02-22 02:45:03.808 D/AudioFlinger( 4293): AUDIO_OUTPUT_FLAG_FAST denied: sharedBuffer=0x0 frameCount=4096 mFrameCount=192 format=0x1 mFormat=0x5 isLinear=1 channelMask=0x1 sampleRate=24000 mSampleRate=48000 hasFastMixer=1 tid=-1 fastTrackAvailMask=0xfe
02-22 02:45:03.808 D/AudioFlinger( 4293): Client defaulted notificationFrames to 480 for frameCount 4096
02-22 02:45:03.811 D/AF::TrackHandle( 4293): OpPlayAudio: track:119 usage:11 not muted
02-22 02:45:03.932 D/audio_hw_primary( 4214): fast_out-out_update_source_metadata: called, but not implemented yet
02-22 02:45:03.932 D/audio_hw_primary( 4214): fast_out-out_update_source_metadata: This stream has 1 tracks
02-22 02:45:03.932 D/audio_hw_primary( 4214): 1 Track has Usage(11), Content Type(0), Gain(1.000000)
02-22 02:45:04.056 W/libc    (16305): Access denied finding property "qemu.sf.lcd_density"
02-22 02:45:04.056 W/libc    (16305): Access denied finding property "qemu.sf.lcd_density"
02-22 02:45:04.070 I/AccessibilityNodeInfoDumper(16305): Skipping invisible child: android.view.accessibility.AccessibilityNodeInfo@87f6; boundsInParent: Rect(0, 0 - 2317, 0); boundsInScreen: Rect(83, 100 - 2400, 100); packageName: com.google.android.marvin.talkback; className: android.widget.LinearLayout; text: null; error: null; maxTextLength: -1; stateDescription: null; contentDescription: null; tooltipText: null; viewIdResName: com.google.android.marvin.talkback:id/training_toolbar_layout; uniqueId: null; checkable: false; checked: false; focusable: false; focused: false; selected: false; clickable: false; longClickable: false; contextClickable: false; enabled: true; password: false; scrollable: false; importantForAccessibility: false; visible: false; actions: [AccessibilityAction: ACTION_SELECT - null, AccessibilityAction: ACTION_CLEAR_SELECTION - null, AccessibilityAction: ACTION_ACCESSIBILITY_FOCUS - null, AccessibilityAction: ACTION_SHOW_ON_SCREEN - null]; isTextSelectable: false
02-22 02:45:04.084 W/AccessibilityNodeInfoDumper(16305): Fetch time: 23ms
02-22 02:45:04.089 W/WindowMagnificationMgr( 4589): requestConnection duplicated request: connect=false, mConnectionState=DISCONNECTED
02-22 02:45:03.982 I/[2:    uiautomator:16305] binder(    0): 16305:16305 ioctl 40046210 7fc9af1be4 returned -22
02-22 02:45:04.093 D/AndroidRuntime(16305): Shutting down VM
02-22 02:45:04.111 W/TransactionTracing( 4303): Could not find layer handle 0x7c8a841bb0
02-22 02:45:04.315 W/[3:       wificond: 4411] slsi_mlme_get_sinfo_mib(    0): 2 callbacks suppressed
02-22 02:45:04.926 W/android.vending(10780): Reducing the number of considered missed Gc histogram windows from 118 to 100
02-22 02:45:04.971 D/AudioTrack(30437): stop(77): called with 24513 frames delivered
02-22 02:45:04.979 I/MediaFocusControl( 4589): abandonAudioFocus() from uid/pid 10137/16139 clientId=android.media.AudioManager@acd217acom.google.android.accessibility.utils.output.SpeechControllerImpl$5@7e69d2b
02-22 02:45:04.990 I/GoogleTTSServiceImpl(30437): Synthesis request for locale eng-USA and name en-US-language
02-22 02:45:04.991 D/CompatibilityChangeReporter( 4589): Compat change id reported: 136293963; UID 10137; state: ENABLED
02-22 02:45:04.991 W/WindowMagnificationMgr( 4589): requestConnection duplicated request: connect=false, mConnectionState=DISCONNECTED
02-22 02:45:04.992 I/GoogleTTSServiceImpl(30437): TTS dispatch: en-us-x-iog-locomel-embedded
02-22 02:45:04.993 I/LocalSynthesizer(30437): Attempting to load synthesizer for voice: en-us-x-iog-locomel-embedded
02-22 02:45:04.993 I/LocalSynthesizer(30437): Voice en-us-x-iog-locomel-embedded is already supported by loaded synthesizer en-us-x-multi.
02-22 02:45:04.993 I/ComposerWrapperImpl(30437): Skipping initialization, can already run voice en-us-x-iog-locomel-embedded.
02-22 02:45:04.994 I/GoogleTTSServiceImpl(30437): Did not cache synthesis request.
02-22 02:45:04.997 I/eauf    ( 7573): (REDACTED) appOpsListener %s %s
02-22 02:45:04.998 I/eauf    ( 7573): (REDACTED) Ignoring irrelevant audio permission changes for package %s
02-22 02:45:05.000 D/AudioFlinger( 4293): AUDIO_OUTPUT_FLAG_FAST denied: sharedBuffer=0x0 frameCount=4096 mFrameCount=192 format=0x1 mFormat=0x5 isLinear=1 channelMask=0x1 sampleRate=16000 mSampleRate=48000 hasFastMixer=1 tid=-1 fastTrackAvailMask=0xfe
02-22 02:45:05.000 D/AudioFlinger( 4293): Client defaulted notificationFrames to 320 for frameCount 4096
02-22 02:45:05.001 D/AF::TrackHandle( 4293): OpPlayAudio: track:120 usage:11 not muted
02-22 02:45:05.007 I/SensorsInputVirtual( 4256): HoverProximity::activate: 0
02-22 02:45:05.007 I/SensorsInputVirtual( 4256): HoverProximity::activate 0
02-22 02:45:04.897 I/        (    0): [1:android.hardwar: 4256] [sec_input] sec_cmd_store: push cmd: ear_detect_enable,0
02-22 02:45:04.897 I/        (    0): [1:android.hardwar: 4256]
02-22 02:45:04.897 I/        (    0): [1:android.hardwar: 4256] [sec_input] sec_cmd_store_function: cmd = ear_detect_enable param = 0
02-22 02:45:05.010 I/GoogleTTSServiceImpl(30437): Synthesis request for locale eng-USA and name en-US-language
02-22 02:45:05.011 D/WifiService( 4589):  getWifiActivityEnergyInfo:  on_time_millis=0 tx_time_millis=0 rx_time_millis=13335653 rxIdleTimeMillis=-13335653 scan_time_millis=970336
02-22 02:45:05.012 I/GoogleTTSServiceImpl(30437): TTS dispatch: en-us-x-iog-locomel-embedded
02-22 02:45:05.012 W/BatteryExternalStatsWorker( 4589): error reading Bluetooth stats: 9
02-22 02:45:05.012 I/LocalSynthesizer(30437): Attempting to load synthesizer for voice: en-us-x-iog-locomel-embedded
02-22 02:45:05.012 I/LocalSynthesizer(30437): Voice en-us-x-iog-locomel-embedded is already supported by loaded synthesizer en-us-x-multi.
02-22 02:45:05.012 I/ComposerWrapperImpl(30437): Skipping initialization, can already run voice en-us-x-iog-locomel-embedded.
02-22 02:45:05.013 I/GoogleTTSServiceImpl(30437): Did not cache synthesis request.
02-22 02:45:05.017 D/TextToSpeechManagerPerUserService( 4589): Unbinding TTS engine: com.google.android.tts. Reason: client disconnection request
02-22 02:45:05.021 E/talkback: PackageManagerUtils(16139): Could not find package: com.google.android.aicore
02-22 02:45:05.022 D/AudioFlinger( 4293): AUDIO_OUTPUT_FLAG_FAST denied: sharedBuffer=0x0 frameCount=4096 mFrameCount=192 format=0x1 mFormat=0x5 isLinear=1 channelMask=0x1 sampleRate=16000 mSampleRate=48000 hasFastMixer=1 tid=-1 fastTrackAvailMask=0xfe
02-22 02:45:05.022 D/AudioFlinger( 4293): Client defaulted notificationFrames to 320 for frameCount 4096
02-22 02:45:05.023 W/TextToSpeechManagerPerUserService( 4589): Disconnected from TTS engine
02-22 02:45:05.024 I/TextToSpeech(16139): Disconnected from TTS engine
02-22 02:45:05.024 W/ServiceConnector.Impl( 4589): mayInterruptIfRunning not supported - ignoring
02-22 02:45:05.025 D/AF::TrackHandle( 4293): OpPlayAudio: track:121 usage:11 not muted
02-22 02:45:05.031 D/audio_hw_primary( 4214): fast_out-out_update_source_metadata: called, but not implemented yet
02-22 02:45:05.049 D/TelephonyManager( 4589): requestModemActivityInfo: Sending result to app: ModemActivityInfo{ mTimestamp=363038850 mSleepTimeMs=328558607 mIdleTimeMs=3754306 mActivityStatsTechSpecificInfo=[{mRat=UNKNOWN,mFrequencyRange=UNKNOWN,mTxTimeMs[]=[0, 0, 0, 0, 0],mRxTimeMs=27618279}]}
02-22 02:45:05.057 I/TextToSpeech(16139): Sucessfully bound to com.google.android.tts
02-22 02:45:05.057 D/TextToSpeechManagerPerUserService( 4589): Trying to start connection to TTS engine: com.google.android.tts
02-22 02:45:05.059 D/TextToSpeechManagerPerUserService( 4589): Connected successfully to TTS engine: com.google.android.tts
02-22 02:45:05.059 I/TextToSpeech(16139): Connected to TTS engine
02-22 02:45:05.063 I/GoogleTTSServiceImpl(30437): currentLocale = en-US
02-22 02:45:05.065 I/GoogleTTSServiceImpl(30437): For default lang en-us is name en-US-language (en-us-x-hol-server)
02-22 02:45:05.066 I/TextToSpeech(16139): Setting up the connection to TTS engine...
02-22 02:45:05.067 E/system_server( 4589): Cannot read thread CPU times for PID 4589
02-22 02:45:05.073 W/BatteryExternalStatsWorker( 4589): wifi info is invalid: WifiActivityEnergyInfo{ mTimeSinceBootMillis=363038817 mStackState=3 mControllerTxDurationMillis=0 mControllerRxDurationMillis=13335653 mControllerScanDurationMillis=970336 mControllerIdleDurationMillis=-13335653 mControllerEnergyUsedMicroJoules=3072534451 }
02-22 02:45:05.106 W/CpuPowerCalculator( 4589): UID 10201 CPU freq # mismatch: Power Profile # 28 actual # 30
02-22 02:45:05.106 W/CpuPowerCalculator( 4589): UID 10192 CPU freq # mismatch: Power Profile # 28 actual # 30
02-22 02:45:05.106 W/CpuPowerCalculator( 4589): UID 10190 CPU freq # mismatch: Power Profile # 28 actual # 30
02-22 02:45:05.106 W/CpuPowerCalculator( 4589): UID 10171 CPU freq # mismatch: Power Profile # 28 actual # 30
02-22 02:45:05.106 W/CpuPowerCalculator( 4589): UID 10170 CPU freq # mismatch: Power Profile # 28 actual # 30
02-22 02:45:05.106 W/CpuPowerCalculator( 4589): UID 10165 CPU freq # mismatch: Power Profile # 28 actual # 30
02-22 02:45:05.106 W/CpuPowerCalculator( 4589): UID 10164 CPU freq # mismatch: Power Profile # 28 actual # 30
02-22 02:45:05.106 W/CpuPowerCalculator( 4589): UID 10163 CPU freq # mismatch: Power Profile # 28 actual # 30
02-22 02:45:05.106 W/CpuPowerCalculator( 4589): UID 10161 CPU freq # mismatch: Power Profile # 28 actual # 30
02-22 02:45:05.106 W/CpuPowerCalculator( 4589): UID 10153 CPU freq # mismatch: Power Profile # 28 actual # 30
02-22 02:45:05.106 W/CpuPowerCalculator( 4589): UID 10152 CPU freq # mismatch: Power Profile # 28 actual # 30
02-22 02:45:05.106 W/CpuPowerCalculator( 4589): UID 10149 CPU freq # mismatch: Power Profile # 28 actual # 30
02-22 02:45:05.106 W/CpuPowerCalculator( 4589): UID 10145 CPU freq # mismatch: Power Profile # 28 actual # 30
02-22 02:45:05.106 W/CpuPowerCalculator( 4589): UID 10141 CPU freq # mismatch: Power Profile # 28 actual # 30
02-22 02:45:05.106 W/CpuPowerCalculator( 4589): UID 10138 CPU freq # mismatch: Power Profile # 28 actual # 30
02-22 02:45:05.106 W/CpuPowerCalculator( 4589): UID 10134 CPU freq # mismatch: Power Profile # 28 actual # 30
02-22 02:45:05.106 W/CpuPowerCalculator( 4589): UID 10133 CPU freq # mismatch: Power Profile # 28 actual # 30
02-22 02:45:05.107 W/CpuPowerCalculator( 4589): UID 10116 CPU freq # mismatch: Power Profile # 28 actual # 30
02-22 02:45:05.107 W/CpuPowerCalculator( 4589): UID 10115 CPU freq # mismatch: Power Profile # 28 actual # 30
02-22 02:45:05.107 W/CpuPowerCalculator( 4589): UID 10114 CPU freq # mismatch: Power Profile # 28 actual # 30
02-22 02:45:05.107 W/CpuPowerCalculator( 4589): UID 10105 CPU freq # mismatch: Power Profile # 28 actual # 30
02-22 02:45:05.107 W/CpuPowerCalculator( 4589): UID 10076 CPU freq # mismatch: Power Profile # 28 actual # 30
02-22 02:45:05.107 W/CpuPowerCalculator( 4589): UID 9999 CPU freq # mismatch: Power Profile # 28 actual # 30
02-22 02:45:05.107 W/CpuPowerCalculator( 4589): UID 2000 CPU freq # mismatch: Power Profile # 28 actual # 30
02-22 02:45:05.107 W/CpuPowerCalculator( 4589): UID 1073 CPU freq # mismatch: Power Profile # 28 actual # 30
02-22 02:45:05.107 W/CpuPowerCalculator( 4589): UID 1069 CPU freq # mismatch: Power Profile # 28 actual # 30
02-22 02:45:05.107 W/CpuPowerCalculator( 4589): UID 1068 CPU freq # mismatch: Power Profile # 28 actual # 30
02-22 02:45:05.107 W/CpuPowerCalculator( 4589): UID 1066 CPU freq # mismatch: Power Profile # 28 actual # 30
02-22 02:45:05.107 W/CpuPowerCalculator( 4589): UID 1053 CPU freq # mismatch: Power Profile # 28 actual # 30
02-22 02:45:05.107 W/CpuPowerCalculator( 4589): UID 1047 CPU freq # mismatch: Power Profile # 28 actual # 30
02-22 02:45:05.107 W/CpuPowerCalculator( 4589): UID 1046 CPU freq # mismatch: Power Profile # 28 actual # 30
02-22 02:45:05.107 W/CpuPowerCalculator( 4589): UID 1041 CPU freq # mismatch: Power Profile # 28 actual # 30
02-22 02:45:05.107 W/CpuPowerCalculator( 4589): UID 1040 CPU freq # mismatch: Power Profile # 28 actual # 30
02-22 02:45:05.107 W/CpuPowerCalculator( 4589): UID 1036 CPU freq # mismatch: Power Profile # 28 actual # 30
02-22 02:45:05.108 W/CpuPowerCalculator( 4589): UID 1027 CPU freq # mismatch: Power Profile # 28 actual # 30
02-22 02:45:05.108 W/CpuPowerCalculator( 4589): UID 1021 CPU freq # mismatch: Power Profile # 28 actual # 30
02-22 02:45:05.108 W/CpuPowerCalculator( 4589): UID 1017 CPU freq # mismatch: Power Profile # 28 actual # 30
02-22 02:45:05.108 W/CpuPowerCalculator( 4589): UID 1013 CPU freq # mismatch: Power Profile # 28 actual # 30
02-22 02:45:05.108 W/CpuPowerCalculator( 4589): UID 1010 CPU freq # mismatch: Power Profile # 28 actual # 30
02-22 02:45:05.108 W/CpuPowerCalculator( 4589): UID 1003 CPU freq # mismatch: Power Profile # 28 actual # 30
02-22 02:45:05.108 W/CpuPowerCalculator( 4589): UID 1001 CPU freq # mismatch: Power Profile # 28 actual # 30
02-22 02:45:05.108 W/CpuPowerCalculator( 4589): UID 1000 CPU freq # mismatch: Power Profile # 28 actual # 30
02-22 02:45:05.108 W/CpuPowerCalculator( 4589): UID 0 CPU freq # mismatch: Power Profile # 28 actual # 30
02-22 02:45:05.116 E/talkback: PackageManagerUtils(16139): Could not find package: com.google.android.aicore
02-22 02:45:05.117 W/ActivityManager( 4589): Unable to start service Intent { cmp=com.google.android.aicore/com.google.android.apps.aicore.service.multiuser.AiCoreMultiUserService } U=0: not found
02-22 02:45:05.118 W/ActivityManager( 4589): Unbind failed: could not find connection for android.os.BinderProxy@a4eadc1
02-22 02:45:05.120 W/ActivityManager( 4589): Unable to start service Intent { cmp=com.google.android.aicore/com.google.android.apps.aicore.service.AiCoreService } U=0: not found
02-22 02:45:05.127 E/ocessService0:0(26048): failed to create Unix domain socket: Operation not permitted
02-22 02:45:05.163 W/ActivityManager( 4589): Unbind failed: could not find connection for android.os.BinderProxy@b6f966
02-22 02:45:05.190 W/WindowMagnificationMgr( 4589): requestConnection duplicated request: connect=true, mConnectionState=CONNECTED
02-22 02:45:05.191 I/system_server( 4589): Background young concurrent copying GC freed 942867(41MB) AllocSpace objects, 51(1328KB) LOS objects, 45% free, 48MB/89MB, paused 999us,176us total 182.295ms
02-22 02:45:05.192 D/CompatibilityChangeReporter( 4589): Compat change id reported: 157233955; UID 10137; state: ENABLED
02-22 02:45:05.097 I/        (    0): [2:android.hardwar: 4256] [sec_input] sec_cmd_store: push cmd: ear_detect_enable,1
02-22 02:45:05.097 I/        (    0): [2:android.hardwar: 4256]
02-22 02:45:05.097 I/        (    0): [2:android.hardwar: 4256] [sec_input] sec_cmd_store_function: cmd = ear_detect_enable param = 1
02-22 02:45:05.208 I/SensorsInputVirtual( 4256): HoverProximity::activate: 1
02-22 02:45:05.208 I/SensorsInputVirtual( 4256): HoverProximity::activate 1
02-22 02:45:05.106 I/[5:      screencap:16341] binder(    0): 16341:16341 ioctl 40046210 7fd8378680 returned -22
02-22 02:45:05.220 E/talkback: SpeechControllerImpl(16139): TTS is not ready. Attempted to speak before TTS was initialized. Item: {utteranceId:"", fragments:[{text:TalkBack on, earcons:[], haptics:[], speechParams:Bundle[{pitch=1.0}]nonSpeechParams:Bundle[{}]fragmentStartIndex:0}], uninterruptible:true, isGloballyUninterruptible:false, mCanIgnoreInterrupts:false, flushGlobalTtsQueue:false, flags:62, creationTime:1771721105219}
02-22 02:45:05.220 W/ProcessState(16341): Extra binder thread started, but 0 threads requested. Do not use *startThreadPool when zero threads are requested.
02-22 02:45:05.222 I/ActivityTaskManager( 4589): START u0 {flg=0x10008000 pkg=com.google.android.marvin.talkback cmp=com.google.android.marvin.talkback/com.google.android.accessibility.talkback.trainingcommon.TrainingActivity (has extras)} from uid 10137
02-22 02:45:05.223 D/CompatibilityChangeReporter( 4589): Compat change id reported: 265464455; UID 10137; state: DISABLED
02-22 02:45:05.223 D/CompatibilityChangeReporter( 4589): Compat change id reported: 265452344; UID 10137; state: DISABLED
02-22 02:45:05.223 D/CompatibilityChangeReporter( 4589): Compat change id reported: 266124927; UID 10137; state: DISABLED
02-22 02:45:05.223 D/CompatibilityChangeReporter( 4589): Compat change id reported: 265451093; UID 10137; state: DISABLED
02-22 02:45:05.223 D/CompatibilityChangeReporter( 4589): Compat change id reported: 265456536; UID 10137; state: DISABLED
02-22 02:45:05.224 D/CompatibilityChangeReporter( 4589): Compat change id reported: 255940284; UID 10137; state: DISABLED
02-22 02:45:05.224 D/CompatibilityChangeReporter( 4589): Compat change id reported: 236283604; UID 10137; state: DISABLED
02-22 02:45:05.224 D/CompatibilityChangeReporter( 4589): Compat change id reported: 263959004; UID 10137; state: DISABLED
02-22 02:45:05.224 D/CompatibilityChangeReporter( 4589): Compat change id reported: 264304459; UID 10137; state: DISABLED
02-22 02:45:05.224 D/CompatibilityChangeReporter( 4589): Compat change id reported: 264301586; UID 10137; state: DISABLED
02-22 02:45:05.224 D/CompatibilityChangeReporter( 4589): Compat change id reported: 254631730; UID 10137; state: DISABLED
02-22 02:45:05.224 D/CompatibilityChangeReporter( 4589): Compat change id reported: 273509367; UID 10137; state: DISABLED
02-22 02:45:05.224 D/CompatibilityChangeReporter( 4589): Compat change id reported: 263259275; UID 10137; state: DISABLED
02-22 02:45:05.225 D/CompatibilityChangeReporter( 4589): Compat change id reported: 194480991; UID 10137; state: ENABLED
02-22 02:45:05.226 D/CompatibilityChangeReporter( 4589): Compat change id reported: 174042980; UID 10137; state: DISABLED
02-22 02:45:05.226 D/CompatibilityChangeReporter( 4589): Compat change id reported: 197654537; UID 10137; state: ENABLED
02-22 02:45:05.231 W/System  ( 4589): A resource failed to call release. 
02-22 02:45:05.134 I/[2: binder:16341_1:16350] binder(    0): 16341:16350 ioctl 40046210 7c06f103b4 returned -22
02-22 02:45:05.246 I/hwservicemanager( 3956): getTransport: Cannot find entry android.hardware.graphics.mapper@4.0::IMapper/default in either framework or device VINTF manifest.
02-22 02:45:05.246 I/Gralloc4(16341): mapper 4.x is not supported
02-22 02:45:05.246 I/hwservicemanager( 3956): getTransport: Cannot find entry android.hardware.graphics.mapper@3.0::IMapper/default in either framework or device VINTF manifest.
02-22 02:45:05.247 W/Gralloc3(16341): mapper 3.x is not supported
02-22 02:45:05.248 W/PhBaseOp(16782): Phenotype API error. Event: # ilon@ced90036, EventCode: COMMIT_CONFIG [CONTEXT service_id=51 ]
02-22 02:45:05.248 W/PhBaseOp(16782): eqzn: 29542: Stale snapshot for com.google.android.libraries.performance.primes#com.google.android.marvin.talkback(new configuration available)
02-22 02:45:05.248 W/PhBaseOp(16782): 	at erbl.d(:com.google.android.gms@260534029@26.05.34 (190400-869443408):337)
02-22 02:45:05.248 W/PhBaseOp(16782): 	at erbl.b(:com.google.android.gms@260534029@26.05.34 (190400-869443408):44)
02-22 02:45:05.248 W/PhBaseOp(16782): 	at erbk.i(:com.google.android.gms@260534029@26.05.34 (190400-869443408):3)
02-22 02:45:05.248 W/PhBaseOp(16782): 	at erbg.h(:com.google.android.gms@260534029@26.05.34 (190400-869443408):31)
02-22 02:45:05.248 W/PhBaseOp(16782): 	at erbg.f(:com.google.android.gms@260534029@26.05.34 (190400-869443408):13)
02-22 02:45:05.248 W/PhBaseOp(16782): 	at cqnh.fw(:com.google.android.gms@260534029@26.05.34 (190400-869443408):1)
02-22 02:45:05.248 W/PhBaseOp(16782): 	at cqnl.run(:com.google.android.gms@260534029@26.05.34 (190400-869443408):118)
02-22 02:45:05.248 W/PhBaseOp(16782): 	at gora.run(:com.google.android.gms@260534029@26.05.34 (190400-869443408):19)
02-22 02:45:05.248 W/PhBaseOp(16782): 	at bfjc.c(:com.google.android.gms@260534029@26.05.34 (190400-869443408):50)
02-22 02:45:05.248 W/PhBaseOp(16782): 	at bfjc.run(:com.google.android.gms@260534029@26.05.34 (190400-869443408):73)
02-22 02:45:05.248 W/PhBaseOp(16782): 	at java.util.concurrent.ThreadPoolExecutor.runWorker(ThreadPoolExecutor.java:1137)
02-22 02:45:05.248 W/PhBaseOp(16782): 	at java.util.concurrent.ThreadPoolExecutor$Worker.run(ThreadPoolExecutor.java:637)
02-22 02:45:05.248 W/PhBaseOp(16782): 	at bfot.run(:com.google.android.gms@260534029@26.05.34 (190400-869443408):8)
02-22 02:45:05.248 W/PhBaseOp(16782): 	at java.lang.Thread.run(Thread.java:1012)
02-22 02:45:05.249 W/AsyncOperation(16782): operation=CommitToConfigurationOperationCall, opStatusCode=29542 [CONTEXT service_id=51 ]
02-22 02:45:05.249 W/AsyncOperation(16782): OperationException[Status{statusCode=Stale snapshot for com.google.android.libraries.performance.primes#com.google.android.marvin.talkback(new configuration available), resolution=null}]
02-22 02:45:05.249 W/AsyncOperation(16782): 	at erbg.h(:com.google.android.gms@260534029@26.05.34 (190400-869443408):61)
02-22 02:45:05.249 W/AsyncOperation(16782): 	at erbg.f(:com.google.android.gms@260534029@26.05.34 (190400-869443408):13)
02-22 02:45:05.249 W/AsyncOperation(16782): 	at cqnh.fw(:com.google.android.gms@260534029@26.05.34 (190400-869443408):1)
02-22 02:45:05.249 W/AsyncOperation(16782): 	at cqnl.run(:com.google.android.gms@260534029@26.05.34 (190400-869443408):118)
02-22 02:45:05.249 W/AsyncOperation(16782): 	at gora.run(:com.google.android.gms@260534029@26.05.34 (190400-869443408):19)
02-22 02:45:05.249 W/AsyncOperation(16782): 	at bfjc.c(:com.google.android.gms@260534029@26.05.34 (190400-869443408):50)
02-22 02:45:05.249 W/AsyncOperation(16782): 	at bfjc.run(:com.google.android.gms@260534029@26.05.34 (190400-869443408):73)
02-22 02:45:05.249 W/AsyncOperation(16782): 	at java.util.concurrent.ThreadPoolExecutor.runWorker(ThreadPoolExecutor.java:1137)
02-22 02:45:05.249 W/AsyncOperation(16782): 	at java.util.concurrent.ThreadPoolExecutor$Worker.run(ThreadPoolExecutor.java:637)
02-22 02:45:05.249 W/AsyncOperation(16782): 	at bfot.run(:com.google.android.gms@260534029@26.05.34 (190400-869443408):8)
02-22 02:45:05.249 W/AsyncOperation(16782): 	at java.lang.Thread.run(Thread.java:1012)
02-22 02:45:05.256 D/CompatibilityChangeReporter( 4589): Compat change id reported: 184838306; UID 10137; state: DISABLED
02-22 02:45:05.256 D/CompatibilityChangeReporter( 4589): Compat change id reported: 185004937; UID 10137; state: DISABLED
02-22 02:45:05.256 D/CompatibilityChangeReporter( 4589): Compat change id reported: 181136395; UID 10137; state: DISABLED
02-22 02:45:05.257 D/CompatibilityChangeReporter( 4589): Compat change id reported: 174042936; UID 10137; state: DISABLED
02-22 02:45:05.260 D/CompatibilityChangeReporter( 4589): Compat change id reported: 205907456; UID 10137; state: ENABLED
02-22 02:45:05.265 D/SplashScreenView( 4858): Build android.window.SplashScreenView{8413d17 V.E...... ......ID 0,0-0,0}
02-22 02:45:05.265 D/SplashScreenView( 4858): Icon: view: null drawable: null size: 0
02-22 02:45:05.265 D/SplashScreenView( 4858): Branding: view: android.view.View{b2e3504 G.ED..... ......I. 0,0-0,0 #10204dc android:id/splashscreen_branding_view} drawable: null size w: 0 h: 0
02-22 02:45:05.270 W/Parcel  ( 4858): Expecting binder but got null!
02-22 02:45:05.272 W/System  ( 4589): A resource failed to call release. 
02-22 02:45:05.277 W/System  ( 4589): A resource failed to call release. 
02-22 02:45:05.280 D/CompatibilityChangeReporter( 4589): Compat change id reported: 168419799; UID 10137; state: DISABLED
02-22 02:45:05.280 D/CompatibilityChangeReporter( 4589): Compat change id reported: 273564678; UID 10137; state: DISABLED
02-22 02:45:05.284 W/WindowMagnificationMgr( 4589): requestConnection duplicated request: connect=true, mConnectionState=CONNECTED
02-22 02:45:05.285 W/System  ( 4589): A resource failed to call release. 
02-22 02:45:05.288 W/ActivityTaskManager( 4589): Tried to set launchTime (0) < mLastActivityLaunchTime (356018326)
02-22 02:45:05.298 W/TransactionTracing( 4303): Could not find layer id -1
02-22 02:45:05.299 D/IntervalStats( 4589): Unable to parse usage stats packages: [312]
02-22 02:45:05.299 E/OpenGLRenderer( 4858): Unable to match the desired swap behavior.
02-22 02:45:05.301 I/gralloc (16341): Arm Module v1.0
02-22 02:45:05.308 D/IntervalStats( 4589): Unable to parse usage stats packages: [315]
02-22 02:45:05.311 V/A11yInputMethod(16139): startInput(): editor=android.view.inputmethod.EditorInfo@6ac868f
02-22 02:45:05.311 V/A11yInputMethod(16139): CALL: onStartInput
02-22 02:45:05.327 I/GoogleTTSServiceImpl(30437): currentLocale = en-US
02-22 02:45:05.330 I/GoogleTTSServiceImpl(30437): currentLocale = en-US
02-22 02:45:05.332 I/GoogleTTSServiceImpl(30437): For default lang en-us is name en-US-language (en-us-x-hol-server)
02-22 02:45:05.335 I/GoogleTTSServiceImpl(30437): currentLocale = en-US
02-22 02:45:05.337 I/LocalSynthesizer(30437): Attempting to load synthesizer for voice: en-us-x-hol-seanet-embedded
02-22 02:45:05.337 I/LocalSynthesizer(30437): Voice en-us-x-hol-seanet-embedded is already supported by loaded synthesizer en-us-x-multi.
02-22 02:45:05.338 I/LocalSynthesizer(30437): This voice was already loaded by a synthesizer not most recently used.
02-22 02:45:05.338 I/ComposerWrapperImpl(30437): Skipping initialization, can already run voice en-us-x-hol-seanet-embedded.
02-22 02:45:05.346 I/native  (30437): I0000 00:00:1771721105.346246   32014 voice-policy-manager.cc:887] Voice not found in speaker mapping file: en-us-x-kix04-network
02-22 02:45:05.347 D/ConnectivityService( 4589): requestNetwork for uid/pid:10145/4858 asUid: 10137 activeRequest: null callbackRequest: 4923 [NetworkRequest [ REQUEST id=4924, [ Capabilities: INTERNET&NOT_RESTRICTED&TRUSTED&NOT_VCN_MANAGED Uid: 10137 RequestorUid: 10145 RequestorPkg: com.android.systemui UnderlyingNetworks: Null] ]] callback flags: 0 order: 2147483647
02-22 02:45:05.347 D/ConnectivityService( 4589): NetReassign [4924 : null → 104]
02-22 02:45:05.351 E/IpcClient(14658): Service is unavailable.
02-22 02:45:05.351 D/WifiNetworkFactory( 4589): got request NetworkRequest [ REQUEST id=4924, [ Capabilities: INTERNET&NOT_RESTRICTED&TRUSTED&NOT_VCN_MANAGED Uid: 10137 RequestorUid: 10145 RequestorPkg: com.android.systemui UnderlyingNetworks: Null] ]
02-22 02:45:05.351 D/UntrustedWifiNetworkFactory( 4589): got request NetworkRequest [ REQUEST id=4924, [ Capabilities: INTERNET&NOT_RESTRICTED&TRUSTED&NOT_VCN_MANAGED Uid: 10137 RequestorUid: 10145 RequestorPkg: com.android.systemui UnderlyingNetworks: Null] ]
02-22 02:45:05.351 D/OemPaidWifiNetworkFactory( 4589): got request NetworkRequest [ REQUEST id=4924, [ Capabilities: INTERNET&NOT_RESTRICTED&TRUSTED&NOT_VCN_MANAGED Uid: 10137 RequestorUid: 10145 RequestorPkg: com.android.systemui UnderlyingNetworks: Null] ]
02-22 02:45:05.351 D/MultiInternetWifiNetworkFactory( 4589): got request NetworkRequest [ REQUEST id=4924, [ Capabilities: INTERNET&NOT_RESTRICTED&TRUSTED&NOT_VCN_MANAGED Uid: 10137 RequestorUid: 10145 RequestorPkg: com.android.systemui UnderlyingNetworks: Null] ]
02-22 02:45:05.356 D/PhoneSwitcherNetworkRequstListener( 5209): got request NetworkRequest [ REQUEST id=4924, [ Capabilities: INTERNET&NOT_RESTRICTED&TRUSTED&NOT_VCN_MANAGED Uid: 10137 RequestorUid: 10145 RequestorPkg: com.android.systemui UnderlyingNetworks: Null] ]
02-22 02:45:05.363 W/Parcel  ( 4589): Expecting binder but got null!
02-22 02:45:05.375 W/Parcel  ( 4589): Expecting binder but got null!
02-22 02:45:05.383 W/Parcel  (14658): Expecting binder but got null!
02-22 02:45:05.385 I/native  (30437): I0000 00:00:1771721105.385699   32014 voice-policy-manager.cc:887] Voice not found in speaker mapping file: en-us-x-kix06-network
02-22 02:45:05.392 I/native  (30437): I0000 00:00:1771721105.392555   32014 voice-policy-manager.cc:887] Voice not found in speaker mapping file: en-us-x-kix13-network
02-22 02:45:05.399 D/CoreBackPreview( 4589): Window{570c7fb u0 com.google.android.marvin.talkback/com.google.android.accessibility.talkback.trainingcommon.TrainingActivity}: Setting back callback OnBackInvokedCallbackInfo{mCallback=android.window.IOnBackInvokedCallback$Stub$Proxy@ff9e8d7, mPriority=-1}
02-22 02:45:05.400 D/CoreBackPreview( 4589): Window{570c7fb u0 com.google.android.marvin.talkback/com.google.android.accessibility.talkback.trainingcommon.TrainingActivity}: Setting back callback OnBackInvokedCallbackInfo{mCallback=android.window.IOnBackInvokedCallback$Stub$Proxy@fa3d5c4, mPriority=0}
02-22 02:45:05.409 E/OpenGLRenderer(14658): Unable to match the desired swap behavior.
02-22 02:45:05.437 I/ActivityTaskManager( 4589): Displayed com.google.android.marvin.talkback/com.google.android.accessibility.talkback.trainingcommon.TrainingActivity: +213ms
02-22 02:45:05.527 I/native  (30437): I0000 00:00:1771721105.527275   32014 voice-policy-manager.cc:887] Voice not found in speaker mapping file: en-us-x-kix08-network
02-22 02:45:05.532 W/TransactionTracing( 4303): Could not find layer id -1
02-22 02:45:05.534 I/native  (30437): I0000 00:00:1771721105.534523   32014 voice-policy-manager.cc:887] Voice not found in speaker mapping file: en-us-x-kix07-network
02-22 02:45:05.550 I/native  (30437): I0000 00:00:1771721105.550672   32014 voice-policy-manager.cc:887] Voice not found in speaker mapping file: en-us-x-iom-network
02-22 02:45:05.552 I/native  (30437): I0000 00:00:1771721105.552702   32014 voice-policy-manager.cc:887] Voice not found in speaker mapping file: sr-rs-x-enl-network
02-22 02:45:05.580 I/native  (30437): I0000 00:00:1771721105.580389   32014 voice-policy-manager.cc:887] Voice not found in speaker mapping file: en-us-x-iom-local
02-22 02:45:05.594 W/InputManager-JNI( 4589): Input channel object '8c002d2 Splash Screen com.google.android.marvin.talkback (client)' was disposed without first being removed with the input manager!
02-22 02:45:05.643 W/FrameTracker( 4858): Missed SF frame:SURFACE_FLINGER_SCHEDULING, 49177835, 9444437, CUJ=J<SPLASHSCREEN_EXIT_ANIM>
02-22 02:45:05.643 W/FrameTracker( 4858): Missing HWUI jank callback for vsyncId: 49178030, CUJ=J<SPLASHSCREEN_EXIT_ANIM>
02-22 02:45:05.644 D/CoreBackPreview( 4589): Window{4f3fdd0 u0 com.google.android.marvin.talkback/com.google.android.accessibility.talkback.trainingcommon.TrainingActivity}: Setting back callback OnBackInvokedCallbackInfo{mCallback=android.window.IOnBackInvokedCallback$Stub$Proxy@d8896bf, mPriority=-1}
02-22 02:45:05.645 D/CoreBackPreview( 4589): Window{4f3fdd0 u0 com.google.android.marvin.talkback/com.google.android.accessibility.talkback.trainingcommon.TrainingActivity}: Setting back callback null
02-22 02:45:05.654 W/InputManager-JNI( 4589): Input channel object '4f3fdd0 com.google.android.marvin.talkback/com.google.android.accessibility.talkback.trainingcommon.TrainingActivity (client)' was disposed without first being removed with the input manager!
02-22 02:45:05.661 W/InputManager-JNI( 4589): Input channel object 'Letterbox_left_ActivityRecord{29df074 u0 com.google.android.marvin.talkback/com.google.android.accessibility.talkback.trainingcommon.TrainingActivity} t699} (client)' was disposed without first being removed with the input manager!
02-22 02:45:05.661 W/InputManager-JNI( 4589): Input channel object 'Letterbox_top_ActivityRecord{29df074 u0 com.google.android.marvin.talkback/com.google.android.accessibility.talkback.trainingcommon.TrainingActivity} t699} (client)' was disposed without first being removed with the input manager!
02-22 02:45:05.661 W/InputManager-JNI( 4589): Input channel object 'Letterbox_right_ActivityRecord{29df074 u0 com.google.android.marvin.talkback/com.google.android.accessibility.talkback.trainingcommon.TrainingActivity} t699} (client)' was disposed without first being removed with the input manager!
02-22 02:45:05.661 W/InputManager-JNI( 4589): Input channel object 'Letterbox_bottom_ActivityRecord{29df074 u0 com.google.android.marvin.talkback/com.google.android.accessibility.talkback.trainingcommon.TrainingActivity} t699} (client)' was disposed without first being removed with the input manager!
02-22 02:45:05.663 I/native  (30437): I0000 00:00:1771721105.663284   32014 voice-policy-manager.cc:887] Voice not found in speaker mapping file: en-us-x-kix05-network
02-22 02:45:05.666 W/TransactionTracing( 4303): Could not find layer handle 0x7c8a846770
02-22 02:45:05.694 I/native  (30437): I0000 00:00:1771721105.694685   32014 voice-policy-manager.cc:887] Voice not found in speaker mapping file: en-us-x-star03-network
02-22 02:45:05.699 W/TransactionTracing( 4303): Could not find layer handle 0x7c8a859e50
02-22 02:45:05.699 W/TransactionTracing( 4303): Could not find layer handle 0x7c8a858d10
02-22 02:45:05.699 W/TransactionTracing( 4303): Could not find layer handle 0x7c8a842450
02-22 02:45:05.699 W/TransactionTracing( 4303): Could not find layer handle 0x7c8a842450
02-22 02:45:05.699 W/TransactionTracing( 4303): Could not find layer handle 0x7c8a858d10
02-22 02:45:05.725 I/native  (30437): I0000 00:00:1771721105.725318   32014 voice-policy-manager.cc:887] Voice not found in speaker mapping file: en-us-x-kix15-network
02-22 02:45:05.617 I/[0:            cmd:16363] binder(    0): 16363:16363 ioctl 40046210 7fd0861ca0 returned -22
02-22 02:45:05.738 I/MediaProvider( 7328): Begin Intent { act=android.intent.action.MEDIA_SCANNER_SCAN_FILE dat=file:///... flg=0x1400010 cmp=com.android.providers.media.module/com.android.providers.media.MediaService }
02-22 02:45:05.739 I/native  (30437): I0000 00:00:1771721105.739422   32014 voice-policy-manager.cc:887] Voice not found in speaker mapping file: en-us-x-kix14-network
02-22 02:45:05.740 I/native  (30437): I0000 00:00:1771721105.739984   32014 voice-policy-manager.cc:887] Voice not found in speaker mapping file: sr-rs-x-enl-local
02-22 02:45:05.740 I/native  (30437): I0000 00:00:1771721105.740144   32014 voice-policy-manager.cc:887] Voice not found in speaker mapping file: en-us-x-kix01-network
02-22 02:45:05.748 I/native  (30437): I0000 00:00:1771721105.748209   32014 voice-policy-manager.cc:887] Voice not found in speaker mapping file: en-us-x-kix02-network
02-22 02:45:05.751 V/MediaProvider( 7328): Inserted id:1000001697 less than next row id backup:1000002000.
02-22 02:45:05.757 I/MediaProvider( 7328): End Intent { act=android.intent.action.MEDIA_SCANNER_SCAN_FILE dat=file:///... flg=0x1400010 cmp=com.android.providers.media.module/com.android.providers.media.MediaService }
02-22 02:45:05.801 W/AccessibilityManagerService( 4589):  wait for adding window timeout: 1203
02-22 02:45:05.824 I/native  (30437): I0000 00:00:1771721105.824283   32014 voice-policy-manager.cc:887] Voice not found in speaker mapping file: en-us-x-kix04-network
02-22 02:45:05.849 I/native  (30437): I0000 00:00:1771721105.848968   32014 voice-policy-manager.cc:887] Voice not found in speaker mapping file: en-us-x-kix06-network
02-22 02:45:05.854 I/native  (30437): I0000 00:00:1771721105.854346   32014 voice-policy-manager.cc:887] Voice not found in speaker mapping file: en-us-x-kix13-network
