02-13 22:37:07.337 W/PlatformConfigurator(26425): 	at android.database.DatabaseUtils.readExceptionFromParcel(DatabaseUtils.java:190)
02-13 22:37:07.337 W/PlatformConfigurator(26425): 	at android.database.DatabaseUtils.readExceptionFromParcel(DatabaseUtils.java:142)
02-13 22:37:07.337 W/PlatformConfigurator(26425): 	at android.content.ContentProviderProxy.call(ContentProviderNative.java:732)
02-13 22:37:07.337 W/PlatformConfigurator(26425): 	at android.provider.Settings$NameValueCache.setStringsForPrefix(Settings.java:3032)
02-13 22:37:07.337 W/PlatformConfigurator(26425): 	at android.provider.Settings$Config.setStrings(Settings.java:18031)
02-13 22:37:07.337 W/PlatformConfigurator(26425): 	at android.provider.DeviceConfig.setProperties(DeviceConfig.java:980)
02-13 22:37:07.337 W/PlatformConfigurator(26425): 	at epjl.a(:com.google.android.gms@260235029@26.02.35 (190400-862924022):46)
02-13 22:37:07.337 W/PlatformConfigurator(26425): 	at epjp.m(:com.google.android.gms@260235029@26.02.35 (190400-862924022):66)
02-13 22:37:07.337 W/PlatformConfigurator(26425): 	at epjp.e(:com.google.android.gms@260235029@26.02.35 (190400-862924022):22)
02-13 22:37:07.337 W/PlatformConfigurator(26425): 	at com.google.android.gms.platformconfigurator.PhenotypeConfigurationUpdateListener.b(:com.google.android.gms@260235029@26.02.35 (190400-862924022):103)
02-13 22:37:07.337 W/PlatformConfigurator(26425): 	at com.google.android.gms.platformconfigurator.PhenotypeConfigurationUpdateListener.onHandleIntent(:com.google.android.gms@260235029@26.02.35 (190400-862924022):119)
02-13 22:37:07.337 W/PlatformConfigurator(26425): 	at com.google.android.chimera.IntentOperation.onHandleIntent(:com.google.android.gms@260235029@26.02.35 (190400-862924022):1)
02-13 22:37:07.337 W/PlatformConfigurator(26425): 	at ayrm.onHandleIntent(:com.google.android.gms@260235029@26.02.35 (190400-862924022):84)
02-13 22:37:07.337 W/PlatformConfigurator(26425): 	at yrc.run(:com.google.android.gms@260235029@26.02.35 (190400-862924022):64)
02-13 22:37:07.337 W/PlatformConfigurator(26425): 	at yrb.run(:com.google.android.gms@260235029@26.02.35 (190400-862924022):132)
02-13 22:37:07.337 W/PlatformConfigurator(26425): 	at gmlp.run(:com.google.android.gms@260235029@26.02.35 (190400-862924022):19)
02-13 22:37:07.337 W/PlatformConfigurator(26425): 	at java.util.concurrent.ThreadPoolExecutor.runWorker(ThreadPoolExecutor.java:1137)
02-13 22:37:07.337 W/PlatformConfigurator(26425): 	at java.util.concurrent.ThreadPoolExecutor$Worker.run(ThreadPoolExecutor.java:637)
02-13 22:37:07.337 W/PlatformConfigurator(26425): 	at java.lang.Thread.run(Thread.java:1012)
02-13 22:37:07.338 I/PlatformConfigurator(26425): Failed to propagate package com.google.android.platform.vendor_system_native, retryCount 2 [CONTEXT service_id=204 ]
02-13 22:37:07.397 E/DatabaseUtils( 4571): Writing exception to parcel
02-13 22:37:07.397 E/DatabaseUtils( 4571): java.lang.SecurityException: Permission denial: writing to settings requires:android.permission.WRITE_DEVICE_CONFIG
02-13 22:37:07.397 E/DatabaseUtils( 4571): 	at com.android.providers.settings.SettingsProvider.enforceWritePermission(SettingsProvider.java:2268)
02-13 22:37:07.397 E/DatabaseUtils( 4571): 	at com.android.providers.settings.SettingsProvider.setAllConfigSettings(SettingsProvider.java:1162)
02-13 22:37:07.397 E/DatabaseUtils( 4571): 	at com.android.providers.settings.SettingsProvider.call(SettingsProvider.java:477)
02-13 22:37:07.397 E/DatabaseUtils( 4571): 	at android.content.ContentProvider.call(ContentProvider.java:2511)
02-13 22:37:07.397 E/DatabaseUtils( 4571): 	at android.content.ContentProvider$Transport.call(ContentProvider.java:525)
02-13 22:37:07.397 E/DatabaseUtils( 4571): 	at android.content.ContentProviderNative.onTransact(ContentProviderNative.java:295)
02-13 22:37:07.397 E/DatabaseUtils( 4571): 	at android.os.Binder.execTransactInternal(Binder.java:1285)
02-13 22:37:07.397 E/DatabaseUtils( 4571): 	at android.os.Binder.execTransact(Binder.java:1244)
02-13 22:37:07.399 W/PlatformConfigurator(26425): setProperties failed with SecurityException [CONTEXT service_id=204 ]
02-13 22:37:07.399 W/PlatformConfigurator(26425): java.lang.SecurityException: Permission denial: writing to settings requires:android.permission.WRITE_DEVICE_CONFIG
02-13 22:37:07.399 W/PlatformConfigurator(26425): 	at android.os.Parcel.createExceptionOrNull(Parcel.java:3011)
02-13 22:37:07.399 W/PlatformConfigurator(26425): 	at android.os.Parcel.createException(Parcel.java:2995)
02-13 22:37:07.399 W/PlatformConfigurator(26425): 	at android.os.Parcel.readException(Parcel.java:2978)
02-13 22:37:07.399 W/PlatformConfigurator(26425): 	at android.database.DatabaseUtils.readExceptionFromParcel(DatabaseUtils.java:190)
02-13 22:37:07.399 W/PlatformConfigurator(26425): 	at android.database.DatabaseUtils.readExceptionFromParcel(DatabaseUtils.java:142)
02-13 22:37:07.399 W/PlatformConfigurator(26425): 	at android.content.ContentProviderProxy.call(ContentProviderNative.java:732)
02-13 22:37:07.399 W/PlatformConfigurator(26425): 	at android.provider.Settings$NameValueCache.setStringsForPrefix(Settings.java:3032)
02-13 22:37:07.399 W/PlatformConfigurator(26425): 	at android.provider.Settings$Config.setStrings(Settings.java:18031)
02-13 22:37:07.399 W/PlatformConfigurator(26425): 	at android.provider.DeviceConfig.setProperties(DeviceConfig.java:980)
02-13 22:37:07.399 W/PlatformConfigurator(26425): 	at epjl.a(:com.google.android.gms@260235029@26.02.35 (190400-862924022):46)
02-13 22:37:07.399 W/PlatformConfigurator(26425): 	at epjp.m(:com.google.android.gms@260235029@26.02.35 (190400-862924022):66)
02-13 22:37:07.399 W/PlatformConfigurator(26425): 	at epjp.e(:com.google.android.gms@260235029@26.02.35 (190400-862924022):22)
02-13 22:37:07.399 W/PlatformConfigurator(26425): 	at com.google.android.gms.platformconfigurator.PhenotypeConfigurationUpdateListener.b(:com.google.android.gms@260235029@26.02.35 (190400-862924022):103)
02-13 22:37:07.399 W/PlatformConfigurator(26425): 	at com.google.android.gms.platformconfigurator.PhenotypeConfigurationUpdateListener.onHandleIntent(:com.google.android.gms@260235029@26.02.35 (190400-862924022):119)
02-13 22:37:07.399 W/PlatformConfigurator(26425): 	at com.google.android.chimera.IntentOperation.onHandleIntent(:com.google.android.gms@260235029@26.02.35 (190400-862924022):1)
02-13 22:37:07.399 W/PlatformConfigurator(26425): 	at ayrm.onHandleIntent(:com.google.android.gms@260235029@26.02.35 (190400-862924022):84)
02-13 22:37:07.399 W/PlatformConfigurator(26425): 	at yrc.run(:com.google.android.gms@260235029@26.02.35 (190400-862924022):64)
02-13 22:37:07.399 W/PlatformConfigurator(26425): 	at yrb.run(:com.google.android.gms@260235029@26.02.35 (190400-862924022):132)
02-13 22:37:07.399 W/PlatformConfigurator(26425): 	at gmlp.run(:com.google.android.gms@260235029@26.02.35 (190400-862924022):19)
02-13 22:37:07.399 W/PlatformConfigurator(26425): 	at java.util.concurrent.ThreadPoolExecutor.runWorker(ThreadPoolExecutor.java:1137)
02-13 22:37:07.399 W/PlatformConfigurator(26425): 	at java.util.concurrent.ThreadPoolExecutor$Worker.run(ThreadPoolExecutor.java:637)
02-13 22:37:07.399 W/PlatformConfigurator(26425): 	at java.lang.Thread.run(Thread.java:1012)
02-13 22:37:07.399 I/PlatformConfigurator(26425): Failed to propagate package com.google.android.platform.nnapi_native, retryCount 2 [CONTEXT service_id=204 ]
02-13 22:37:07.461 E/DatabaseUtils( 4571): Writing exception to parcel
02-13 22:37:07.461 E/DatabaseUtils( 4571): java.lang.SecurityException: Permission denial: writing to settings requires:android.permission.WRITE_DEVICE_CONFIG
02-13 22:37:07.461 E/DatabaseUtils( 4571): 	at com.android.providers.settings.SettingsProvider.enforceWritePermission(SettingsProvider.java:2268)
02-13 22:37:07.461 E/DatabaseUtils( 4571): 	at com.android.providers.settings.SettingsProvider.setAllConfigSettings(SettingsProvider.java:1162)
02-13 22:37:07.461 E/DatabaseUtils( 4571): 	at com.android.providers.settings.SettingsProvider.call(SettingsProvider.java:477)
02-13 22:37:07.461 E/DatabaseUtils( 4571): 	at android.content.ContentProvider.call(ContentProvider.java:2511)
02-13 22:37:07.461 E/DatabaseUtils( 4571): 	at android.content.ContentProvider$Transport.call(ContentProvider.java:525)
02-13 22:37:07.461 E/DatabaseUtils( 4571): 	at android.content.ContentProviderNative.onTransact(ContentProviderNative.java:295)
02-13 22:37:07.461 E/DatabaseUtils( 4571): 	at android.os.Binder.execTransactInternal(Binder.java:1285)
02-13 22:37:07.461 E/DatabaseUtils( 4571): 	at android.os.Binder.execTransact(Binder.java:1244)
02-13 22:37:07.462 W/PlatformConfigurator(26425): setProperties failed with SecurityException [CONTEXT service_id=204 ]
02-13 22:37:07.462 W/PlatformConfigurator(26425): java.lang.SecurityException: Permission denial: writing to settings requires:android.permission.WRITE_DEVICE_CONFIG
02-13 22:37:07.462 W/PlatformConfigurator(26425): 	at android.os.Parcel.createExceptionOrNull(Parcel.java:3011)
02-13 22:37:07.462 W/PlatformConfigurator(26425): 	at android.os.Parcel.createException(Parcel.java:2995)
02-13 22:37:07.462 W/PlatformConfigurator(26425): 	at android.os.Parcel.readException(Parcel.java:2978)
02-13 22:37:07.462 W/PlatformConfigurator(26425): 	at android.database.DatabaseUtils.readExceptionFromParcel(DatabaseUtils.java:190)
02-13 22:37:07.462 W/PlatformConfigurator(26425): 	at android.database.DatabaseUtils.readExceptionFromParcel(DatabaseUtils.java:142)
02-13 22:37:07.462 W/PlatformConfigurator(26425): 	at android.content.ContentProviderProxy.call(ContentProviderNative.java:732)
02-13 22:37:07.462 W/PlatformConfigurator(26425): 	at android.provider.Settings$NameValueCache.setStringsForPrefix(Settings.java:3032)
02-13 22:37:07.462 W/PlatformConfigurator(26425): 	at android.provider.Settings$Config.setStrings(Settings.java:18031)
02-13 22:37:07.462 W/PlatformConfigurator(26425): 	at android.provider.DeviceConfig.setProperties(DeviceConfig.java:980)
02-13 22:37:07.462 W/PlatformConfigurator(26425): 	at epjl.a(:com.google.android.gms@260235029@26.02.35 (190400-862924022):46)
02-13 22:37:07.462 W/PlatformConfigurator(26425): 	at epjp.m(:com.google.android.gms@260235029@26.02.35 (190400-862924022):66)
02-13 22:37:07.462 W/PlatformConfigurator(26425): 	at epjp.e(:com.google.android.gms@260235029@26.02.35 (190400-862924022):22)
02-13 22:37:07.462 W/PlatformConfigurator(26425): 	at com.google.android.gms.platformconfigurator.PhenotypeConfigurationUpdateListener.b(:com.google.android.gms@260235029@26.02.35 (190400-862924022):103)
02-13 22:37:07.462 W/PlatformConfigurator(26425): 	at com.google.android.gms.platformconfigurator.PhenotypeConfigurationUpdateListener.onHandleIntent(:com.google.android.gms@260235029@26.02.35 (190400-862924022):119)
02-13 22:37:07.462 W/PlatformConfigurator(26425): 	at com.google.android.chimera.IntentOperation.onHandleIntent(:com.google.android.gms@260235029@26.02.35 (190400-862924022):1)
02-13 22:37:07.462 W/PlatformConfigurator(26425): 	at ayrm.onHandleIntent(:com.google.android.gms@260235029@26.02.35 (190400-862924022):84)
02-13 22:37:07.462 W/PlatformConfigurator(26425): 	at yrc.run(:com.google.android.gms@260235029@26.02.35 (190400-862924022):64)
02-13 22:37:07.462 W/PlatformConfigurator(26425): 	at yrb.run(:com.google.android.gms@260235029@26.02.35 (190400-862924022):132)
02-13 22:37:07.462 W/PlatformConfigurator(26425): 	at gmlp.run(:com.google.android.gms@260235029@26.02.35 (190400-862924022):19)
02-13 22:37:07.462 W/PlatformConfigurator(26425): 	at java.util.concurrent.ThreadPoolExecutor.runWorker(ThreadPoolExecutor.java:1137)
02-13 22:37:07.462 W/PlatformConfigurator(26425): 	at java.util.concurrent.ThreadPoolExecutor$Worker.run(ThreadPoolExecutor.java:637)
02-13 22:37:07.462 W/PlatformConfigurator(26425): 	at java.lang.Thread.run(Thread.java:1012)
02-13 22:37:07.463 I/PlatformConfigurator(26425): Failed to propagate package com.google.android.platform.tethering, retryCount 2 [CONTEXT service_id=204 ]
02-13 22:37:07.515 E/DatabaseUtils( 4571): Writing exception to parcel
02-13 22:37:07.515 E/DatabaseUtils( 4571): java.lang.SecurityException: Permission denial: writing to settings requires:android.permission.WRITE_DEVICE_CONFIG
02-13 22:37:07.515 E/DatabaseUtils( 4571): 	at com.android.providers.settings.SettingsProvider.enforceWritePermission(SettingsProvider.java:2268)
02-13 22:37:07.515 E/DatabaseUtils( 4571): 	at com.android.providers.settings.SettingsProvider.setAllConfigSettings(SettingsProvider.java:1162)
02-13 22:37:07.515 E/DatabaseUtils( 4571): 	at com.android.providers.settings.SettingsProvider.call(SettingsProvider.java:477)
02-13 22:37:07.515 E/DatabaseUtils( 4571): 	at android.content.ContentProvider.call(ContentProvider.java:2511)
02-13 22:37:07.515 E/DatabaseUtils( 4571): 	at android.content.ContentProvider$Transport.call(ContentProvider.java:525)
02-13 22:37:07.515 E/DatabaseUtils( 4571): 	at android.content.ContentProviderNative.onTransact(ContentProviderNative.java:295)
02-13 22:37:07.515 E/DatabaseUtils( 4571): 	at android.os.Binder.execTransactInternal(Binder.java:1285)
02-13 22:37:07.515 E/DatabaseUtils( 4571): 	at android.os.Binder.execTransact(Binder.java:1244)
02-13 22:37:07.517 W/PlatformConfigurator(26425): setProperties failed with SecurityException [CONTEXT service_id=204 ]
02-13 22:37:07.517 W/PlatformConfigurator(26425): java.lang.SecurityException: Permission denial: writing to settings requires:android.permission.WRITE_DEVICE_CONFIG
02-13 22:37:07.517 W/PlatformConfigurator(26425): 	at android.os.Parcel.createExceptionOrNull(Parcel.java:3011)
02-13 22:37:07.517 W/PlatformConfigurator(26425): 	at android.os.Parcel.createException(Parcel.java:2995)
02-13 22:37:07.517 W/PlatformConfigurator(26425): 	at android.os.Parcel.readException(Parcel.java:2978)
02-13 22:37:07.517 W/PlatformConfigurator(26425): 	at android.database.DatabaseUtils.readExceptionFromParcel(DatabaseUtils.java:190)
02-13 22:37:07.517 W/PlatformConfigurator(26425): 	at android.database.DatabaseUtils.readExceptionFromParcel(DatabaseUtils.java:142)
02-13 22:37:07.517 W/PlatformConfigurator(26425): 	at android.content.ContentProviderProxy.call(ContentProviderNative.java:732)
02-13 22:37:07.517 W/PlatformConfigurator(26425): 	at android.provider.Settings$NameValueCache.setStringsForPrefix(Settings.java:3032)
02-13 22:37:07.517 W/PlatformConfigurator(26425): 	at android.provider.Settings$Config.setStrings(Settings.java:18031)
02-13 22:37:07.517 W/PlatformConfigurator(26425): 	at android.provider.DeviceConfig.setProperties(DeviceConfig.java:980)
02-13 22:37:07.517 W/PlatformConfigurator(26425): 	at epjl.a(:com.google.android.gms@260235029@26.02.35 (190400-862924022):46)
02-13 22:37:07.517 W/PlatformConfigurator(26425): 	at epjp.m(:com.google.android.gms@260235029@26.02.35 (190400-862924022):66)
02-13 22:37:07.517 W/PlatformConfigurator(26425): 	at epjp.e(:com.google.android.gms@260235029@26.02.35 (190400-862924022):22)
02-13 22:37:07.517 W/PlatformConfigurator(26425): 	at com.google.android.gms.platformconfigurator.PhenotypeConfigurationUpdateListener.b(:com.google.android.gms@260235029@26.02.35 (190400-862924022):103)
02-13 22:37:07.517 W/PlatformConfigurator(26425): 	at com.google.android.gms.platformconfigurator.PhenotypeConfigurationUpdateListener.onHandleIntent(:com.google.android.gms@260235029@26.02.35 (190400-862924022):119)
02-13 22:37:07.517 W/PlatformConfigurator(26425): 	at com.google.android.chimera.IntentOperation.onHandleIntent(:com.google.android.gms@260235029@26.02.35 (190400-862924022):1)
02-13 22:37:07.517 W/PlatformConfigurator(26425): 	at ayrm.onHandleIntent(:com.google.android.gms@260235029@26.02.35 (190400-862924022):84)
02-13 22:37:07.517 W/PlatformConfigurator(26425): 	at yrc.run(:com.google.android.gms@260235029@26.02.35 (190400-862924022):64)
02-13 22:37:07.517 W/PlatformConfigurator(26425): 	at yrb.run(:com.google.android.gms@260235029@26.02.35 (190400-862924022):132)
02-13 22:37:07.517 W/PlatformConfigurator(26425): 	at gmlp.run(:com.google.android.gms@260235029@26.02.35 (190400-862924022):19)
02-13 22:37:07.517 W/PlatformConfigurator(26425): 	at java.util.concurrent.ThreadPoolExecutor.runWorker(ThreadPoolExecutor.java:1137)
02-13 22:37:07.517 W/PlatformConfigurator(26425): 	at java.util.concurrent.ThreadPoolExecutor$Worker.run(ThreadPoolExecutor.java:637)
02-13 22:37:07.517 W/PlatformConfigurator(26425): 	at java.lang.Thread.run(Thread.java:1012)
02-13 22:37:07.517 W/PlatformConfigurator(26425): Caused by: android.os.RemoteException: Remote stack trace:
02-13 22:37:07.517 W/PlatformConfigurator(26425): 	at com.android.providers.settings.SettingsProvider.enforceWritePermission(SettingsProvider.java:2268)
02-13 22:37:07.517 W/PlatformConfigurator(26425): 	at com.android.providers.settings.SettingsProvider.setAllConfigSettings(SettingsProvider.java:1162)
02-13 22:37:07.517 W/PlatformConfigurator(26425): 	at com.android.providers.settings.SettingsProvider.call(SettingsProvider.java:477)
02-13 22:37:07.517 W/PlatformConfigurator(26425): 	at android.content.ContentProvider.call(ContentProvider.java:2511)
02-13 22:37:07.517 W/PlatformConfigurator(26425): 	at android.content.ContentProvider$Transport.call(ContentProvider.java:525)
02-13 22:37:07.517 W/PlatformConfigurator(26425): 
02-13 22:37:07.517 I/PlatformConfigurator(26425): Failed to propagate package com.google.android.platform.device_policy_manager, retryCount 2 [CONTEXT service_id=204 ]
02-13 22:37:07.561 E/DatabaseUtils( 4571): Writing exception to parcel
02-13 22:37:07.561 E/DatabaseUtils( 4571): java.lang.SecurityException: Permission denial: writing to settings requires:android.permission.WRITE_DEVICE_CONFIG
02-13 22:37:07.561 E/DatabaseUtils( 4571): 	at com.android.providers.settings.SettingsProvider.enforceWritePermission(SettingsProvider.java:2268)
02-13 22:37:07.561 E/DatabaseUtils( 4571): 	at com.android.providers.settings.SettingsProvider.setAllConfigSettings(SettingsProvider.java:1162)
02-13 22:37:07.561 E/DatabaseUtils( 4571): 	at com.android.providers.settings.SettingsProvider.call(SettingsProvider.java:477)
02-13 22:37:07.561 E/DatabaseUtils( 4571): 	at android.content.ContentProvider.call(ContentProvider.java:2511)
02-13 22:37:07.561 E/DatabaseUtils( 4571): 	at android.content.ContentProvider$Transport.call(ContentProvider.java:525)
02-13 22:37:07.561 E/DatabaseUtils( 4571): 	at android.content.ContentProviderNative.onTransact(ContentProviderNative.java:295)
02-13 22:37:07.561 E/DatabaseUtils( 4571): 	at android.os.Binder.execTransactInternal(Binder.java:1285)
02-13 22:37:07.561 E/DatabaseUtils( 4571): 	at android.os.Binder.execTransact(Binder.java:1244)
02-13 22:37:07.562 W/PlatformConfigurator(26425): setProperties failed with SecurityException [CONTEXT service_id=204 ]
02-13 22:37:07.562 W/PlatformConfigurator(26425): java.lang.SecurityException: Permission denial: writing to settings requires:android.permission.WRITE_DEVICE_CONFIG
02-13 22:37:07.562 W/PlatformConfigurator(26425): 	at android.os.Parcel.createExceptionOrNull(Parcel.java:3011)
02-13 22:37:07.562 W/PlatformConfigurator(26425): 	at android.os.Parcel.createException(Parcel.java:2995)
02-13 22:37:07.562 W/PlatformConfigurator(26425): 	at android.os.Parcel.readException(Parcel.java:2978)
02-13 22:37:07.562 W/PlatformConfigurator(26425): 	at android.database.DatabaseUtils.readExceptionFromParcel(DatabaseUtils.java:190)
02-13 22:37:07.562 W/PlatformConfigurator(26425): 	at android.database.DatabaseUtils.readExceptionFromParcel(DatabaseUtils.java:142)
02-13 22:37:07.562 W/PlatformConfigurator(26425): 	at android.content.ContentProviderProxy.call(ContentProviderNative.java:732)
02-13 22:37:07.562 W/PlatformConfigurator(26425): 	at android.provider.Settings$NameValueCache.setStringsForPrefix(Settings.java:3032)
02-13 22:37:07.562 W/PlatformConfigurator(26425): 	at android.provider.Settings$Config.setStrings(Settings.java:18031)
02-13 22:37:07.562 W/PlatformConfigurator(26425): 	at android.provider.DeviceConfig.setProperties(DeviceConfig.java:980)
02-13 22:37:07.562 W/PlatformConfigurator(26425): 	at epjl.a(:com.google.android.gms@260235029@26.02.35 (190400-862924022):46)
02-13 22:37:07.562 W/PlatformConfigurator(26425): 	at epjp.m(:com.google.android.gms@260235029@26.02.35 (190400-862924022):66)
02-13 22:37:07.562 W/PlatformConfigurator(26425): 	at epjp.e(:com.google.android.gms@260235029@26.02.35 (190400-862924022):22)
02-13 22:37:07.562 W/PlatformConfigurator(26425): 	at com.google.android.gms.platformconfigurator.PhenotypeConfigurationUpdateListener.b(:com.google.android.gms@260235029@26.02.35 (190400-862924022):103)
02-13 22:37:07.562 W/PlatformConfigurator(26425): 	at com.google.android.gms.platformconfigurator.PhenotypeConfigurationUpdateListener.onHandleIntent(:com.google.android.gms@260235029@26.02.35 (190400-862924022):119)
02-13 22:37:07.562 W/PlatformConfigurator(26425): 	at com.google.android.chimera.IntentOperation.onHandleIntent(:com.google.android.gms@260235029@26.02.35 (190400-862924022):1)
02-13 22:37:07.562 W/PlatformConfigurator(26425): 	at ayrm.onHandleIntent(:com.google.android.gms@260235029@26.02.35 (190400-862924022):84)
02-13 22:37:07.562 W/PlatformConfigurator(26425): 	at yrc.run(:com.google.android.gms@260235029@26.02.35 (190400-862924022):64)
02-13 22:37:07.562 W/PlatformConfigurator(26425): 	at yrb.run(:com.google.android.gms@260235029@26.02.35 (190400-862924022):132)
02-13 22:37:07.562 W/PlatformConfigurator(26425): 	at gmlp.run(:com.google.android.gms@260235029@26.02.35 (190400-862924022):19)
02-13 22:37:07.562 W/PlatformConfigurator(26425): 	at java.util.concurrent.ThreadPoolExecutor.runWorker(ThreadPoolExecutor.java:1137)
02-13 22:37:07.562 W/PlatformConfigurator(26425): 	at java.util.concurrent.ThreadPoolExecutor$Worker.run(ThreadPoolExecutor.java:637)
02-13 22:37:07.562 W/PlatformConfigurator(26425): 	at java.lang.Thread.run(Thread.java:1012)
02-13 22:37:07.562 I/PlatformConfigurator(26425): Failed to propagate package com.google.android.platform.location, retryCount 2 [CONTEXT service_id=204 ]
02-13 22:37:07.620 E/DatabaseUtils( 4571): Writing exception to parcel
02-13 22:37:07.620 E/DatabaseUtils( 4571): java.lang.SecurityException: Permission denial: writing to settings requires:android.permission.WRITE_DEVICE_CONFIG
02-13 22:37:07.620 E/DatabaseUtils( 4571): 	at com.android.providers.settings.SettingsProvider.enforceWritePermission(SettingsProvider.java:2268)
02-13 22:37:07.620 E/DatabaseUtils( 4571): 	at com.android.providers.settings.SettingsProvider.setAllConfigSettings(SettingsProvider.java:1162)
02-13 22:37:07.620 E/DatabaseUtils( 4571): 	at com.android.providers.settings.SettingsProvider.call(SettingsProvider.java:477)
02-13 22:37:07.620 E/DatabaseUtils( 4571): 	at android.content.ContentProvider.call(ContentProvider.java:2511)
02-13 22:37:07.620 E/DatabaseUtils( 4571): 	at android.content.ContentProvider$Transport.call(ContentProvider.java:525)
02-13 22:37:07.620 E/DatabaseUtils( 4571): 	at android.content.ContentProviderNative.onTransact(ContentProviderNative.java:295)
02-13 22:37:07.620 E/DatabaseUtils( 4571): 	at android.os.Binder.execTransactInternal(Binder.java:1285)
02-13 22:37:07.620 E/DatabaseUtils( 4571): 	at android.os.Binder.execTransact(Binder.java:1244)
02-13 22:37:07.622 W/PlatformConfigurator(26425): setProperties failed with SecurityException [CONTEXT service_id=204 ]
02-13 22:37:07.622 W/PlatformConfigurator(26425): java.lang.SecurityException: Permission denial: writing to settings requires:android.permission.WRITE_DEVICE_CONFIG
02-13 22:37:07.622 W/PlatformConfigurator(26425): 	at android.os.Parcel.createExceptionOrNull(Parcel.java:3011)
02-13 22:37:07.622 W/PlatformConfigurator(26425): 	at android.os.Parcel.createException(Parcel.java:2995)
02-13 22:37:07.622 W/PlatformConfigurator(26425): 	at android.os.Parcel.readException(Parcel.java:2978)
02-13 22:37:07.622 W/PlatformConfigurator(26425): 	at android.database.DatabaseUtils.readExceptionFromParcel(DatabaseUtils.java:190)
02-13 22:37:07.622 W/PlatformConfigurator(26425): 	at android.database.DatabaseUtils.readExceptionFromParcel(DatabaseUtils.java:142)
02-13 22:37:07.622 W/PlatformConfigurator(26425): 	at android.content.ContentProviderProxy.call(ContentProviderNative.java:732)
02-13 22:37:07.622 W/PlatformConfigurator(26425): 	at android.provider.Settings$NameValueCache.setStringsForPrefix(Settings.java:3032)
02-13 22:37:07.622 W/PlatformConfigurator(26425): 	at android.provider.Settings$Config.setStrings(Settings.java:18031)
02-13 22:37:07.622 W/PlatformConfigurator(26425): 	at android.provider.DeviceConfig.setProperties(DeviceConfig.java:980)
02-13 22:37:07.622 W/PlatformConfigurator(26425): 	at epjl.a(:com.google.android.gms@260235029@26.02.35 (190400-862924022):46)
02-13 22:37:07.622 W/PlatformConfigurator(26425): 	at epjp.m(:com.google.android.gms@260235029@26.02.35 (190400-862924022):66)
02-13 22:37:07.622 W/PlatformConfigurator(26425): 	at epjp.e(:com.google.android.gms@260235029@26.02.35 (190400-862924022):22)
02-13 22:37:07.622 W/PlatformConfigurator(26425): 	at com.google.android.gms.platformconfigurator.PhenotypeConfigurationUpdateListener.b(:com.google.android.gms@260235029@26.02.35 (190400-862924022):103)
02-13 22:37:07.622 W/PlatformConfigurator(26425): 	at com.google.android.gms.platformconfigurator.PhenotypeConfigurationUpdateListener.onHandleIntent(:com.google.android.gms@260235029@26.02.35 (190400-862924022):119)
02-13 22:37:07.622 W/PlatformConfigurator(26425): 	at com.google.android.chimera.IntentOperation.onHandleIntent(:com.google.android.gms@260235029@26.02.35 (190400-862924022):1)
02-13 22:37:07.622 W/PlatformConfigurator(26425): 	at ayrm.onHandleIntent(:com.google.android.gms@260235029@26.02.35 (190400-862924022):84)
02-13 22:37:07.622 W/PlatformConfigurator(26425): 	at yrc.run(:com.google.android.gms@260235029@26.02.35 (190400-862924022):64)
02-13 22:37:07.622 W/PlatformConfigurator(26425): 	at yrb.run(:com.google.android.gms@260235029@26.02.35 (190400-862924022):132)
02-13 22:37:07.622 W/PlatformConfigurator(26425): 	at gmlp.run(:com.google.android.gms@260235029@26.02.35 (190400-862924022):19)
02-13 22:37:07.622 W/PlatformConfigurator(26425): 	at java.util.concurrent.ThreadPoolExecutor.runWorker(ThreadPoolExecutor.java:1137)
02-13 22:37:07.622 W/PlatformConfigurator(26425): 	at java.util.concurrent.ThreadPoolExecutor$Worker.run(ThreadPoolExecutor.java:637)
02-13 22:37:07.622 W/PlatformConfigurator(26425): 	at java.lang.Thread.run(Thread.java:1012)
02-13 22:37:07.622 I/PlatformConfigurator(26425): Failed to propagate package com.google.android.platform.logcat_manager, retryCount 2 [CONTEXT service_id=204 ]
02-13 22:37:07.673 E/DatabaseUtils( 4571): Writing exception to parcel
02-13 22:37:07.673 E/DatabaseUtils( 4571): java.lang.SecurityException: Permission denial: writing to settings requires:android.permission.WRITE_DEVICE_CONFIG
02-13 22:37:07.673 E/DatabaseUtils( 4571): 	at com.android.providers.settings.SettingsProvider.enforceWritePermission(SettingsProvider.java:2268)
02-13 22:37:07.673 E/DatabaseUtils( 4571): 	at com.android.providers.settings.SettingsProvider.setAllConfigSettings(SettingsProvider.java:1162)
02-13 22:37:07.673 E/DatabaseUtils( 4571): 	at com.android.providers.settings.SettingsProvider.call(SettingsProvider.java:477)
02-13 22:37:07.673 E/DatabaseUtils( 4571): 	at android.content.ContentProvider.call(ContentProvider.java:2511)
02-13 22:37:07.673 E/DatabaseUtils( 4571): 	at android.content.ContentProvider$Transport.call(ContentProvider.java:525)
02-13 22:37:07.673 E/DatabaseUtils( 4571): 	at android.content.ContentProviderNative.onTransact(ContentProviderNative.java:295)
02-13 22:37:07.673 E/DatabaseUtils( 4571): 	at android.os.Binder.execTransactInternal(Binder.java:1285)
02-13 22:37:07.673 E/DatabaseUtils( 4571): 	at android.os.Binder.execTransact(Binder.java:1244)
02-13 22:37:07.675 W/PlatformConfigurator(26425): setProperties failed with SecurityException [CONTEXT service_id=204 ]
02-13 22:37:07.675 W/PlatformConfigurator(26425): java.lang.SecurityException: Permission denial: writing to settings requires:android.permission.WRITE_DEVICE_CONFIG
02-13 22:37:07.675 W/PlatformConfigurator(26425): 	at android.os.Parcel.createExceptionOrNull(Parcel.java:3011)
02-13 22:37:07.675 W/PlatformConfigurator(26425): 	at android.os.Parcel.createException(Parcel.java:2995)
02-13 22:37:07.675 W/PlatformConfigurator(26425): 	at android.os.Parcel.readException(Parcel.java:2978)
02-13 22:37:07.675 W/PlatformConfigurator(26425): 	at android.database.DatabaseUtils.readExceptionFromParcel(DatabaseUtils.java:190)
02-13 22:37:07.675 W/PlatformConfigurator(26425): 	at android.database.DatabaseUtils.readExceptionFromParcel(DatabaseUtils.java:142)
02-13 22:37:07.675 W/PlatformConfigurator(26425): 	at android.content.ContentProviderProxy.call(ContentProviderNative.java:732)
02-13 22:37:07.675 W/PlatformConfigurator(26425): 	at android.provider.Settings$NameValueCache.setStringsForPrefix(Settings.java:3032)
02-13 22:37:07.675 W/PlatformConfigurator(26425): 	at android.provider.Settings$Config.setStrings(Settings.java:18031)
02-13 22:37:07.675 W/PlatformConfigurator(26425): 	at android.provider.DeviceConfig.setProperties(DeviceConfig.java:980)
02-13 22:37:07.675 W/PlatformConfigurator(26425): 	at epjl.a(:com.google.android.gms@260235029@26.02.35 (190400-862924022):46)
02-13 22:37:07.675 W/PlatformConfigurator(26425): 	at epjp.m(:com.google.android.gms@260235029@26.02.35 (190400-862924022):66)
02-13 22:37:07.675 W/PlatformConfigurator(26425): 	at epjp.e(:com.google.android.gms@260235029@26.02.35 (190400-862924022):22)
02-13 22:37:07.675 W/PlatformConfigurator(26425): 	at com.google.android.gms.platformconfigurator.PhenotypeConfigurationUpdateListener.b(:com.google.android.gms@260235029@26.02.35 (190400-862924022):103)
02-13 22:37:07.675 W/PlatformConfigurator(26425): 	at com.google.android.gms.platformconfigurator.PhenotypeConfigurationUpdateListener.onHandleIntent(:com.google.android.gms@260235029@26.02.35 (190400-862924022):119)
02-13 22:37:07.675 W/PlatformConfigurator(26425): 	at com.google.android.chimera.IntentOperation.onHandleIntent(:com.google.android.gms@260235029@26.02.35 (190400-862924022):1)
02-13 22:37:07.675 W/PlatformConfigurator(26425): 	at ayrm.onHandleIntent(:com.google.android.gms@260235029@26.02.35 (190400-862924022):84)
02-13 22:37:07.675 W/PlatformConfigurator(26425): 	at yrc.run(:com.google.android.gms@260235029@26.02.35 (190400-862924022):64)
02-13 22:37:07.675 W/PlatformConfigurator(26425): 	at yrb.run(:com.google.android.gms@260235029@26.02.35 (190400-862924022):132)
02-13 22:37:07.675 W/PlatformConfigurator(26425): 	at gmlp.run(:com.google.android.gms@260235029@26.02.35 (190400-862924022):19)
02-13 22:37:07.675 W/PlatformConfigurator(26425): 	at java.util.concurrent.ThreadPoolExecutor.runWorker(ThreadPoolExecutor.java:1137)
02-13 22:37:07.675 W/PlatformConfigurator(26425): 	at java.util.concurrent.ThreadPoolExecutor$Worker.run(ThreadPoolExecutor.java:637)
02-13 22:37:07.675 W/PlatformConfigurator(26425): 	at java.lang.Thread.run(Thread.java:1012)
02-13 22:37:07.675 I/PlatformConfigurator(26425): Failed to propagate package com.google.android.platform.growth, retryCount 2 [CONTEXT service_id=204 ]
02-13 22:37:07.722 E/DatabaseUtils( 4571): Writing exception to parcel
02-13 22:37:07.722 E/DatabaseUtils( 4571): java.lang.SecurityException: Permission denial: writing to settings requires:android.permission.WRITE_DEVICE_CONFIG
02-13 22:37:07.722 E/DatabaseUtils( 4571): 	at com.android.providers.settings.SettingsProvider.enforceWritePermission(SettingsProvider.java:2268)
02-13 22:37:07.722 E/DatabaseUtils( 4571): 	at com.android.providers.settings.SettingsProvider.setAllConfigSettings(SettingsProvider.java:1162)
02-13 22:37:07.722 E/DatabaseUtils( 4571): 	at com.android.providers.settings.SettingsProvider.call(SettingsProvider.java:477)
02-13 22:37:07.722 E/DatabaseUtils( 4571): 	at android.content.ContentProvider.call(ContentProvider.java:2511)
02-13 22:37:07.722 E/DatabaseUtils( 4571): 	at android.content.ContentProvider$Transport.call(ContentProvider.java:525)
02-13 22:37:07.722 E/DatabaseUtils( 4571): 	at android.content.ContentProviderNative.onTransact(ContentProviderNative.java:295)
02-13 22:37:07.722 E/DatabaseUtils( 4571): 	at android.os.Binder.execTransactInternal(Binder.java:1285)
02-13 22:37:07.722 E/DatabaseUtils( 4571): 	at android.os.Binder.execTransact(Binder.java:1244)
02-13 22:37:07.724 W/PlatformConfigurator(26425): setProperties failed with SecurityException [CONTEXT service_id=204 ]
02-13 22:37:07.724 W/PlatformConfigurator(26425): java.lang.SecurityException: Permission denial: writing to settings requires:android.permission.WRITE_DEVICE_CONFIG
02-13 22:37:07.724 W/PlatformConfigurator(26425): 	at android.os.Parcel.createExceptionOrNull(Parcel.java:3011)
02-13 22:37:07.724 W/PlatformConfigurator(26425): 	at android.os.Parcel.createException(Parcel.java:2995)
02-13 22:37:07.724 W/PlatformConfigurator(26425): 	at android.os.Parcel.readException(Parcel.java:2978)
02-13 22:37:07.724 W/PlatformConfigurator(26425): 	at android.database.DatabaseUtils.readExceptionFromParcel(DatabaseUtils.java:190)
02-13 22:37:07.724 W/PlatformConfigurator(26425): 	at android.database.DatabaseUtils.readExceptionFromParcel(DatabaseUtils.java:142)
02-13 22:37:07.724 W/PlatformConfigurator(26425): 	at android.content.ContentProviderProxy.call(ContentProviderNative.java:732)
02-13 22:37:07.724 W/PlatformConfigurator(26425): 	at android.provider.Settings$NameValueCache.setStringsForPrefix(Settings.java:3032)
02-13 22:37:07.724 W/PlatformConfigurator(26425): 	at android.provider.Settings$Config.setStrings(Settings.java:18031)
02-13 22:37:07.724 W/PlatformConfigurator(26425): 	at android.provider.DeviceConfig.setProperties(DeviceConfig.java:980)
02-13 22:37:07.724 W/PlatformConfigurator(26425): 	at epjl.a(:com.google.android.gms@260235029@26.02.35 (190400-862924022):46)
02-13 22:37:07.724 W/PlatformConfigurator(26425): 	at epjp.m(:com.google.android.gms@260235029@26.02.35 (190400-862924022):66)
02-13 22:37:07.724 W/PlatformConfigurator(26425): 	at epjp.e(:com.google.android.gms@260235029@26.02.35 (190400-862924022):22)
02-13 22:37:07.724 W/PlatformConfigurator(26425): 	at com.google.android.gms.platformconfigurator.PhenotypeConfigurationUpdateListener.b(:com.google.android.gms@260235029@26.02.35 (190400-862924022):103)
02-13 22:37:07.724 W/PlatformConfigurator(26425): 	at com.google.android.gms.platformconfigurator.PhenotypeConfigurationUpdateListener.onHandleIntent(:com.google.android.gms@260235029@26.02.35 (190400-862924022):119)
02-13 22:37:07.724 W/PlatformConfigurator(26425): 	at com.google.android.chimera.IntentOperation.onHandleIntent(:com.google.android.gms@260235029@26.02.35 (190400-862924022):1)
02-13 22:37:07.724 W/PlatformConfigurator(26425): 	at ayrm.onHandleIntent(:com.google.android.gms@260235029@26.02.35 (190400-862924022):84)
02-13 22:37:07.724 W/PlatformConfigurator(26425): 	at yrc.run(:com.google.android.gms@260235029@26.02.35 (190400-862924022):64)
02-13 22:37:07.724 W/PlatformConfigurator(26425): 	at yrb.run(:com.google.android.gms@260235029@26.02.35 (190400-862924022):132)
02-13 22:37:07.724 W/PlatformConfigurator(26425): 	at gmlp.run(:com.google.android.gms@260235029@26.02.35 (190400-862924022):19)
02-13 22:37:07.724 W/PlatformConfigurator(26425): 	at java.util.concurrent.ThreadPoolExecutor.runWorker(ThreadPoolExecutor.java:1137)
02-13 22:37:07.724 W/PlatformConfigurator(26425): 	at java.util.concurrent.ThreadPoolExecutor$Worker.run(ThreadPoolExecutor.java:637)
02-13 22:37:07.724 W/PlatformConfigurator(26425): 	at java.lang.Thread.run(Thread.java:1012)
02-13 22:37:07.724 I/PlatformConfigurator(26425): Failed to propagate package com.google.android.platform.wallpaper_content, retryCount 2 [CONTEXT service_id=204 ]
02-13 22:37:07.776 E/DatabaseUtils( 4571): Writing exception to parcel
02-13 22:37:07.776 E/DatabaseUtils( 4571): java.lang.SecurityException: Permission denial: writing to settings requires:android.permission.WRITE_DEVICE_CONFIG
02-13 22:37:07.776 E/DatabaseUtils( 4571): 	at com.android.providers.settings.SettingsProvider.enforceWritePermission(SettingsProvider.java:2268)
02-13 22:37:07.776 E/DatabaseUtils( 4571): 	at com.android.providers.settings.SettingsProvider.setAllConfigSettings(SettingsProvider.java:1162)
02-13 22:37:07.776 E/DatabaseUtils( 4571): 	at com.android.providers.settings.SettingsProvider.call(SettingsProvider.java:477)
02-13 22:37:07.776 E/DatabaseUtils( 4571): 	at android.content.ContentProvider.call(ContentProvider.java:2511)
02-13 22:37:07.776 E/DatabaseUtils( 4571): 	at android.content.ContentProvider$Transport.call(ContentProvider.java:525)
02-13 22:37:07.776 E/DatabaseUtils( 4571): 	at android.content.ContentProviderNative.onTransact(ContentProviderNative.java:295)
02-13 22:37:07.776 E/DatabaseUtils( 4571): 	at android.os.Binder.execTransactInternal(Binder.java:1285)
02-13 22:37:07.776 E/DatabaseUtils( 4571): 	at android.os.Binder.execTransact(Binder.java:1244)
02-13 22:37:07.778 W/PlatformConfigurator(26425): setProperties failed with SecurityException [CONTEXT service_id=204 ]
02-13 22:37:07.778 W/PlatformConfigurator(26425): java.lang.SecurityException: Permission denial: writing to settings requires:android.permission.WRITE_DEVICE_CONFIG
02-13 22:37:07.778 W/PlatformConfigurator(26425): 	at android.os.Parcel.createExceptionOrNull(Parcel.java:3011)
02-13 22:37:07.778 W/PlatformConfigurator(26425): 	at android.os.Parcel.createException(Parcel.java:2995)
02-13 22:37:07.778 W/PlatformConfigurator(26425): 	at android.os.Parcel.readException(Parcel.java:2978)
02-13 22:37:07.778 W/PlatformConfigurator(26425): 	at android.database.DatabaseUtils.readExceptionFromParcel(DatabaseUtils.java:190)
02-13 22:37:07.778 W/PlatformConfigurator(26425): 	at android.database.DatabaseUtils.readExceptionFromParcel(DatabaseUtils.java:142)
02-13 22:37:07.778 W/PlatformConfigurator(26425): 	at android.content.ContentProviderProxy.call(ContentProviderNative.java:732)
02-13 22:37:07.778 W/PlatformConfigurator(26425): 	at android.provider.Settings$NameValueCache.setStringsForPrefix(Settings.java:3032)
02-13 22:37:07.778 W/PlatformConfigurator(26425): 	at android.provider.Settings$Config.setStrings(Settings.java:18031)
02-13 22:37:07.778 W/PlatformConfigurator(26425): 	at android.provider.DeviceConfig.setProperties(DeviceConfig.java:980)
02-13 22:37:07.778 W/PlatformConfigurator(26425): 	at epjl.a(:com.google.android.gms@260235029@26.02.35 (190400-862924022):46)
02-13 22:37:07.778 W/PlatformConfigurator(26425): 	at epjp.m(:com.google.android.gms@260235029@26.02.35 (190400-862924022):66)
02-13 22:37:07.778 W/PlatformConfigurator(26425): 	at epjp.e(:com.google.android.gms@260235029@26.02.35 (190400-862924022):22)
02-13 22:37:07.778 W/PlatformConfigurator(26425): 	at com.google.android.gms.platformconfigurator.PhenotypeConfigurationUpdateListener.b(:com.google.android.gms@260235029@26.02.35 (190400-862924022):103)
02-13 22:37:07.778 W/PlatformConfigurator(26425): 	at com.google.android.gms.platformconfigurator.PhenotypeConfigurationUpdateListener.onHandleIntent(:com.google.android.gms@260235029@26.02.35 (190400-862924022):119)
02-13 22:37:07.778 W/PlatformConfigurator(26425): 	at com.google.android.chimera.IntentOperation.onHandleIntent(:com.google.android.gms@260235029@26.02.35 (190400-862924022):1)
02-13 22:37:07.778 W/PlatformConfigurator(26425): 	at ayrm.onHandleIntent(:com.google.android.gms@260235029@26.02.35 (190400-862924022):84)
02-13 22:37:07.778 W/PlatformConfigurator(26425): 	at yrc.run(:com.google.android.gms@260235029@26.02.35 (190400-862924022):64)
02-13 22:37:07.778 W/PlatformConfigurator(26425): 	at yrb.run(:com.google.android.gms@260235029@26.02.35 (190400-862924022):132)
02-13 22:37:07.778 W/PlatformConfigurator(26425): 	at gmlp.run(:com.google.android.gms@260235029@26.02.35 (190400-862924022):19)
02-13 22:37:07.778 W/PlatformConfigurator(26425): 	at java.util.concurrent.ThreadPoolExecutor.runWorker(ThreadPoolExecutor.java:1137)
02-13 22:37:07.778 W/PlatformConfigurator(26425): 	at java.util.concurrent.ThreadPoolExecutor$Worker.run(ThreadPoolExecutor.java:637)
02-13 22:37:07.778 W/PlatformConfigurator(26425): 	at java.lang.Thread.run(Thread.java:1012)
02-13 22:37:07.779 I/PlatformConfigurator(26425): Failed to propagate package com.google.android.platform.rotation_resolver, retryCount 2 [CONTEXT service_id=204 ]
02-13 22:37:07.829 E/DatabaseUtils( 4571): Writing exception to parcel
02-13 22:37:07.829 E/DatabaseUtils( 4571): java.lang.SecurityException: Permission denial: writing to settings requires:android.permission.WRITE_DEVICE_CONFIG
02-13 22:37:07.829 E/DatabaseUtils( 4571): 	at com.android.providers.settings.SettingsProvider.enforceWritePermission(SettingsProvider.java:2268)
02-13 22:37:07.829 E/DatabaseUtils( 4571): 	at com.android.providers.settings.SettingsProvider.setAllConfigSettings(SettingsProvider.java:1162)
02-13 22:37:07.829 E/DatabaseUtils( 4571): 	at com.android.providers.settings.SettingsProvider.call(SettingsProvider.java:477)
02-13 22:37:07.829 E/DatabaseUtils( 4571): 	at android.content.ContentProvider.call(ContentProvider.java:2511)
02-13 22:37:07.829 E/DatabaseUtils( 4571): 	at android.content.ContentProvider$Transport.call(ContentProvider.java:525)
02-13 22:37:07.829 E/DatabaseUtils( 4571): 	at android.content.ContentProviderNative.onTransact(ContentProviderNative.java:295)
02-13 22:37:07.829 E/DatabaseUtils( 4571): 	at android.os.Binder.execTransactInternal(Binder.java:1285)
02-13 22:37:07.829 E/DatabaseUtils( 4571): 	at android.os.Binder.execTransact(Binder.java:1244)
02-13 22:37:07.831 W/PlatformConfigurator(26425): setProperties failed with SecurityException [CONTEXT service_id=204 ]
02-13 22:37:07.831 W/PlatformConfigurator(26425): java.lang.SecurityException: Permission denial: writing to settings requires:android.permission.WRITE_DEVICE_CONFIG
02-13 22:37:07.831 W/PlatformConfigurator(26425): 	at android.os.Parcel.createExceptionOrNull(Parcel.java:3011)
02-13 22:37:07.831 W/PlatformConfigurator(26425): 	at android.os.Parcel.createException(Parcel.java:2995)
02-13 22:37:07.831 W/PlatformConfigurator(26425): 	at android.os.Parcel.readException(Parcel.java:2978)
02-13 22:37:07.831 W/PlatformConfigurator(26425): 	at android.database.DatabaseUtils.readExceptionFromParcel(DatabaseUtils.java:190)
02-13 22:37:07.831 W/PlatformConfigurator(26425): 	at android.database.DatabaseUtils.readExceptionFromParcel(DatabaseUtils.java:142)
02-13 22:37:07.831 W/PlatformConfigurator(26425): 	at android.content.ContentProviderProxy.call(ContentProviderNative.java:732)
02-13 22:37:07.831 W/PlatformConfigurator(26425): 	at android.provider.Settings$NameValueCache.setStringsForPrefix(Settings.java:3032)
02-13 22:37:07.831 W/PlatformConfigurator(26425): 	at android.provider.Settings$Config.setStrings(Settings.java:18031)
02-13 22:37:07.831 W/PlatformConfigurator(26425): 	at android.provider.DeviceConfig.setProperties(DeviceConfig.java:980)
02-13 22:37:07.831 W/PlatformConfigurator(26425): 	at epjl.a(:com.google.android.gms@260235029@26.02.35 (190400-862924022):46)
02-13 22:37:07.831 W/PlatformConfigurator(26425): 	at epjp.m(:com.google.android.gms@260235029@26.02.35 (190400-862924022):66)
02-13 22:37:07.831 W/PlatformConfigurator(26425): 	at epjp.f(:com.google.android.gms@260235029@26.02.35 (190400-862924022):23)
02-13 22:37:07.831 W/PlatformConfigurator(26425): 	at com.google.android.gms.platformconfigurator.PhenotypeConfigurationUpdateListener.b(:com.google.android.gms@260235029@26.02.35 (190400-862924022):93)
02-13 22:37:07.831 W/PlatformConfigurator(26425): 	at com.google.android.gms.platformconfigurator.PhenotypeConfigurationUpdateListener.onHandleIntent(:com.google.android.gms@260235029@26.02.35 (190400-862924022):119)
02-13 22:37:07.831 W/PlatformConfigurator(26425): 	at com.google.android.chimera.IntentOperation.onHandleIntent(:com.google.android.gms@260235029@26.02.35 (190400-862924022):1)
02-13 22:37:07.831 W/PlatformConfigurator(26425): 	at ayrm.onHandleIntent(:com.google.android.gms@260235029@26.02.35 (190400-862924022):84)
02-13 22:37:07.831 W/PlatformConfigurator(26425): 	at yrc.run(:com.google.android.gms@260235029@26.02.35 (190400-862924022):64)
02-13 22:37:07.831 W/PlatformConfigurator(26425): 	at yrb.run(:com.google.android.gms@260235029@26.02.35 (190400-862924022):132)
02-13 22:37:07.831 W/PlatformConfigurator(26425): 	at gmlp.run(:com.google.android.gms@260235029@26.02.35 (190400-862924022):19)
02-13 22:37:07.831 W/PlatformConfigurator(26425): 	at java.util.concurrent.ThreadPoolExecutor.runWorker(ThreadPoolExecutor.java:1137)
02-13 22:37:07.831 W/PlatformConfigurator(26425): 	at java.util.concurrent.ThreadPoolExecutor$Worker.run(ThreadPoolExecutor.java:637)
02-13 22:37:07.831 W/PlatformConfigurator(26425): 	at java.lang.Thread.run(Thread.java:1012)
02-13 22:37:07.832 I/PlatformConfigurator(26425): Failed to propagate package com.google.android.platform.tethering_boot, retryCount 2 [CONTEXT service_id=204 ]
02-13 22:37:07.877 E/DatabaseUtils( 4571): Writing exception to parcel
02-13 22:37:07.877 E/DatabaseUtils( 4571): java.lang.SecurityException: Permission denial: writing to settings requires:android.permission.WRITE_DEVICE_CONFIG
02-13 22:37:07.877 E/DatabaseUtils( 4571): 	at com.android.providers.settings.SettingsProvider.enforceWritePermission(SettingsProvider.java:2268)
02-13 22:37:07.877 E/DatabaseUtils( 4571): 	at com.android.providers.settings.SettingsProvider.setAllConfigSettings(SettingsProvider.java:1162)
02-13 22:37:07.877 E/DatabaseUtils( 4571): 	at com.android.providers.settings.SettingsProvider.call(SettingsProvider.java:477)
02-13 22:37:07.877 E/DatabaseUtils( 4571): 	at android.content.ContentProvider.call(ContentProvider.java:2511)
02-13 22:37:07.877 E/DatabaseUtils( 4571): 	at android.content.ContentProvider$Transport.call(ContentProvider.java:525)
02-13 22:37:07.877 E/DatabaseUtils( 4571): 	at android.content.ContentProviderNative.onTransact(ContentProviderNative.java:295)
02-13 22:37:07.877 E/DatabaseUtils( 4571): 	at android.os.Binder.execTransactInternal(Binder.java:1285)
02-13 22:37:07.877 E/DatabaseUtils( 4571): 	at android.os.Binder.execTransact(Binder.java:1244)
02-13 22:37:07.879 W/PlatformConfigurator(26425): setProperties failed with SecurityException [CONTEXT service_id=204 ]
02-13 22:37:07.879 W/PlatformConfigurator(26425): java.lang.SecurityException: Permission denial: writing to settings requires:android.permission.WRITE_DEVICE_CONFIG
02-13 22:37:07.879 W/PlatformConfigurator(26425): 	at android.os.Parcel.createExceptionOrNull(Parcel.java:3011)
02-13 22:37:07.879 W/PlatformConfigurator(26425): 	at android.os.Parcel.createException(Parcel.java:2995)
02-13 22:37:07.879 W/PlatformConfigurator(26425): 	at android.os.Parcel.readException(Parcel.java:2978)
02-13 22:37:07.879 W/PlatformConfigurator(26425): 	at android.database.DatabaseUtils.readExceptionFromParcel(DatabaseUtils.java:190)
02-13 22:37:07.879 W/PlatformConfigurator(26425): 	at android.database.DatabaseUtils.readExceptionFromParcel(DatabaseUtils.java:142)
02-13 22:37:07.879 W/PlatformConfigurator(26425): 	at android.content.ContentProviderProxy.call(ContentProviderNative.java:732)
02-13 22:37:07.879 W/PlatformConfigurator(26425): 	at android.provider.Settings$NameValueCache.setStringsForPrefix(Settings.java:3032)
02-13 22:37:07.879 W/PlatformConfigurator(26425): 	at android.provider.Settings$Config.setStrings(Settings.java:18031)
02-13 22:37:07.879 W/PlatformConfigurator(26425): 	at android.provider.DeviceConfig.setProperties(DeviceConfig.java:980)
02-13 22:37:07.879 W/PlatformConfigurator(26425): 	at epjl.a(:com.google.android.gms@260235029@26.02.35 (190400-862924022):46)
02-13 22:37:07.879 W/PlatformConfigurator(26425): 	at epjp.m(:com.google.android.gms@260235029@26.02.35 (190400-862924022):66)
02-13 22:37:07.879 W/PlatformConfigurator(26425): 	at epjp.e(:com.google.android.gms@260235029@26.02.35 (190400-862924022):22)
02-13 22:37:07.879 W/PlatformConfigurator(26425): 	at com.google.android.gms.platformconfigurator.PhenotypeConfigurationUpdateListener.b(:com.google.android.gms@260235029@26.02.35 (190400-862924022):103)
02-13 22:37:07.879 W/PlatformConfigurator(26425): 	at com.google.android.gms.platformconfigurator.PhenotypeConfigurationUpdateListener.onHandleIntent(:com.google.android.gms@260235029@26.02.35 (190400-862924022):119)
02-13 22:37:07.879 W/PlatformConfigurator(26425): 	at com.google.android.chimera.IntentOperation.onHandleIntent(:com.google.android.gms@260235029@26.02.35 (190400-862924022):1)
02-13 22:37:07.879 W/PlatformConfigurator(26425): 	at ayrm.onHandleIntent(:com.google.android.gms@260235029@26.02.35 (190400-862924022):84)
02-13 22:37:07.879 W/PlatformConfigurator(26425): 	at yrc.run(:com.google.android.gms@260235029@26.02.35 (190400-862924022):64)
02-13 22:37:07.879 W/PlatformConfigurator(26425): 	at yrb.run(:com.google.android.gms@260235029@26.02.35 (190400-862924022):132)
02-13 22:37:07.879 W/PlatformConfigurator(26425): 	at gmlp.run(:com.google.android.gms@260235029@26.02.35 (190400-862924022):19)
02-13 22:37:07.879 W/PlatformConfigurator(26425): 	at java.util.concurrent.ThreadPoolExecutor.runWorker(ThreadPoolExecutor.java:1137)
02-13 22:37:07.879 W/PlatformConfigurator(26425): 	at java.util.concurrent.ThreadPoolExecutor$Worker.run(ThreadPoolExecutor.java:637)
02-13 22:37:07.879 W/PlatformConfigurator(26425): 	at java.lang.Thread.run(Thread.java:1012)
02-13 22:37:07.879 I/PlatformConfigurator(26425): Failed to propagate package com.google.android.platform.audioproxy, retryCount 2 [CONTEXT service_id=204 ]
02-13 22:37:07.943 E/DatabaseUtils( 4571): Writing exception to parcel
02-13 22:37:07.943 E/DatabaseUtils( 4571): java.lang.SecurityException: Permission denial: writing to settings requires:android.permission.WRITE_DEVICE_CONFIG
