--------- beginning of system
02-13 22:37:04.139 I/ActivityManager( 4571): Killing 17931:com.android.permissioncontroller/u0a161 (adj 985): empty #18
--------- beginning of main
02-13 22:37:04.139 I/libprocessgroup( 4571): Successfully killed process cgroup uid 10115 pid 18661 in 0ms
02-13 22:37:04.165 E/DatabaseUtils( 4571): Writing exception to parcel
02-13 22:37:04.165 E/DatabaseUtils( 4571): java.lang.SecurityException: Permission denial: writing to settings requires:android.permission.WRITE_DEVICE_CONFIG
02-13 22:37:04.165 E/DatabaseUtils( 4571): 	at com.android.providers.settings.SettingsProvider.enforceWritePermission(SettingsProvider.java:2268)
02-13 22:37:04.165 E/DatabaseUtils( 4571): 	at com.android.providers.settings.SettingsProvider.setAllConfigSettings(SettingsProvider.java:1162)
02-13 22:37:04.165 E/DatabaseUtils( 4571): 	at com.android.providers.settings.SettingsProvider.call(SettingsProvider.java:477)
02-13 22:37:04.165 E/DatabaseUtils( 4571): 	at android.content.ContentProvider.call(ContentProvider.java:2511)
02-13 22:37:04.165 E/DatabaseUtils( 4571): 	at android.content.ContentProvider$Transport.call(ContentProvider.java:525)
02-13 22:37:04.165 E/DatabaseUtils( 4571): 	at android.content.ContentProviderNative.onTransact(ContentProviderNative.java:295)
02-13 22:37:04.165 E/DatabaseUtils( 4571): 	at android.os.Binder.execTransactInternal(Binder.java:1285)
02-13 22:37:04.165 E/DatabaseUtils( 4571): 	at android.os.Binder.execTransact(Binder.java:1244)
02-13 22:37:04.166 W/PlatformConfigurator(26425): setProperties failed with SecurityException [CONTEXT service_id=204 ]
02-13 22:37:04.166 W/PlatformConfigurator(26425): java.lang.SecurityException: Permission denial: writing to settings requires:android.permission.WRITE_DEVICE_CONFIG
02-13 22:37:04.166 W/PlatformConfigurator(26425): 	at android.os.Parcel.createExceptionOrNull(Parcel.java:3011)
02-13 22:37:04.166 W/PlatformConfigurator(26425): 	at android.os.Parcel.createException(Parcel.java:2995)
02-13 22:37:04.166 W/PlatformConfigurator(26425): 	at android.os.Parcel.readException(Parcel.java:2978)
02-13 22:37:04.166 W/PlatformConfigurator(26425): 	at android.database.DatabaseUtils.readExceptionFromParcel(DatabaseUtils.java:190)
02-13 22:37:04.166 W/PlatformConfigurator(26425): 	at android.database.DatabaseUtils.readExceptionFromParcel(DatabaseUtils.java:142)
02-13 22:37:04.166 W/PlatformConfigurator(26425): 	at android.content.ContentProviderProxy.call(ContentProviderNative.java:732)
02-13 22:37:04.166 W/PlatformConfigurator(26425): 	at android.provider.Settings$NameValueCache.setStringsForPrefix(Settings.java:3032)
02-13 22:37:04.166 W/PlatformConfigurator(26425): 	at android.provider.Settings$Config.setStrings(Settings.java:18031)
02-13 22:37:04.166 W/PlatformConfigurator(26425): 	at android.provider.DeviceConfig.setProperties(DeviceConfig.java:980)
02-13 22:37:04.166 W/PlatformConfigurator(26425): 	at epjl.a(:com.google.android.gms@260235029@26.02.35 (190400-862924022):46)
02-13 22:37:04.166 W/PlatformConfigurator(26425): 	at epjp.m(:com.google.android.gms@260235029@26.02.35 (190400-862924022):66)
02-13 22:37:04.166 W/PlatformConfigurator(26425): 	at epjp.e(:com.google.android.gms@260235029@26.02.35 (190400-862924022):22)
02-13 22:37:04.166 W/PlatformConfigurator(26425): 	at com.google.android.gms.platformconfigurator.PhenotypeConfigurationUpdateListener.b(:com.google.android.gms@260235029@26.02.35 (190400-862924022):103)
02-13 22:37:04.166 W/PlatformConfigurator(26425): 	at com.google.android.gms.platformconfigurator.PhenotypeConfigurationUpdateListener.onHandleIntent(:com.google.android.gms@260235029@26.02.35 (190400-862924022):119)
02-13 22:37:04.166 W/PlatformConfigurator(26425): 	at com.google.android.chimera.IntentOperation.onHandleIntent(:com.google.android.gms@260235029@26.02.35 (190400-862924022):1)
02-13 22:37:04.166 W/PlatformConfigurator(26425): 	at ayrm.onHandleIntent(:com.google.android.gms@260235029@26.02.35 (190400-862924022):84)
02-13 22:37:04.166 W/PlatformConfigurator(26425): 	at yrc.run(:com.google.android.gms@260235029@26.02.35 (190400-862924022):64)
02-13 22:37:04.166 W/PlatformConfigurator(26425): 	at yrb.run(:com.google.android.gms@260235029@26.02.35 (190400-862924022):132)
02-13 22:37:04.166 W/PlatformConfigurator(26425): 	at gmlp.run(:com.google.android.gms@260235029@26.02.35 (190400-862924022):19)
02-13 22:37:04.166 W/PlatformConfigurator(26425): 	at java.util.concurrent.ThreadPoolExecutor.runWorker(ThreadPoolExecutor.java:1137)
02-13 22:37:04.166 W/PlatformConfigurator(26425): 	at java.util.concurrent.ThreadPoolExecutor$Worker.run(ThreadPoolExecutor.java:637)
02-13 22:37:04.166 W/PlatformConfigurator(26425): 	at java.lang.Thread.run(Thread.java:1012)
02-13 22:37:04.166 I/PlatformConfigurator(26425): Failed to propagate package com.google.android.platform.activity_manager, retryCount 2 [CONTEXT service_id=204 ]
02-13 22:37:04.171 I/Zygote  ( 4190): Process 17931 exited due to signal 9 (Killed)
02-13 22:37:04.191 D/ConnectivityService( 4571): ConnectivityService NetworkRequestInfo binderDied(uid/pid:10115/18661, [NetworkRequest [ REQUEST id=12355, [ Capabilities: INTERNET&NOT_RESTRICTED&TRUSTED&NOT_VCN_MANAGED Uid: 10115 RequestorUid: 10115 RequestorPkg: com.google.android.gms UnderlyingNetworks: Null] ]], android.os.BinderProxy@1b67277)
02-13 22:37:04.191 D/ConnectivityService( 4571): ConnectivityService NetworkRequestInfo binderDied(uid/pid:10115/18661, [NetworkRequest [ LISTEN id=12356, [ Capabilities: INTERNET&NOT_RESTRICTED&TRUSTED&NOT_VCN_MANAGED Uid: 10115 RequestorUid: 10115 RequestorPkg: com.google.android.gms UnderlyingNetworks: Null] ]], android.os.BinderProxy@e850c76)
02-13 22:37:04.191 D/ConnectivityService( 4571): releasing NetworkRequest [ REQUEST id=12355, [ Capabilities: INTERNET&NOT_RESTRICTED&TRUSTED&NOT_VCN_MANAGED Uid: 10115 RequestorUid: 10115 RequestorPkg: com.google.android.gms UnderlyingNetworks: Null] ] (release request)
02-13 22:37:04.192 D/ConnectivityService( 4571): ConnectivityService NetworkRequestInfo binderDied(uid/pid:10115/18661, [NetworkRequest [ REQUEST id=12358, [ Capabilities: INTERNET&NOT_RESTRICTED&TRUSTED&NOT_VCN_MANAGED Uid: 10115 RequestorUid: 10115 RequestorPkg: com.google.android.gms UnderlyingNetworks: Null] ]], android.os.BinderProxy@992ee4)
02-13 22:37:04.192 I/Zygote  ( 4190): Process 18661 exited due to signal 9 (Killed)
02-13 22:37:04.193 D/ConnectivityService( 4571): releasing NetworkRequest [ REQUEST id=12358, [ Capabilities: INTERNET&NOT_RESTRICTED&TRUSTED&NOT_VCN_MANAGED Uid: 10115 RequestorUid: 10115 RequestorPkg: com.google.android.gms UnderlyingNetworks: Null] ] (release request)
02-13 22:37:04.193 I/libprocessgroup( 4571): Successfully killed process cgroup uid 10161 pid 17931 in 0ms
02-13 22:37:04.206 E/DatabaseUtils( 4571): Writing exception to parcel
02-13 22:37:04.206 E/DatabaseUtils( 4571): java.lang.SecurityException: Permission denial: writing to settings requires:android.permission.WRITE_DEVICE_CONFIG
02-13 22:37:04.206 E/DatabaseUtils( 4571): 	at com.android.providers.settings.SettingsProvider.enforceWritePermission(SettingsProvider.java:2268)
02-13 22:37:04.206 E/DatabaseUtils( 4571): 	at com.android.providers.settings.SettingsProvider.setAllConfigSettings(SettingsProvider.java:1162)
02-13 22:37:04.206 E/DatabaseUtils( 4571): 	at com.android.providers.settings.SettingsProvider.call(SettingsProvider.java:477)
02-13 22:37:04.206 E/DatabaseUtils( 4571): 	at android.content.ContentProvider.call(ContentProvider.java:2511)
02-13 22:37:04.206 E/DatabaseUtils( 4571): 	at android.content.ContentProvider$Transport.call(ContentProvider.java:525)
02-13 22:37:04.206 E/DatabaseUtils( 4571): 	at android.content.ContentProviderNative.onTransact(ContentProviderNative.java:295)
02-13 22:37:04.206 E/DatabaseUtils( 4571): 	at android.os.Binder.execTransactInternal(Binder.java:1285)
02-13 22:37:04.206 E/DatabaseUtils( 4571): 	at android.os.Binder.execTransact(Binder.java:1244)
02-13 22:37:04.208 W/PlatformConfigurator(26425): setProperties failed with SecurityException [CONTEXT service_id=204 ]
02-13 22:37:04.208 W/PlatformConfigurator(26425): java.lang.SecurityException: Permission denial: writing to settings requires:android.permission.WRITE_DEVICE_CONFIG
02-13 22:37:04.208 W/PlatformConfigurator(26425): 	at android.os.Parcel.createExceptionOrNull(Parcel.java:3011)
02-13 22:37:04.208 W/PlatformConfigurator(26425): 	at android.os.Parcel.createException(Parcel.java:2995)
02-13 22:37:04.208 W/PlatformConfigurator(26425): 	at android.os.Parcel.readException(Parcel.java:2978)
02-13 22:37:04.208 W/PlatformConfigurator(26425): 	at android.database.DatabaseUtils.readExceptionFromParcel(DatabaseUtils.java:190)
02-13 22:37:04.208 W/PlatformConfigurator(26425): 	at android.database.DatabaseUtils.readExceptionFromParcel(DatabaseUtils.java:142)
02-13 22:37:04.208 W/PlatformConfigurator(26425): 	at android.content.ContentProviderProxy.call(ContentProviderNative.java:732)
02-13 22:37:04.208 W/PlatformConfigurator(26425): 	at android.provider.Settings$NameValueCache.setStringsForPrefix(Settings.java:3032)
02-13 22:37:04.208 W/PlatformConfigurator(26425): 	at android.provider.Settings$Config.setStrings(Settings.java:18031)
02-13 22:37:04.208 W/PlatformConfigurator(26425): 	at android.provider.DeviceConfig.setProperties(DeviceConfig.java:980)
02-13 22:37:04.208 W/PlatformConfigurator(26425): 	at epjl.a(:com.google.android.gms@260235029@26.02.35 (190400-862924022):46)
02-13 22:37:04.208 W/PlatformConfigurator(26425): 	at epjp.m(:com.google.android.gms@260235029@26.02.35 (190400-862924022):66)
02-13 22:37:04.208 W/PlatformConfigurator(26425): 	at epjp.e(:com.google.android.gms@260235029@26.02.35 (190400-862924022):22)
02-13 22:37:04.208 W/PlatformConfigurator(26425): 	at com.google.android.gms.platformconfigurator.PhenotypeConfigurationUpdateListener.b(:com.google.android.gms@260235029@26.02.35 (190400-862924022):103)
02-13 22:37:04.208 W/PlatformConfigurator(26425): 	at com.google.android.gms.platformconfigurator.PhenotypeConfigurationUpdateListener.onHandleIntent(:com.google.android.gms@260235029@26.02.35 (190400-862924022):119)
02-13 22:37:04.208 W/PlatformConfigurator(26425): 	at com.google.android.chimera.IntentOperation.onHandleIntent(:com.google.android.gms@260235029@26.02.35 (190400-862924022):1)
02-13 22:37:04.208 W/PlatformConfigurator(26425): 	at ayrm.onHandleIntent(:com.google.android.gms@260235029@26.02.35 (190400-862924022):84)
02-13 22:37:04.208 W/PlatformConfigurator(26425): 	at yrc.run(:com.google.android.gms@260235029@26.02.35 (190400-862924022):64)
02-13 22:37:04.208 W/PlatformConfigurator(26425): 	at yrb.run(:com.google.android.gms@260235029@26.02.35 (190400-862924022):132)
02-13 22:37:04.208 W/PlatformConfigurator(26425): 	at gmlp.run(:com.google.android.gms@260235029@26.02.35 (190400-862924022):19)
02-13 22:37:04.208 W/PlatformConfigurator(26425): 	at java.util.concurrent.ThreadPoolExecutor.runWorker(ThreadPoolExecutor.java:1137)
02-13 22:37:04.208 W/PlatformConfigurator(26425): 	at java.util.concurrent.ThreadPoolExecutor$Worker.run(ThreadPoolExecutor.java:637)
02-13 22:37:04.208 W/PlatformConfigurator(26425): 	at java.lang.Thread.run(Thread.java:1012)
02-13 22:37:04.208 I/PlatformConfigurator(26425): Failed to propagate package com.google.android.platform.mglru_native, retryCount 2 [CONTEXT service_id=204 ]
02-13 22:37:04.243 E/DatabaseUtils( 4571): Writing exception to parcel
02-13 22:37:04.243 E/DatabaseUtils( 4571): java.lang.SecurityException: Permission denial: writing to settings requires:android.permission.WRITE_DEVICE_CONFIG
02-13 22:37:04.243 E/DatabaseUtils( 4571): 	at com.android.providers.settings.SettingsProvider.enforceWritePermission(SettingsProvider.java:2268)
02-13 22:37:04.243 E/DatabaseUtils( 4571): 	at com.android.providers.settings.SettingsProvider.setAllConfigSettings(SettingsProvider.java:1162)
02-13 22:37:04.243 E/DatabaseUtils( 4571): 	at com.android.providers.settings.SettingsProvider.call(SettingsProvider.java:477)
02-13 22:37:04.243 E/DatabaseUtils( 4571): 	at android.content.ContentProvider.call(ContentProvider.java:2511)
02-13 22:37:04.243 E/DatabaseUtils( 4571): 	at android.content.ContentProvider$Transport.call(ContentProvider.java:525)
02-13 22:37:04.243 E/DatabaseUtils( 4571): 	at android.content.ContentProviderNative.onTransact(ContentProviderNative.java:295)
02-13 22:37:04.243 E/DatabaseUtils( 4571): 	at android.os.Binder.execTransactInternal(Binder.java:1285)
02-13 22:37:04.243 E/DatabaseUtils( 4571): 	at android.os.Binder.execTransact(Binder.java:1244)
02-13 22:37:04.244 W/PlatformConfigurator(26425): setProperties failed with SecurityException [CONTEXT service_id=204 ]
02-13 22:37:04.244 W/PlatformConfigurator(26425): java.lang.SecurityException: Permission denial: writing to settings requires:android.permission.WRITE_DEVICE_CONFIG
02-13 22:37:04.244 W/PlatformConfigurator(26425): 	at android.os.Parcel.createExceptionOrNull(Parcel.java:3011)
02-13 22:37:04.244 W/PlatformConfigurator(26425): 	at android.os.Parcel.createException(Parcel.java:2995)
02-13 22:37:04.244 W/PlatformConfigurator(26425): 	at android.os.Parcel.readException(Parcel.java:2978)
02-13 22:37:04.244 W/PlatformConfigurator(26425): 	at android.database.DatabaseUtils.readExceptionFromParcel(DatabaseUtils.java:190)
02-13 22:37:04.244 W/PlatformConfigurator(26425): 	at android.database.DatabaseUtils.readExceptionFromParcel(DatabaseUtils.java:142)
02-13 22:37:04.244 W/PlatformConfigurator(26425): 	at android.content.ContentProviderProxy.call(ContentProviderNative.java:732)
02-13 22:37:04.244 W/PlatformConfigurator(26425): 	at android.provider.Settings$NameValueCache.setStringsForPrefix(Settings.java:3032)
02-13 22:37:04.244 W/PlatformConfigurator(26425): 	at android.provider.Settings$Config.setStrings(Settings.java:18031)
02-13 22:37:04.244 W/PlatformConfigurator(26425): 	at android.provider.DeviceConfig.setProperties(DeviceConfig.java:980)
02-13 22:37:04.244 W/PlatformConfigurator(26425): 	at epjl.a(:com.google.android.gms@260235029@26.02.35 (190400-862924022):46)
02-13 22:37:04.244 W/PlatformConfigurator(26425): 	at epjp.m(:com.google.android.gms@260235029@26.02.35 (190400-862924022):66)
02-13 22:37:04.244 W/PlatformConfigurator(26425): 	at epjp.e(:com.google.android.gms@260235029@26.02.35 (190400-862924022):22)
02-13 22:37:04.244 W/PlatformConfigurator(26425): 	at com.google.android.gms.platformconfigurator.PhenotypeConfigurationUpdateListener.b(:com.google.android.gms@260235029@26.02.35 (190400-862924022):103)
02-13 22:37:04.244 W/PlatformConfigurator(26425): 	at com.google.android.gms.platformconfigurator.PhenotypeConfigurationUpdateListener.onHandleIntent(:com.google.android.gms@260235029@26.02.35 (190400-862924022):119)
02-13 22:37:04.244 W/PlatformConfigurator(26425): 	at com.google.android.chimera.IntentOperation.onHandleIntent(:com.google.android.gms@260235029@26.02.35 (190400-862924022):1)
02-13 22:37:04.244 W/PlatformConfigurator(26425): 	at ayrm.onHandleIntent(:com.google.android.gms@260235029@26.02.35 (190400-862924022):84)
02-13 22:37:04.244 W/PlatformConfigurator(26425): 	at yrc.run(:com.google.android.gms@260235029@26.02.35 (190400-862924022):64)
02-13 22:37:04.244 W/PlatformConfigurator(26425): 	at yrb.run(:com.google.android.gms@260235029@26.02.35 (190400-862924022):132)
02-13 22:37:04.244 W/PlatformConfigurator(26425): 	at gmlp.run(:com.google.android.gms@260235029@26.02.35 (190400-862924022):19)
02-13 22:37:04.244 W/PlatformConfigurator(26425): 	at java.util.concurrent.ThreadPoolExecutor.runWorker(ThreadPoolExecutor.java:1137)
02-13 22:37:04.244 W/PlatformConfigurator(26425): 	at java.util.concurrent.ThreadPoolExecutor$Worker.run(ThreadPoolExecutor.java:637)
02-13 22:37:04.244 W/PlatformConfigurator(26425): 	at java.lang.Thread.run(Thread.java:1012)
02-13 22:37:04.244 I/PlatformConfigurator(26425): Failed to propagate package com.google.android.platform.autofill, retryCount 2 [CONTEXT service_id=204 ]
02-13 22:37:04.280 E/DatabaseUtils( 4571): Writing exception to parcel
02-13 22:37:04.280 E/DatabaseUtils( 4571): java.lang.SecurityException: Permission denial: writing to settings requires:android.permission.WRITE_DEVICE_CONFIG
02-13 22:37:04.280 E/DatabaseUtils( 4571): 	at com.android.providers.settings.SettingsProvider.enforceWritePermission(SettingsProvider.java:2268)
02-13 22:37:04.280 E/DatabaseUtils( 4571): 	at com.android.providers.settings.SettingsProvider.setAllConfigSettings(SettingsProvider.java:1162)
02-13 22:37:04.280 E/DatabaseUtils( 4571): 	at com.android.providers.settings.SettingsProvider.call(SettingsProvider.java:477)
02-13 22:37:04.280 E/DatabaseUtils( 4571): 	at android.content.ContentProvider.call(ContentProvider.java:2511)
02-13 22:37:04.280 E/DatabaseUtils( 4571): 	at android.content.ContentProvider$Transport.call(ContentProvider.java:525)
02-13 22:37:04.280 E/DatabaseUtils( 4571): 	at android.content.ContentProviderNative.onTransact(ContentProviderNative.java:295)
02-13 22:37:04.280 E/DatabaseUtils( 4571): 	at android.os.Binder.execTransactInternal(Binder.java:1285)
02-13 22:37:04.280 E/DatabaseUtils( 4571): 	at android.os.Binder.execTransact(Binder.java:1244)
02-13 22:37:04.281 W/PlatformConfigurator(26425): setProperties failed with SecurityException [CONTEXT service_id=204 ]
02-13 22:37:04.281 W/PlatformConfigurator(26425): java.lang.SecurityException: Permission denial: writing to settings requires:android.permission.WRITE_DEVICE_CONFIG
02-13 22:37:04.281 W/PlatformConfigurator(26425): 	at android.os.Parcel.createExceptionOrNull(Parcel.java:3011)
02-13 22:37:04.281 W/PlatformConfigurator(26425): 	at android.os.Parcel.createException(Parcel.java:2995)
02-13 22:37:04.281 W/PlatformConfigurator(26425): 	at android.os.Parcel.readException(Parcel.java:2978)
02-13 22:37:04.281 W/PlatformConfigurator(26425): 	at android.database.DatabaseUtils.readExceptionFromParcel(DatabaseUtils.java:190)
02-13 22:37:04.281 W/PlatformConfigurator(26425): 	at android.database.DatabaseUtils.readExceptionFromParcel(DatabaseUtils.java:142)
02-13 22:37:04.281 W/PlatformConfigurator(26425): 	at android.content.ContentProviderProxy.call(ContentProviderNative.java:732)
02-13 22:37:04.281 W/PlatformConfigurator(26425): 	at android.provider.Settings$NameValueCache.setStringsForPrefix(Settings.java:3032)
02-13 22:37:04.281 W/PlatformConfigurator(26425): 	at android.provider.Settings$Config.setStrings(Settings.java:18031)
02-13 22:37:04.281 W/PlatformConfigurator(26425): 	at android.provider.DeviceConfig.setProperties(DeviceConfig.java:980)
02-13 22:37:04.281 W/PlatformConfigurator(26425): 	at epjl.a(:com.google.android.gms@260235029@26.02.35 (190400-862924022):46)
02-13 22:37:04.281 W/PlatformConfigurator(26425): 	at epjp.m(:com.google.android.gms@260235029@26.02.35 (190400-862924022):66)
02-13 22:37:04.281 W/PlatformConfigurator(26425): 	at epjp.e(:com.google.android.gms@260235029@26.02.35 (190400-862924022):22)
02-13 22:37:04.281 W/PlatformConfigurator(26425): 	at com.google.android.gms.platformconfigurator.PhenotypeConfigurationUpdateListener.b(:com.google.android.gms@260235029@26.02.35 (190400-862924022):103)
02-13 22:37:04.281 W/PlatformConfigurator(26425): 	at com.google.android.gms.platformconfigurator.PhenotypeConfigurationUpdateListener.onHandleIntent(:com.google.android.gms@260235029@26.02.35 (190400-862924022):119)
02-13 22:37:04.281 W/PlatformConfigurator(26425): 	at com.google.android.chimera.IntentOperation.onHandleIntent(:com.google.android.gms@260235029@26.02.35 (190400-862924022):1)
02-13 22:37:04.281 W/PlatformConfigurator(26425): 	at ayrm.onHandleIntent(:com.google.android.gms@260235029@26.02.35 (190400-862924022):84)
02-13 22:37:04.281 W/PlatformConfigurator(26425): 	at yrc.run(:com.google.android.gms@260235029@26.02.35 (190400-862924022):64)
02-13 22:37:04.281 W/PlatformConfigurator(26425): 	at yrb.run(:com.google.android.gms@260235029@26.02.35 (190400-862924022):132)
02-13 22:37:04.281 W/PlatformConfigurator(26425): 	at gmlp.run(:com.google.android.gms@260235029@26.02.35 (190400-862924022):19)
02-13 22:37:04.281 W/PlatformConfigurator(26425): 	at java.util.concurrent.ThreadPoolExecutor.runWorker(ThreadPoolExecutor.java:1137)
02-13 22:37:04.281 W/PlatformConfigurator(26425): 	at java.util.concurrent.ThreadPoolExecutor$Worker.run(ThreadPoolExecutor.java:637)
02-13 22:37:04.281 W/PlatformConfigurator(26425): 	at java.lang.Thread.run(Thread.java:1012)
02-13 22:37:04.281 I/PlatformConfigurator(26425): Failed to propagate package com.google.android.platform.on_device_personalization, retryCount 2 [CONTEXT service_id=204 ]
02-13 22:37:04.342 E/DatabaseUtils( 4571): Writing exception to parcel
02-13 22:37:04.342 E/DatabaseUtils( 4571): java.lang.SecurityException: Permission denial: writing to settings requires:android.permission.WRITE_DEVICE_CONFIG
02-13 22:37:04.342 E/DatabaseUtils( 4571): 	at com.android.providers.settings.SettingsProvider.enforceWritePermission(SettingsProvider.java:2268)
02-13 22:37:04.342 E/DatabaseUtils( 4571): 	at com.android.providers.settings.SettingsProvider.setAllConfigSettings(SettingsProvider.java:1162)
02-13 22:37:04.342 E/DatabaseUtils( 4571): 	at com.android.providers.settings.SettingsProvider.call(SettingsProvider.java:477)
02-13 22:37:04.342 E/DatabaseUtils( 4571): 	at android.content.ContentProvider.call(ContentProvider.java:2511)
02-13 22:37:04.342 E/DatabaseUtils( 4571): 	at android.content.ContentProvider$Transport.call(ContentProvider.java:525)
02-13 22:37:04.342 E/DatabaseUtils( 4571): 	at android.content.ContentProviderNative.onTransact(ContentProviderNative.java:295)
02-13 22:37:04.342 E/DatabaseUtils( 4571): 	at android.os.Binder.execTransactInternal(Binder.java:1285)
02-13 22:37:04.342 E/DatabaseUtils( 4571): 	at android.os.Binder.execTransact(Binder.java:1244)
02-13 22:37:04.344 W/PlatformConfigurator(26425): setProperties failed with SecurityException [CONTEXT service_id=204 ]
02-13 22:37:04.344 W/PlatformConfigurator(26425): java.lang.SecurityException: Permission denial: writing to settings requires:android.permission.WRITE_DEVICE_CONFIG
02-13 22:37:04.344 W/PlatformConfigurator(26425): 	at android.os.Parcel.createExceptionOrNull(Parcel.java:3011)
02-13 22:37:04.344 W/PlatformConfigurator(26425): 	at android.os.Parcel.createException(Parcel.java:2995)
02-13 22:37:04.344 W/PlatformConfigurator(26425): 	at android.os.Parcel.readException(Parcel.java:2978)
02-13 22:37:04.344 W/PlatformConfigurator(26425): 	at android.database.DatabaseUtils.readExceptionFromParcel(DatabaseUtils.java:190)
02-13 22:37:04.344 W/PlatformConfigurator(26425): 	at android.database.DatabaseUtils.readExceptionFromParcel(DatabaseUtils.java:142)
02-13 22:37:04.344 W/PlatformConfigurator(26425): 	at android.content.ContentProviderProxy.call(ContentProviderNative.java:732)
02-13 22:37:04.344 W/PlatformConfigurator(26425): 	at android.provider.Settings$NameValueCache.setStringsForPrefix(Settings.java:3032)
02-13 22:37:04.344 W/PlatformConfigurator(26425): 	at android.provider.Settings$Config.setStrings(Settings.java:18031)
02-13 22:37:04.344 W/PlatformConfigurator(26425): 	at android.provider.DeviceConfig.setProperties(DeviceConfig.java:980)
02-13 22:37:04.344 W/PlatformConfigurator(26425): 	at epjl.a(:com.google.android.gms@260235029@26.02.35 (190400-862924022):46)
02-13 22:37:04.344 W/PlatformConfigurator(26425): 	at epjp.m(:com.google.android.gms@260235029@26.02.35 (190400-862924022):66)
02-13 22:37:04.344 W/PlatformConfigurator(26425): 	at epjp.e(:com.google.android.gms@260235029@26.02.35 (190400-862924022):22)
02-13 22:37:04.344 W/PlatformConfigurator(26425): 	at com.google.android.gms.platformconfigurator.PhenotypeConfigurationUpdateListener.b(:com.google.android.gms@260235029@26.02.35 (190400-862924022):103)
02-13 22:37:04.344 W/PlatformConfigurator(26425): 	at com.google.android.gms.platformconfigurator.PhenotypeConfigurationUpdateListener.onHandleIntent(:com.google.android.gms@260235029@26.02.35 (190400-862924022):119)
02-13 22:37:04.344 W/PlatformConfigurator(26425): 	at com.google.android.chimera.IntentOperation.onHandleIntent(:com.google.android.gms@260235029@26.02.35 (190400-862924022):1)
02-13 22:37:04.344 W/PlatformConfigurator(26425): 	at ayrm.onHandleIntent(:com.google.android.gms@260235029@26.02.35 (190400-862924022):84)
02-13 22:37:04.344 W/PlatformConfigurator(26425): 	at yrc.run(:com.google.android.gms@260235029@26.02.35 (190400-862924022):64)
02-13 22:37:04.344 W/PlatformConfigurator(26425): 	at yrb.run(:com.google.android.gms@260235029@26.02.35 (190400-862924022):132)
02-13 22:37:04.344 W/PlatformConfigurator(26425): 	at gmlp.run(:com.google.android.gms@260235029@26.02.35 (190400-862924022):19)
02-13 22:37:04.344 W/PlatformConfigurator(26425): 	at java.util.concurrent.ThreadPoolExecutor.runWorker(ThreadPoolExecutor.java:1137)
02-13 22:37:04.344 W/PlatformConfigurator(26425): 	at java.util.concurrent.ThreadPoolExecutor$Worker.run(ThreadPoolExecutor.java:637)
02-13 22:37:04.344 W/PlatformConfigurator(26425): 	at java.lang.Thread.run(Thread.java:1012)
02-13 22:37:04.345 I/PlatformConfigurator(26425): Failed to propagate package com.google.android.platform.kiwi, retryCount 2 [CONTEXT service_id=204 ]
--------- beginning of kernel
02-13 22:37:01.093 I/[2:      watchdogd: 3957] softdog(    0): softdog_ping: 30
02-13 22:37:04.404 E/DatabaseUtils( 4571): Writing exception to parcel
02-13 22:37:04.404 E/DatabaseUtils( 4571): java.lang.SecurityException: Permission denial: writing to settings requires:android.permission.WRITE_DEVICE_CONFIG
02-13 22:37:04.404 E/DatabaseUtils( 4571): 	at com.android.providers.settings.SettingsProvider.enforceWritePermission(SettingsProvider.java:2268)
02-13 22:37:04.404 E/DatabaseUtils( 4571): 	at com.android.providers.settings.SettingsProvider.setAllConfigSettings(SettingsProvider.java:1162)
02-13 22:37:04.404 E/DatabaseUtils( 4571): 	at com.android.providers.settings.SettingsProvider.call(SettingsProvider.java:477)
02-13 22:37:04.404 E/DatabaseUtils( 4571): 	at android.content.ContentProvider.call(ContentProvider.java:2511)
02-13 22:37:04.404 E/DatabaseUtils( 4571): 	at android.content.ContentProvider$Transport.call(ContentProvider.java:525)
02-13 22:37:04.404 E/DatabaseUtils( 4571): 	at android.content.ContentProviderNative.onTransact(ContentProviderNative.java:295)
02-13 22:37:04.404 E/DatabaseUtils( 4571): 	at android.os.Binder.execTransactInternal(Binder.java:1285)
02-13 22:37:04.404 E/DatabaseUtils( 4571): 	at android.os.Binder.execTransact(Binder.java:1244)
02-13 22:37:04.406 W/PlatformConfigurator(26425): setProperties failed with SecurityException [CONTEXT service_id=204 ]
02-13 22:37:04.406 W/PlatformConfigurator(26425): java.lang.SecurityException: Permission denial: writing to settings requires:android.permission.WRITE_DEVICE_CONFIG
02-13 22:37:04.406 W/PlatformConfigurator(26425): 	at android.os.Parcel.createExceptionOrNull(Parcel.java:3011)
02-13 22:37:04.406 W/PlatformConfigurator(26425): 	at android.os.Parcel.createException(Parcel.java:2995)
02-13 22:37:04.406 W/PlatformConfigurator(26425): 	at android.os.Parcel.readException(Parcel.java:2978)
02-13 22:37:04.406 W/PlatformConfigurator(26425): 	at android.database.DatabaseUtils.readExceptionFromParcel(DatabaseUtils.java:190)
02-13 22:37:04.406 W/PlatformConfigurator(26425): 	at android.database.DatabaseUtils.readExceptionFromParcel(DatabaseUtils.java:142)
02-13 22:37:04.406 W/PlatformConfigurator(26425): 	at android.content.ContentProviderProxy.call(ContentProviderNative.java:732)
02-13 22:37:04.406 W/PlatformConfigurator(26425): 	at android.provider.Settings$NameValueCache.setStringsForPrefix(Settings.java:3032)
02-13 22:37:04.406 W/PlatformConfigurator(26425): 	at android.provider.Settings$Config.setStrings(Settings.java:18031)
02-13 22:37:04.406 W/PlatformConfigurator(26425): 	at android.provider.DeviceConfig.setProperties(DeviceConfig.java:980)
02-13 22:37:04.406 W/PlatformConfigurator(26425): 	at epjl.a(:com.google.android.gms@260235029@26.02.35 (190400-862924022):46)
02-13 22:37:04.406 W/PlatformConfigurator(26425): 	at epjp.m(:com.google.android.gms@260235029@26.02.35 (190400-862924022):66)
02-13 22:37:04.406 W/PlatformConfigurator(26425): 	at epjp.e(:com.google.android.gms@260235029@26.02.35 (190400-862924022):22)
02-13 22:37:04.406 W/PlatformConfigurator(26425): 	at com.google.android.gms.platformconfigurator.PhenotypeConfigurationUpdateListener.b(:com.google.android.gms@260235029@26.02.35 (190400-862924022):103)
02-13 22:37:04.406 W/PlatformConfigurator(26425): 	at com.google.android.gms.platformconfigurator.PhenotypeConfigurationUpdateListener.onHandleIntent(:com.google.android.gms@260235029@26.02.35 (190400-862924022):119)
02-13 22:37:04.406 W/PlatformConfigurator(26425): 	at com.google.android.chimera.IntentOperation.onHandleIntent(:com.google.android.gms@260235029@26.02.35 (190400-862924022):1)
02-13 22:37:04.406 W/PlatformConfigurator(26425): 	at ayrm.onHandleIntent(:com.google.android.gms@260235029@26.02.35 (190400-862924022):84)
02-13 22:37:04.406 W/PlatformConfigurator(26425): 	at yrc.run(:com.google.android.gms@260235029@26.02.35 (190400-862924022):64)
02-13 22:37:04.406 W/PlatformConfigurator(26425): 	at yrb.run(:com.google.android.gms@260235029@26.02.35 (190400-862924022):132)
02-13 22:37:04.406 W/PlatformConfigurator(26425): 	at gmlp.run(:com.google.android.gms@260235029@26.02.35 (190400-862924022):19)
02-13 22:37:04.406 W/PlatformConfigurator(26425): 	at java.util.concurrent.ThreadPoolExecutor.runWorker(ThreadPoolExecutor.java:1137)
02-13 22:37:04.406 W/PlatformConfigurator(26425): 	at java.util.concurrent.ThreadPoolExecutor$Worker.run(ThreadPoolExecutor.java:637)
02-13 22:37:04.406 W/PlatformConfigurator(26425): 	at java.lang.Thread.run(Thread.java:1012)
02-13 22:37:04.406 W/PlatformConfigurator(26425): Caused by: android.os.RemoteException: Remote stack trace:
02-13 22:37:04.406 W/PlatformConfigurator(26425): 	at com.android.providers.settings.SettingsProvider.enforceWritePermission(SettingsProvider.java:2268)
02-13 22:37:04.406 W/PlatformConfigurator(26425): 	at com.android.providers.settings.SettingsProvider.setAllConfigSettings(SettingsProvider.java:1162)
02-13 22:37:04.406 W/PlatformConfigurator(26425): 	at com.android.providers.settings.SettingsProvider.call(SettingsProvider.java:477)
02-13 22:37:04.406 W/PlatformConfigurator(26425): 	at android.content.ContentProvider.call(ContentProvider.java:2511)
02-13 22:37:04.406 W/PlatformConfigurator(26425): 	at android.content.ContentProvider$Transport.call(ContentProvider.java:525)
02-13 22:37:04.406 W/PlatformConfigurator(26425): 
02-13 22:37:04.406 I/PlatformConfigurator(26425): Failed to propagate package com.google.android.platform.arc_app_compat, retryCount 2 [CONTEXT service_id=204 ]
02-13 22:37:04.466 E/DatabaseUtils( 4571): Writing exception to parcel
02-13 22:37:04.466 E/DatabaseUtils( 4571): java.lang.SecurityException: Permission denial: writing to settings requires:android.permission.WRITE_DEVICE_CONFIG
02-13 22:37:04.466 E/DatabaseUtils( 4571): 	at com.android.providers.settings.SettingsProvider.enforceWritePermission(SettingsProvider.java:2268)
02-13 22:37:04.466 E/DatabaseUtils( 4571): 	at com.android.providers.settings.SettingsProvider.setAllConfigSettings(SettingsProvider.java:1162)
02-13 22:37:04.466 E/DatabaseUtils( 4571): 	at com.android.providers.settings.SettingsProvider.call(SettingsProvider.java:477)
02-13 22:37:04.466 E/DatabaseUtils( 4571): 	at android.content.ContentProvider.call(ContentProvider.java:2511)
02-13 22:37:04.466 E/DatabaseUtils( 4571): 	at android.content.ContentProvider$Transport.call(ContentProvider.java:525)
02-13 22:37:04.466 E/DatabaseUtils( 4571): 	at android.content.ContentProviderNative.onTransact(ContentProviderNative.java:295)
02-13 22:37:04.466 E/DatabaseUtils( 4571): 	at android.os.Binder.execTransactInternal(Binder.java:1285)
02-13 22:37:04.466 E/DatabaseUtils( 4571): 	at android.os.Binder.execTransact(Binder.java:1244)
02-13 22:37:04.468 W/PlatformConfigurator(26425): setProperties failed with SecurityException [CONTEXT service_id=204 ]
02-13 22:37:04.468 W/PlatformConfigurator(26425): java.lang.SecurityException: Permission denial: writing to settings requires:android.permission.WRITE_DEVICE_CONFIG
02-13 22:37:04.468 W/PlatformConfigurator(26425): 	at android.os.Parcel.createExceptionOrNull(Parcel.java:3011)
02-13 22:37:04.468 W/PlatformConfigurator(26425): 	at android.os.Parcel.createException(Parcel.java:2995)
02-13 22:37:04.468 W/PlatformConfigurator(26425): 	at android.os.Parcel.readException(Parcel.java:2978)
02-13 22:37:04.468 W/PlatformConfigurator(26425): 	at android.database.DatabaseUtils.readExceptionFromParcel(DatabaseUtils.java:190)
02-13 22:37:04.468 W/PlatformConfigurator(26425): 	at android.database.DatabaseUtils.readExceptionFromParcel(DatabaseUtils.java:142)
02-13 22:37:04.468 W/PlatformConfigurator(26425): 	at android.content.ContentProviderProxy.call(ContentProviderNative.java:732)
02-13 22:37:04.468 W/PlatformConfigurator(26425): 	at android.provider.Settings$NameValueCache.setStringsForPrefix(Settings.java:3032)
02-13 22:37:04.468 W/PlatformConfigurator(26425): 	at android.provider.Settings$Config.setStrings(Settings.java:18031)
02-13 22:37:04.468 W/PlatformConfigurator(26425): 	at android.provider.DeviceConfig.setProperties(DeviceConfig.java:980)
02-13 22:37:04.468 W/PlatformConfigurator(26425): 	at epjl.a(:com.google.android.gms@260235029@26.02.35 (190400-862924022):46)
02-13 22:37:04.468 W/PlatformConfigurator(26425): 	at epjp.m(:com.google.android.gms@260235029@26.02.35 (190400-862924022):66)
02-13 22:37:04.468 W/PlatformConfigurator(26425): 	at epjp.e(:com.google.android.gms@260235029@26.02.35 (190400-862924022):22)
02-13 22:37:04.468 W/PlatformConfigurator(26425): 	at com.google.android.gms.platformconfigurator.PhenotypeConfigurationUpdateListener.b(:com.google.android.gms@260235029@26.02.35 (190400-862924022):103)
02-13 22:37:04.468 W/PlatformConfigurator(26425): 	at com.google.android.gms.platformconfigurator.PhenotypeConfigurationUpdateListener.onHandleIntent(:com.google.android.gms@260235029@26.02.35 (190400-862924022):119)
02-13 22:37:04.468 W/PlatformConfigurator(26425): 	at com.google.android.chimera.IntentOperation.onHandleIntent(:com.google.android.gms@260235029@26.02.35 (190400-862924022):1)
02-13 22:37:04.468 W/PlatformConfigurator(26425): 	at ayrm.onHandleIntent(:com.google.android.gms@260235029@26.02.35 (190400-862924022):84)
02-13 22:37:04.468 W/PlatformConfigurator(26425): 	at yrc.run(:com.google.android.gms@260235029@26.02.35 (190400-862924022):64)
02-13 22:37:04.468 W/PlatformConfigurator(26425): 	at yrb.run(:com.google.android.gms@260235029@26.02.35 (190400-862924022):132)
02-13 22:37:04.468 W/PlatformConfigurator(26425): 	at gmlp.run(:com.google.android.gms@260235029@26.02.35 (190400-862924022):19)
02-13 22:37:04.468 W/PlatformConfigurator(26425): 	at java.util.concurrent.ThreadPoolExecutor.runWorker(ThreadPoolExecutor.java:1137)
02-13 22:37:04.468 W/PlatformConfigurator(26425): 	at java.util.concurrent.ThreadPoolExecutor$Worker.run(ThreadPoolExecutor.java:637)
02-13 22:37:04.468 W/PlatformConfigurator(26425): 	at java.lang.Thread.run(Thread.java:1012)
02-13 22:37:04.469 I/PlatformConfigurator(26425): Failed to propagate package com.google.android.platform.astrea_controlled_releases, retryCount 2 [CONTEXT service_id=204 ]
02-13 22:37:04.518 E/DatabaseUtils( 4571): Writing exception to parcel
02-13 22:37:04.518 E/DatabaseUtils( 4571): java.lang.SecurityException: Permission denial: writing to settings requires:android.permission.WRITE_DEVICE_CONFIG
02-13 22:37:04.518 E/DatabaseUtils( 4571): 	at com.android.providers.settings.SettingsProvider.enforceWritePermission(SettingsProvider.java:2268)
02-13 22:37:04.518 E/DatabaseUtils( 4571): 	at com.android.providers.settings.SettingsProvider.setAllConfigSettings(SettingsProvider.java:1162)
02-13 22:37:04.518 E/DatabaseUtils( 4571): 	at com.android.providers.settings.SettingsProvider.call(SettingsProvider.java:477)
02-13 22:37:04.518 E/DatabaseUtils( 4571): 	at android.content.ContentProvider.call(ContentProvider.java:2511)
02-13 22:37:04.518 E/DatabaseUtils( 4571): 	at android.content.ContentProvider$Transport.call(ContentProvider.java:525)
02-13 22:37:04.518 E/DatabaseUtils( 4571): 	at android.content.ContentProviderNative.onTransact(ContentProviderNative.java:295)
02-13 22:37:04.518 E/DatabaseUtils( 4571): 	at android.os.Binder.execTransactInternal(Binder.java:1285)
02-13 22:37:04.518 E/DatabaseUtils( 4571): 	at android.os.Binder.execTransact(Binder.java:1244)
02-13 22:37:04.520 W/PlatformConfigurator(26425): setProperties failed with SecurityException [CONTEXT service_id=204 ]
02-13 22:37:04.520 W/PlatformConfigurator(26425): java.lang.SecurityException: Permission denial: writing to settings requires:android.permission.WRITE_DEVICE_CONFIG
02-13 22:37:04.520 W/PlatformConfigurator(26425): 	at android.os.Parcel.createExceptionOrNull(Parcel.java:3011)
02-13 22:37:04.520 W/PlatformConfigurator(26425): 	at android.os.Parcel.createException(Parcel.java:2995)
02-13 22:37:04.520 W/PlatformConfigurator(26425): 	at android.os.Parcel.readException(Parcel.java:2978)
02-13 22:37:04.520 W/PlatformConfigurator(26425): 	at android.database.DatabaseUtils.readExceptionFromParcel(DatabaseUtils.java:190)
02-13 22:37:04.520 W/PlatformConfigurator(26425): 	at android.database.DatabaseUtils.readExceptionFromParcel(DatabaseUtils.java:142)
02-13 22:37:04.520 W/PlatformConfigurator(26425): 	at android.content.ContentProviderProxy.call(ContentProviderNative.java:732)
02-13 22:37:04.520 W/PlatformConfigurator(26425): 	at android.provider.Settings$NameValueCache.setStringsForPrefix(Settings.java:3032)
02-13 22:37:04.520 W/PlatformConfigurator(26425): 	at android.provider.Settings$Config.setStrings(Settings.java:18031)
02-13 22:37:04.520 W/PlatformConfigurator(26425): 	at android.provider.DeviceConfig.setProperties(DeviceConfig.java:980)
02-13 22:37:04.520 W/PlatformConfigurator(26425): 	at epjl.a(:com.google.android.gms@260235029@26.02.35 (190400-862924022):46)
02-13 22:37:04.520 W/PlatformConfigurator(26425): 	at epjp.m(:com.google.android.gms@260235029@26.02.35 (190400-862924022):66)
02-13 22:37:04.520 W/PlatformConfigurator(26425): 	at epjp.e(:com.google.android.gms@260235029@26.02.35 (190400-862924022):22)
02-13 22:37:04.520 W/PlatformConfigurator(26425): 	at com.google.android.gms.platformconfigurator.PhenotypeConfigurationUpdateListener.b(:com.google.android.gms@260235029@26.02.35 (190400-862924022):103)
02-13 22:37:04.520 W/PlatformConfigurator(26425): 	at com.google.android.gms.platformconfigurator.PhenotypeConfigurationUpdateListener.onHandleIntent(:com.google.android.gms@260235029@26.02.35 (190400-862924022):119)
02-13 22:37:04.520 W/PlatformConfigurator(26425): 	at com.google.android.chimera.IntentOperation.onHandleIntent(:com.google.android.gms@260235029@26.02.35 (190400-862924022):1)
02-13 22:37:04.520 W/PlatformConfigurator(26425): 	at ayrm.onHandleIntent(:com.google.android.gms@260235029@26.02.35 (190400-862924022):84)
02-13 22:37:04.520 W/PlatformConfigurator(26425): 	at yrc.run(:com.google.android.gms@260235029@26.02.35 (190400-862924022):64)
02-13 22:37:04.520 W/PlatformConfigurator(26425): 	at yrb.run(:com.google.android.gms@260235029@26.02.35 (190400-862924022):132)
02-13 22:37:04.520 W/PlatformConfigurator(26425): 	at gmlp.run(:com.google.android.gms@260235029@26.02.35 (190400-862924022):19)
02-13 22:37:04.520 W/PlatformConfigurator(26425): 	at java.util.concurrent.ThreadPoolExecutor.runWorker(ThreadPoolExecutor.java:1137)
02-13 22:37:04.520 W/PlatformConfigurator(26425): 	at java.util.concurrent.ThreadPoolExecutor$Worker.run(ThreadPoolExecutor.java:637)
02-13 22:37:04.520 W/PlatformConfigurator(26425): 	at java.lang.Thread.run(Thread.java:1012)
02-13 22:37:04.520 I/PlatformConfigurator(26425): Failed to propagate package com.google.android.platform.odad, retryCount 2 [CONTEXT service_id=204 ]
02-13 22:37:04.571 E/DatabaseUtils( 4571): Writing exception to parcel
02-13 22:37:04.571 E/DatabaseUtils( 4571): java.lang.SecurityException: Permission denial: writing to settings requires:android.permission.WRITE_DEVICE_CONFIG
02-13 22:37:04.571 E/DatabaseUtils( 4571): 	at com.android.providers.settings.SettingsProvider.enforceWritePermission(SettingsProvider.java:2268)
02-13 22:37:04.571 E/DatabaseUtils( 4571): 	at com.android.providers.settings.SettingsProvider.setAllConfigSettings(SettingsProvider.java:1162)
02-13 22:37:04.571 E/DatabaseUtils( 4571): 	at com.android.providers.settings.SettingsProvider.call(SettingsProvider.java:477)
02-13 22:37:04.571 E/DatabaseUtils( 4571): 	at android.content.ContentProvider.call(ContentProvider.java:2511)
02-13 22:37:04.571 E/DatabaseUtils( 4571): 	at android.content.ContentProvider$Transport.call(ContentProvider.java:525)
02-13 22:37:04.571 E/DatabaseUtils( 4571): 	at android.content.ContentProviderNative.onTransact(ContentProviderNative.java:295)
02-13 22:37:04.571 E/DatabaseUtils( 4571): 	at android.os.Binder.execTransactInternal(Binder.java:1285)
02-13 22:37:04.571 E/DatabaseUtils( 4571): 	at android.os.Binder.execTransact(Binder.java:1244)
02-13 22:37:04.573 W/PlatformConfigurator(26425): setProperties failed with SecurityException [CONTEXT service_id=204 ]
02-13 22:37:04.573 W/PlatformConfigurator(26425): java.lang.SecurityException: Permission denial: writing to settings requires:android.permission.WRITE_DEVICE_CONFIG
02-13 22:37:04.573 W/PlatformConfigurator(26425): 	at android.os.Parcel.createExceptionOrNull(Parcel.java:3011)
02-13 22:37:04.573 W/PlatformConfigurator(26425): 	at android.os.Parcel.createException(Parcel.java:2995)
02-13 22:37:04.573 W/PlatformConfigurator(26425): 	at android.os.Parcel.readException(Parcel.java:2978)
02-13 22:37:04.573 W/PlatformConfigurator(26425): 	at android.database.DatabaseUtils.readExceptionFromParcel(DatabaseUtils.java:190)
02-13 22:37:04.573 W/PlatformConfigurator(26425): 	at android.database.DatabaseUtils.readExceptionFromParcel(DatabaseUtils.java:142)
02-13 22:37:04.573 W/PlatformConfigurator(26425): 	at android.content.ContentProviderProxy.call(ContentProviderNative.java:732)
02-13 22:37:04.573 W/PlatformConfigurator(26425): 	at android.provider.Settings$NameValueCache.setStringsForPrefix(Settings.java:3032)
02-13 22:37:04.573 W/PlatformConfigurator(26425): 	at android.provider.Settings$Config.setStrings(Settings.java:18031)
02-13 22:37:04.573 W/PlatformConfigurator(26425): 	at android.provider.DeviceConfig.setProperties(DeviceConfig.java:980)
02-13 22:37:04.573 W/PlatformConfigurator(26425): 	at epjl.a(:com.google.android.gms@260235029@26.02.35 (190400-862924022):46)
02-13 22:37:04.573 W/PlatformConfigurator(26425): 	at epjp.m(:com.google.android.gms@260235029@26.02.35 (190400-862924022):66)
02-13 22:37:04.573 W/PlatformConfigurator(26425): 	at epjp.e(:com.google.android.gms@260235029@26.02.35 (190400-862924022):22)
02-13 22:37:04.573 W/PlatformConfigurator(26425): 	at com.google.android.gms.platformconfigurator.PhenotypeConfigurationUpdateListener.b(:com.google.android.gms@260235029@26.02.35 (190400-862924022):103)
02-13 22:37:04.573 W/PlatformConfigurator(26425): 	at com.google.android.gms.platformconfigurator.PhenotypeConfigurationUpdateListener.onHandleIntent(:com.google.android.gms@260235029@26.02.35 (190400-862924022):119)
02-13 22:37:04.573 W/PlatformConfigurator(26425): 	at com.google.android.chimera.IntentOperation.onHandleIntent(:com.google.android.gms@260235029@26.02.35 (190400-862924022):1)
02-13 22:37:04.573 W/PlatformConfigurator(26425): 	at ayrm.onHandleIntent(:com.google.android.gms@260235029@26.02.35 (190400-862924022):84)
02-13 22:37:04.573 W/PlatformConfigurator(26425): 	at yrc.run(:com.google.android.gms@260235029@26.02.35 (190400-862924022):64)
02-13 22:37:04.573 W/PlatformConfigurator(26425): 	at yrb.run(:com.google.android.gms@260235029@26.02.35 (190400-862924022):132)
02-13 22:37:04.573 W/PlatformConfigurator(26425): 	at gmlp.run(:com.google.android.gms@260235029@26.02.35 (190400-862924022):19)
02-13 22:37:04.573 W/PlatformConfigurator(26425): 	at java.util.concurrent.ThreadPoolExecutor.runWorker(ThreadPoolExecutor.java:1137)
02-13 22:37:04.573 W/PlatformConfigurator(26425): 	at java.util.concurrent.ThreadPoolExecutor$Worker.run(ThreadPoolExecutor.java:637)
02-13 22:37:04.573 W/PlatformConfigurator(26425): 	at java.lang.Thread.run(Thread.java:1012)
02-13 22:37:04.573 I/PlatformConfigurator(26425): Failed to propagate package com.google.android.platform.app_compat_overrides, retryCount 2 [CONTEXT service_id=204 ]
02-13 22:37:04.648 E/DatabaseUtils( 4571): Writing exception to parcel
02-13 22:37:04.648 E/DatabaseUtils( 4571): java.lang.SecurityException: Permission denial: writing to settings requires:android.permission.WRITE_DEVICE_CONFIG
02-13 22:37:04.648 E/DatabaseUtils( 4571): 	at com.android.providers.settings.SettingsProvider.enforceWritePermission(SettingsProvider.java:2268)
02-13 22:37:04.648 E/DatabaseUtils( 4571): 	at com.android.providers.settings.SettingsProvider.setAllConfigSettings(SettingsProvider.java:1162)
02-13 22:37:04.648 E/DatabaseUtils( 4571): 	at com.android.providers.settings.SettingsProvider.call(SettingsProvider.java:477)
02-13 22:37:04.648 E/DatabaseUtils( 4571): 	at android.content.ContentProvider.call(ContentProvider.java:2511)
02-13 22:37:04.648 E/DatabaseUtils( 4571): 	at android.content.ContentProvider$Transport.call(ContentProvider.java:525)
02-13 22:37:04.648 E/DatabaseUtils( 4571): 	at android.content.ContentProviderNative.onTransact(ContentProviderNative.java:295)
02-13 22:37:04.648 E/DatabaseUtils( 4571): 	at android.os.Binder.execTransactInternal(Binder.java:1285)
02-13 22:37:04.648 E/DatabaseUtils( 4571): 	at android.os.Binder.execTransact(Binder.java:1244)
02-13 22:37:04.650 W/PlatformConfigurator(26425): setProperties failed with SecurityException [CONTEXT service_id=204 ]
02-13 22:37:04.650 W/PlatformConfigurator(26425): java.lang.SecurityException: Permission denial: writing to settings requires:android.permission.WRITE_DEVICE_CONFIG
02-13 22:37:04.650 W/PlatformConfigurator(26425): 	at android.os.Parcel.createExceptionOrNull(Parcel.java:3011)
02-13 22:37:04.650 W/PlatformConfigurator(26425): 	at android.os.Parcel.createException(Parcel.java:2995)
02-13 22:37:04.650 W/PlatformConfigurator(26425): 	at android.os.Parcel.readException(Parcel.java:2978)
02-13 22:37:04.650 W/PlatformConfigurator(26425): 	at android.database.DatabaseUtils.readExceptionFromParcel(DatabaseUtils.java:190)
02-13 22:37:04.650 W/PlatformConfigurator(26425): 	at android.database.DatabaseUtils.readExceptionFromParcel(DatabaseUtils.java:142)
02-13 22:37:04.650 W/PlatformConfigurator(26425): 	at android.content.ContentProviderProxy.call(ContentProviderNative.java:732)
02-13 22:37:04.650 W/PlatformConfigurator(26425): 	at android.provider.Settings$NameValueCache.setStringsForPrefix(Settings.java:3032)
02-13 22:37:04.650 W/PlatformConfigurator(26425): 	at android.provider.Settings$Config.setStrings(Settings.java:18031)
02-13 22:37:04.650 W/PlatformConfigurator(26425): 	at android.provider.DeviceConfig.setProperties(DeviceConfig.java:980)
02-13 22:37:04.650 W/PlatformConfigurator(26425): 	at epjl.a(:com.google.android.gms@260235029@26.02.35 (190400-862924022):46)
02-13 22:37:04.650 W/PlatformConfigurator(26425): 	at epjp.m(:com.google.android.gms@260235029@26.02.35 (190400-862924022):66)
02-13 22:37:04.650 W/PlatformConfigurator(26425): 	at epjp.e(:com.google.android.gms@260235029@26.02.35 (190400-862924022):22)
02-13 22:37:04.650 W/PlatformConfigurator(26425): 	at com.google.android.gms.platformconfigurator.PhenotypeConfigurationUpdateListener.b(:com.google.android.gms@260235029@26.02.35 (190400-862924022):103)
02-13 22:37:04.650 W/PlatformConfigurator(26425): 	at com.google.android.gms.platformconfigurator.PhenotypeConfigurationUpdateListener.onHandleIntent(:com.google.android.gms@260235029@26.02.35 (190400-862924022):119)
02-13 22:37:04.650 W/PlatformConfigurator(26425): 	at com.google.android.chimera.IntentOperation.onHandleIntent(:com.google.android.gms@260235029@26.02.35 (190400-862924022):1)
02-13 22:37:04.650 W/PlatformConfigurator(26425): 	at ayrm.onHandleIntent(:com.google.android.gms@260235029@26.02.35 (190400-862924022):84)
02-13 22:37:04.650 W/PlatformConfigurator(26425): 	at yrc.run(:com.google.android.gms@260235029@26.02.35 (190400-862924022):64)
02-13 22:37:04.650 W/PlatformConfigurator(26425): 	at yrb.run(:com.google.android.gms@260235029@26.02.35 (190400-862924022):132)
02-13 22:37:04.650 W/PlatformConfigurator(26425): 	at gmlp.run(:com.google.android.gms@260235029@26.02.35 (190400-862924022):19)
02-13 22:37:04.650 W/PlatformConfigurator(26425): 	at java.util.concurrent.ThreadPoolExecutor.runWorker(ThreadPoolExecutor.java:1137)
02-13 22:37:04.650 W/PlatformConfigurator(26425): 	at java.util.concurrent.ThreadPoolExecutor$Worker.run(ThreadPoolExecutor.java:637)
02-13 22:37:04.650 W/PlatformConfigurator(26425): 	at java.lang.Thread.run(Thread.java:1012)
02-13 22:37:04.651 I/PlatformConfigurator(26425): Failed to propagate package com.google.android.platform.device_personalization_services, retryCount 2 [CONTEXT service_id=204 ]
02-13 22:37:04.673 E/ocessService0:0( 9366): failed to create Unix domain socket: Operation not permitted
02-13 22:37:04.713 E/DatabaseUtils( 4571): Writing exception to parcel
02-13 22:37:04.713 E/DatabaseUtils( 4571): java.lang.SecurityException: Permission denial: writing to settings requires:android.permission.WRITE_DEVICE_CONFIG
02-13 22:37:04.713 E/DatabaseUtils( 4571): 	at com.android.providers.settings.SettingsProvider.enforceWritePermission(SettingsProvider.java:2268)
02-13 22:37:04.713 E/DatabaseUtils( 4571): 	at com.android.providers.settings.SettingsProvider.setAllConfigSettings(SettingsProvider.java:1162)
02-13 22:37:04.713 E/DatabaseUtils( 4571): 	at com.android.providers.settings.SettingsProvider.call(SettingsProvider.java:477)
