--------- beginning of main
02-22 02:31:59.383 I/native  (30437): I0000 00:00:1771720319.383480   30437 android_resource_loader.cc:100] Built resource acoustic_frame_config
02-22 02:31:59.383 I/native  (30437): I0000 00:00:1771720319.383594   30437 android_resource_loader.cc:116] Loaded resource:acoustic_frame_config
02-22 02:31:59.383 I/native  (30437): I0000 00:00:1771720319.383657   30437 data_source.cc:95] Opening data source "/data/user_de/0/com.google.android.tts/files/superpacks/en-us/en-us-x-multi-seanet-r83/../en-us-x-multi-r83/affixes_en_us_android.far" (as: FILE) ...
02-22 02:31:59.383 I/native  (30437): I0000 00:00:1771720319.383753   30437 data_source.cc:99] ... Opened data source "/data/user_de/0/com.google.android.tts/files/superpacks/en-us/en-us-x-multi-seanet-r83/../en-us-x-multi-r83/affixes_en_us_android.far" of size 36782
02-22 02:31:59.385 I/native  (30437): I0000 00:00:1771720319.385405   30437 android_resource_loader.cc:100] Built resource affix_word_splitter_grm
02-22 02:31:59.385 I/native  (30437): I0000 00:00:1771720319.385553   30437 android_resource_loader.cc:116] Loaded resource:affix_word_splitter_grm
02-22 02:31:59.385 I/native  (30437): I0000 00:00:1771720319.385617   30437 data_source.cc:95] Opening data source "/data/user_de/0/com.google.android.tts/files/superpacks/en-us/en-us-x-multi-seanet-r83/../en-us-x-multi-r83/affixes_params_en_us.pb" (as: FILE) ...
02-22 02:31:59.385 I/native  (30437): I0000 00:00:1771720319.385716   30437 data_source.cc:99] ... Opened data source "/data/user_de/0/com.google.android.tts/files/superpacks/en-us/en-us-x-multi-seanet-r83/../en-us-x-multi-r83/affixes_params_en_us.pb" of size 420
02-22 02:31:59.386 W/keymaster_tee( 4147): [WRN]begin req PARAMS: A32 B32 P1 
02-22 02:31:59.386 I/native  (30437): I0000 00:00:1771720319.386325   30437 affix_word_splitter_data.cc:33] Ambiguous affix entries for spelling ['s] -- their grammars should disambiguate them.
02-22 02:31:59.386 I/native  (30437): I0000 00:00:1771720319.386458   30437 affix_word_splitter_data.cc:33] Ambiguous affix entries for spelling ['s] -- their grammars should disambiguate them.
02-22 02:31:59.386 I/native  (30437): I0000 00:00:1771720319.386511   30437 affix_word_splitter_data.cc:33] Ambiguous affix entries for spelling ['s] -- their grammars should disambiguate them.
02-22 02:31:59.386 I/native  (30437): I0000 00:00:1771720319.386559   30437 affix_word_splitter_data.cc:33] Ambiguous affix entries for spelling [s] -- their grammars should disambiguate them.
02-22 02:31:59.386 I/native  (30437): I0000 00:00:1771720319.386604   30437 affix_word_splitter_data.cc:33] Ambiguous affix entries for spelling [s] -- their grammars should disambiguate them.
02-22 02:31:59.386 I/native  (30437): I0000 00:00:1771720319.386640   30437 affix_word_splitter_data.cc:33] Ambiguous affix entries for spelling [s] -- their grammars should disambiguate them.
02-22 02:31:59.386 I/native  (30437): I0000 00:00:1771720319.386689   30437 affix_word_splitter_data.cc:33] Ambiguous affix entries for spelling [ed] -- their grammars should disambiguate them.
02-22 02:31:59.386 I/native  (30437): I0000 00:00:1771720319.386729   30437 affix_word_splitter_data.cc:33] Ambiguous affix entries for spelling [ed] -- their grammars should disambiguate them.
02-22 02:31:59.386 I/native  (30437): I0000 00:00:1771720319.386762   30437 affix_word_splitter_data.cc:33] Ambiguous affix entries for spelling [ed] -- their grammars should disambiguate them.
02-22 02:31:59.386 I/native  (30437): I0000 00:00:1771720319.386815   30437 affix_word_splitter_data.cc:89] Loaded affixes in [/data/user_de/0/com.google.android.tts/files/superpacks/en-us/en-us-x-multi-seanet-r83/../en-us-x-multi-r83/affixes_params_en_us.pb].
02-22 02:31:59.386 I/native  (30437): I0000 00:00:1771720319.386902   30437 android_resource_loader.cc:100] Built resource affix_word_splitter
02-22 02:31:59.386 I/native  (30437): I0000 00:00:1771720319.386944   30437 android_resource_loader.cc:116] Loaded resource:affix_word_splitter
02-22 02:31:59.387 I/native  (30437): I0000 00:00:1771720319.387024   30437 data_source.cc:95] Opening data source "/data/user_de/0/com.google.android.tts/files/superpacks/en-us/en-us-x-multi-seanet-r83/../en-us-x-multi-r83/roman_numeral_android.far" (as: FILE) ...
02-22 02:31:59.387 I/native  (30437): I0000 00:00:1771720319.387230   30437 data_source.cc:99] ... Opened data source "/data/user_de/0/com.google.android.tts/files/superpacks/en-us/en-us-x-multi-seanet-r83/../en-us-x-multi-r83/roman_numeral_android.far" of size 5112
02-22 02:31:59.387 I/native  (30437): I0000 00:00:1771720319.387895   30437 android_resource_loader.cc:100] Built resource classify_roman_numerals_grm_fst
02-22 02:31:59.387 I/native  (30437): I0000 00:00:1771720319.387964   30437 android_resource_loader.cc:116] Loaded resource:classify_roman_numerals_grm_fst
02-22 02:31:59.388 I/native  (30437): I0000 00:00:1771720319.388016   30437 data_source.cc:95] Opening data source "/data/user_de/0/com.google.android.tts/files/superpacks/en-us/en-us-x-multi-seanet-r83/../en-us-x-multi-r83/en_us_pronounce.far" (as: FILE) ...
02-22 02:31:59.388 I/native  (30437): I0000 00:00:1771720319.388115   30437 data_source.cc:99] ... Opened data source "/data/user_de/0/com.google.android.tts/files/superpacks/en-us/en-us-x-multi-seanet-r83/../en-us-x-multi-r83/en_us_pronounce.far" of size 5040
02-22 02:31:59.388 I/native  (30437): I0000 00:00:1771720319.388511   30437 android_resource_loader.cc:100] Built resource compound_pronounce_grm_fst
02-22 02:31:59.388 I/native  (30437): I0000 00:00:1771720319.388620   30437 android_resource_loader.cc:116] Loaded resource:compound_pronounce_grm_fst
02-22 02:31:59.388 I/native  (30437): I0000 00:00:1771720319.388711   30437 data_source.cc:95] Opening data source "/data/user_de/0/com.google.android.tts/files/superpacks/en-us/en-us-x-multi-seanet-r83/../en-us-x-multi-r83/disambiguation_rules_en_us.pb" (as: FILE) ...
02-22 02:31:59.388 I/native  (30437): I0000 00:00:1771720319.388843   30437 data_source.cc:99] ... Opened data source "/data/user_de/0/com.google.android.tts/files/superpacks/en-us/en-us-x-multi-seanet-r83/../en-us-x-multi-r83/disambiguation_rules_en_us.pb" of size 317147
--------- beginning of kernel
02-22 02:31:59.276 W/        (    0): [3:          tzlog: 1579] SW> keymaster [ERR] (tz_check_oem:72) Device is compromized: status=0, value=1
02-22 02:31:59.277 W/        (    0): [3:          tzlog: 1579] SW> keymaster [WRN] (swd_run_cb:254) swd_begin() returns 0
02-22 02:31:59.279 W/        (    0): [3:          tzlog: 1579] SW> keymaster [WRN] (swd_run_cb:254) swd_update() returns 0
02-22 02:31:59.281 W/        (    0): [3:          tzlog: 1579] SW> keymaster [WRN] (swd_run_cb:254) swd_finish() returns 0
02-22 02:31:59.400 W/keymaster_tee( 4147): [WRN]begin req PARAMS: A32 B32 P1 
02-22 02:31:59.291 W/        (    0): [3:          tzlog: 1579] SW> keymaster [ERR] (tz_check_oem:72) Device is compromized: status=0, value=1
02-22 02:31:59.292 W/        (    0): [3:          tzlog: 1579] SW> keymaster [WRN] (km_usage_expire_datetime_valid:223) for purpose 0 we shuldn't check KM_TAG_USAGE_EXPIRE_DATETIME
02-22 02:31:59.292 W/        (    0): [3:          tzlog: 1579] SW> keymaster [WRN] (swd_run_cb:254) swd_begin() returns 0
02-22 02:31:59.294 W/        (    0): [3:          tzlog: 1579] SW> keymaster [WRN] (swd_run_cb:254) swd_update() returns 0
02-22 02:31:59.407 I/FLTFireMsgService(14656): FlutterFirebaseMessagingBackgroundService started!
02-22 02:31:59.297 W/        (    0): [3:          tzlog: 1579] SW> keymaster [WRN] (swd_run_cb:254) swd_finish() returns 0
02-22 02:31:59.410 I/flutter (14656): ✅ Android notification channels created
02-22 02:31:59.412 W/keymaster_tee( 4147): [WRN]begin req PARAMS: A32 B32 P1 
02-22 02:31:59.303 W/        (    0): [0:          tzlog: 1579] SW> keymaster [ERR] (tz_check_oem:72) Device is compromized: status=0, value=1
02-22 02:31:59.303 W/        (    0): [0:          tzlog: 1579] SW> keymaster [WRN] (swd_run_cb:254) swd_begin() returns 0
02-22 02:31:59.305 W/        (    0): [0:          tzlog: 1579] SW> keymaster [WRN] (swd_run_cb:254) swd_update() returns 0
02-22 02:31:59.313 W/        (    0): [1:          tzlog: 1579] SW> keymaster [WRN] (swd_run_cb:254) swd_finish() returns 0
02-22 02:31:59.427 I/bqwu    ( 6760): onStop
02-22 02:31:59.429 W/keymaster_tee( 4147): [WRN]begin req PARAMS: A32 B32 P1 
02-22 02:31:59.319 W/        (    0): [1:          tzlog: 1579] SW> keymaster [ERR] (tz_check_oem:72) Device is compromized: status=0, value=1
02-22 02:31:59.319 W/        (    0): [1:          tzlog: 1579] SW> keymaster [WRN] (swd_run_cb:254) swd_begin() returns 0
02-22 02:31:59.321 W/        (    0): [2:          tzlog: 1579] SW> keymaster [WRN] (swd_run_cb:254) swd_update() returns 0
02-22 02:31:59.322 W/        (    0): [2:          tzlog: 1579] SW> keymaster [WRN] (swd_run_cb:254) swd_finish() returns 0
02-22 02:31:59.452 W/keymaster_tee( 4147): [WRN]begin req PARAMS: A32 B32 P1 
02-22 02:31:59.342 W/        (    0): [2:          tzlog: 1579] SW> keymaster [ERR] (tz_check_oem:72) Device is compromized: status=0, value=1
02-22 02:31:59.342 W/        (    0): [2:          tzlog: 1579] SW> keymaster [WRN] (km_usage_expire_datetime_valid:223) for purpose 0 we shuldn't check KM_TAG_USAGE_EXPIRE_DATETIME
02-22 02:31:59.342 W/        (    0): [2:          tzlog: 1579] SW> keymaster [WRN] (swd_run_cb:254) swd_begin() returns 0
02-22 02:31:59.456 I/native  (30437): I0000 00:00:1771720319.456423   30437 android_resource_loader.cc:100] Built resource disambiguation_rules
02-22 02:31:59.456 I/native  (30437): I0000 00:00:1771720319.456599   30437 android_resource_loader.cc:116] Loaded resource:disambiguation_rules
02-22 02:31:59.456 I/native  (30437): I0000 00:00:1771720319.456673   30437 data_source.cc:95] Opening data source "/data/user_de/0/com.google.android.tts/files/superpacks/en-us/en-us-x-multi-seanet-r83/engine_config_en_us_x_embedded_havoc.pb" (as: FILE) ...
02-22 02:31:59.456 I/native  (30437): I0000 00:00:1771720319.456771   30437 data_source.cc:99] ... Opened data source "/data/user_de/0/com.google.android.tts/files/superpacks/en-us/en-us-x-multi-seanet-r83/engine_config_en_us_x_embedded_havoc.pb" of size 54
02-22 02:31:59.456 I/native  (30437): I0000 00:00:1771720319.456932   30437 android_resource_loader.cc:100] Built resource engine_config
02-22 02:31:59.456 I/native  (30437): I0000 00:00:1771720319.456977   30437 android_resource_loader.cc:116] Loaded resource:engine_config
02-22 02:31:59.457 I/native  (30437): I0000 00:00:1771720319.457040   30437 android_resource_loader.cc:100] Built resource guided_synthesis
02-22 02:31:59.457 I/native  (30437): I0000 00:00:1771720319.457074   30437 android_resource_loader.cc:116] Loaded resource:guided_synthesis
02-22 02:31:59.457 I/native  (30437): I0000 00:00:1771720319.457121   30437 data_source.cc:95] Opening data source "/data/user_de/0/com.google.android.tts/files/superpacks/en-us/en-us-x-multi-seanet-r83/../en-us-x-multi-r83/mapping_grammar_en.far" (as: FILE) ...
02-22 02:31:59.457 I/native  (30437): I0000 00:00:1771720319.457204   30437 data_source.cc:99] ... Opened data source "/data/user_de/0/com.google.android.tts/files/superpacks/en-us/en-us-x-multi-seanet-r83/../en-us-x-multi-r83/mapping_grammar_en.far" of size 863
02-22 02:31:59.457 I/native  (30437): I0000 00:00:1771720319.457501   30437 android_resource_loader.cc:100] Built resource homograph_mapping_grammar
02-22 02:31:59.457 I/native  (30437): I0000 00:00:1771720319.457558   30437 android_resource_loader.cc:116] Loaded resource:homograph_mapping_grammar
02-22 02:31:59.457 I/native  (30437): I0000 00:00:1771720319.457611   30437 data_source.cc:95] Opening data source "/data/user_de/0/com.google.android.tts/files/superpacks/en-us/en-us-x-multi-seanet-r83/../en-us-x-multi-r83/lettuce_model.fb" (as: MEMORY) ...
02-22 02:31:59.457 I/native  (30437): I0000 00:00:1771720319.457749   30437 data_source.cc:99] ... Opened data source "/data/user_de/0/com.google.android.tts/files/superpacks/en-us/en-us-x-multi-seanet-r83/../en-us-x-multi-r83/lettuce_model.fb" of size 2100680
02-22 02:31:59.458 I/native  (30437): I0000 00:00:1771720319.458109   30437 android_resource_loader.cc:100] Built resource lettuce_model_resource
02-22 02:31:59.458 I/native  (30437): I0000 00:00:1771720319.458199   30437 android_resource_loader.cc:116] Loaded resource:lettuce_model_resource
02-22 02:31:59.458 I/native  (30437): I0000 00:00:1771720319.458358   30437 android_resource_loader.cc:100] Built resource lettuce_model_scorer
02-22 02:31:59.458 I/native  (30437): I0000 00:00:1771720319.458403   30437 android_resource_loader.cc:116] Loaded resource:lettuce_model_scorer
02-22 02:31:59.458 I/native  (30437): I0000 00:00:1771720319.458460   30437 data_source.cc:95] Opening data source "/data/user_de/0/com.google.android.tts/files/superpacks/en-us/en-us-x-multi-seanet-r83/../en-us-x-multi-r83/lettuce_classify_embedded_us_generated_android.far" (as: FILE) ...
02-22 02:31:59.458 I/native  (30437): I0000 00:00:1771720319.458599   30437 data_source.cc:99] ... Opened data source "/data/user_de/0/com.google.android.tts/files/superpacks/en-us/en-us-x-multi-seanet-r83/../en-us-x-multi-r83/lettuce_classify_embedded_us_generated_android.far" of size 4439801
02-22 02:31:59.346 W/        (    0): [0:          tzlog: 1579] SW> keymaster [WRN] (swd_run_cb:254) swd_update() returns 0
02-22 02:31:59.350 W/        (    0): [2:          tzlog: 1579] SW> keymaster [WRN] (swd_run_cb:254) swd_finish() returns 0
02-22 02:31:59.466 W/keymaster_tee( 4147): [WRN]begin req PARAMS: A32 B32 P1 
02-22 02:31:59.356 W/        (    0): [2:          tzlog: 1579] SW> keymaster [ERR] (tz_check_oem:72) Device is compromized: status=0, value=1
02-22 02:31:59.356 W/        (    0): [2:          tzlog: 1579] SW> keymaster [WRN] (swd_run_cb:254) swd_begin() returns 0
02-22 02:31:59.358 W/        (    0): [2:          tzlog: 1579] SW> keymaster [WRN] (swd_run_cb:254) swd_update() returns 0
02-22 02:31:59.362 W/        (    0): [2:          tzlog: 1579] SW> keymaster [WRN] (swd_run_cb:254) swd_finish() returns 0
02-22 02:31:59.477 W/keymaster_tee( 4147): [WRN]begin req PARAMS: A32 B32 P1 
02-22 02:31:59.368 W/        (    0): [2:          tzlog: 1579] SW> keymaster [ERR] (tz_check_oem:72) Device is compromized: status=0, value=1
02-22 02:31:59.368 W/        (    0): [2:          tzlog: 1579] SW> keymaster [WRN] (swd_run_cb:254) swd_begin() returns 0
02-22 02:31:59.370 W/        (    0): [2:          tzlog: 1579] SW> keymaster [WRN] (swd_run_cb:254) swd_update() returns 0
02-22 02:31:59.371 W/        (    0): [2:          tzlog: 1579] SW> keymaster [WRN] (swd_run_cb:254) swd_finish() returns 0
02-22 02:31:59.487 W/keymaster_tee( 4147): [WRN]begin req PARAMS: A32 B32 P1 
02-22 02:31:59.377 W/        (    0): [2:          tzlog: 1579] SW> keymaster [ERR] (tz_check_oem:72) Device is compromized: status=0, value=1
02-22 02:31:59.492 I/native  (30437): I0000 00:00:1771720319.491967   30437 android_resource_loader.cc:100] Built resource lettuce_node_generator_grm
02-22 02:31:59.492 I/native  (30437): I0000 00:00:1771720319.492108   30437 android_resource_loader.cc:116] Loaded resource:lettuce_node_generator_grm
02-22 02:31:59.492 I/native  (30437): I0000 00:00:1771720319.492179   30437 data_source.cc:95] Opening data source "/data/user_de/0/com.google.android.tts/files/superpacks/en-us/en-us-x-multi-seanet-r83/../en-us-x-multi-r83/lucid_collection_android.far" (as: FILE) ...
02-22 02:31:59.492 I/native  (30437): I0000 00:00:1771720319.492291   30437 data_source.cc:99] ... Opened data source "/data/user_de/0/com.google.android.tts/files/superpacks/en-us/en-us-x-multi-seanet-r83/../en-us-x-multi-r83/lucid_collection_android.far" of size 306120
02-22 02:31:59.379 W/        (    0): [2:          tzlog: 1579] SW> keymaster [WRN] (km_usage_expire_datetime_valid:223) for purpose 0 we shuldn't check KM_TAG_USAGE_EXPIRE_DATETIME
02-22 02:31:59.379 W/        (    0): [2:          tzlog: 1579] SW> keymaster [WRN] (swd_run_cb:254) swd_begin() returns 0
02-22 02:31:59.383 W/        (    0): [3:          tzlog: 1579] SW> keymaster [WRN] (swd_run_cb:254) swd_update() returns 0
02-22 02:31:59.495 I/native  (30437): I0000 00:00:1771720319.495200   30437 android_resource_loader.cc:100] Built resource lucid_parser_grm_fst
02-22 02:31:59.495 I/native  (30437): I0000 00:00:1771720319.495351   30437 android_resource_loader.cc:116] Loaded resource:lucid_parser_grm_fst
02-22 02:31:59.495 I/native  (30437): I0000 00:00:1771720319.495426   30437 data_source.cc:95] Opening data source "/data/user_de/0/com.google.android.tts/files/superpacks/en-us/en-us-x-multi-seanet-r83/../en-us-x-multi-r83/markup_triggers.pb" (as: FILE) ...
02-22 02:31:59.495 I/native  (30437): I0000 00:00:1771720319.495538   30437 data_source.cc:99] ... Opened data source "/data/user_de/0/com.google.android.tts/files/superpacks/en-us/en-us-x-multi-seanet-r83/../en-us-x-multi-r83/markup_triggers.pb" of size 930
02-22 02:31:59.495 I/native  (30437): I0000 00:00:1771720319.495832   30437 android_resource_loader.cc:100] Built resource markup_triggers
02-22 02:31:59.495 I/native  (30437): I0000 00:00:1771720319.495878   30437 android_resource_loader.cc:116] Loaded resource:markup_triggers
02-22 02:31:59.495 I/native  (30437): I0000 00:00:1771720319.495937   30437 data_source.cc:95] Opening data source "/data/user_de/0/com.google.android.tts/files/superpacks/en-us/en-us-x-multi-seanet-r83/../en-us-x-multi-r83/morphosyntactic_mapping.pb" (as: FILE) ...
02-22 02:31:59.496 I/native  (30437): I0000 00:00:1771720319.496016   30437 data_source.cc:99] ... Opened data source "/data/user_de/0/com.google.android.tts/files/superpacks/en-us/en-us-x-multi-seanet-r83/../en-us-x-multi-r83/morphosyntactic_mapping.pb" of size 6
02-22 02:31:59.496 I/native  (30437): I0000 00:00:1771720319.496157   30437 android_resource_loader.cc:100] Built resource morph_analyzer_attribute_map
02-22 02:31:59.496 I/native  (30437): I0000 00:00:1771720319.496199   30437 android_resource_loader.cc:116] Loaded resource:morph_analyzer_attribute_map
02-22 02:31:59.496 I/native  (30437): I0000 00:00:1771720319.496269   30437 android_resource_loader.cc:100] Built resource multilingual_capabilities
02-22 02:31:59.496 I/native  (30437): I0000 00:00:1771720319.496305   30437 android_resource_loader.cc:116] Loaded resource:multilingual_capabilities
02-22 02:31:59.496 I/native  (30437): I0000 00:00:1771720319.496355   30437 data_source.cc:95] Opening data source "/data/user_de/0/com.google.android.tts/files/superpacks/en-us/en-us-x-multi-seanet-r83/../en-us-x-multi-r83/en_us_phonology.pb" (as: FILE) ...
02-22 02:31:59.496 I/native  (30437): I0000 00:00:1771720319.496440   30437 data_source.cc:99] ... Opened data source "/data/user_de/0/com.google.android.tts/files/superpacks/en-us/en-us-x-multi-seanet-r83/../en-us-x-multi-r83/en_us_phonology.pb" of size 2196
02-22 02:31:59.497 W/native  (30437): W0000 00:00:1771720319.497304   30437 phonology.cc:80] Phonemes l, r\ have non-distinctive features. See b/111971558.
02-22 02:31:59.497 W/native  (30437): W0000 00:00:1771720319.497415   30437 phonology.cc:80] Phonemes @, @` have non-distinctive features. See b/111971558.
--------- beginning of system
02-22 02:31:59.497 D/CoreBackPreview( 4589): Window{ce8189e u0 Splash Screen com.example.sven_user_flutter EXITING}: Setting back callback null
02-22 02:31:59.497 I/native  (30437): I0000 00:00:1771720319.497921   30437 android_resource_loader.cc:100] Built resource phonology
02-22 02:31:59.385 W/        (    0): [3:          tzlog: 1579] SW> keymaster [WRN] (swd_run_cb:254) swd_finish() returns 0
02-22 02:31:59.498 I/native  (30437): I0000 00:00:1771720319.497995   30437 android_resource_loader.cc:116] Loaded resource:phonology
02-22 02:31:59.498 I/native  (30437): I0000 00:00:1771720319.498102   30437 data_source.cc:95] Opening data source "/data/user_de/0/com.google.android.tts/files/superpacks/en-us/en-us-x-multi-seanet-r83/../en-us-x-multi-r83/en_morphology" (as: FILE) ...
02-22 02:31:59.498 I/native  (30437): I0000 00:00:1771720319.498196   30437 data_source.cc:99] ... Opened data source "/data/user_de/0/com.google.android.tts/files/superpacks/en-us/en-us-x-multi-seanet-r83/../en-us-x-multi-r83/en_morphology" of size 2753822
02-22 02:31:59.498 W/InputManager-JNI( 4589): Input channel object 'ce8189e Splash Screen com.example.sven_user_flutter (client)' was disposed without first being removed with the input manager!
02-22 02:31:59.499 W/keymaster_tee( 4147): [WRN]begin req PARAMS: A32 B32 P1 
02-22 02:31:59.389 W/        (    0): [3:          tzlog: 1579] SW> keymaster [ERR] (tz_check_oem:72) Device is compromized: status=0, value=1
02-22 02:31:59.389 W/        (    0): [3:          tzlog: 1579] SW> keymaster [WRN] (swd_run_cb:254) swd_begin() returns 0
02-22 02:31:59.390 W/        (    0): [0:          tzlog: 1579] SW> keymaster [WRN] (swd_run_cb:254) swd_update() returns 0
02-22 02:31:59.502 I/native  (30437): I0000 00:00:1771720319.502533   30437 model-api.cc:46] Registered model under key morphology
02-22 02:31:59.392 W/        (    0): [0:          tzlog: 1579] SW> keymaster [WRN] (swd_run_cb:254) swd_finish() returns 0
02-22 02:31:59.507 I/native  (30437): I0000 00:00:1771720319.507039   30437 android_resource_loader.cc:100] Built resource analyze_morphology_saft_portable_algo
02-22 02:31:59.507 I/native  (30437): I0000 00:00:1771720319.507273   30437 android_resource_loader.cc:116] Loaded resource:analyze_morphology_saft_portable_algo
02-22 02:31:59.507 I/native  (30437): I0000 00:00:1771720319.507439   30437 data_source.cc:95] Opening data source "/data/user_de/0/com.google.android.tts/files/superpacks/en-us/en-us-x-multi-seanet-r83/../en-us-x-multi-r83/ipa_to_tts_to-en_us.far" (as: FILE) ...
02-22 02:31:59.507 I/native  (30437): I0000 00:00:1771720319.507607   30437 data_source.cc:99] ... Opened data source "/data/user_de/0/com.google.android.tts/files/superpacks/en-us/en-us-x-multi-seanet-r83/../en-us-x-multi-r83/ipa_to_tts_to-en_us.far" of size 465858
02-22 02:31:59.508 W/keymaster_tee( 4147): [WRN]begin req PARAMS: A32 B32 P1 
02-22 02:31:59.510 I/native  (30437): I0000 00:00:1771720319.510548   30437 android_resource_loader.cc:100] Built resource ipa_to_tts_phoneme_mapper
02-22 02:31:59.510 I/native  (30437): I0000 00:00:1771720319.510683   30437 android_resource_loader.cc:116] Loaded resource:ipa_to_tts_phoneme_mapper
02-22 02:31:59.510 I/native  (30437): I0000 00:00:1771720319.510750   30437 data_source.cc:95] Opening data source "/data/user_de/0/com.google.android.tts/files/superpacks/en-us/en-us-x-multi-seanet-r83/../en-us-x-multi-r83/en_us.hlex.bin" (as: MEMORY) ...
02-22 02:31:59.510 I/native  (30437): I0000 00:00:1771720319.510901   30437 data_source.cc:99] ... Opened data source "/data/user_de/0/com.google.android.tts/files/superpacks/en-us/en-us-x-multi-seanet-r83/../en-us-x-multi-r83/en_us.hlex.bin" of size 5117760
02-22 02:31:59.511 I/native  (30437): I0000 00:00:1771720319.511150   30437 android_resource_loader.cc:100] Built resource lexicon
02-22 02:31:59.511 I/native  (30437): I0000 00:00:1771720319.511192   30437 android_resource_loader.cc:116] Loaded resource:lexicon
02-22 02:31:59.511 I/native  (30437): I0000 00:00:1771720319.511252   30437 data_source.cc:95] Opening data source "/data/user_de/0/com.google.android.tts/files/superpacks/en-us/en-us-x-multi-seanet-r83/../en-us-x-multi-r83/homographs_model_en_us_embedded.bin" (as: MEMORY) ...
02-22 02:31:59.511 I/native  (30437): I0000 00:00:1771720319.511352   30437 data_source.cc:99] ... Opened data source "/data/user_de/0/com.google.android.tts/files/superpacks/en-us/en-us-x-multi-seanet-r83/../en-us-x-multi-r83/homographs_model_en_us_embedded.bin" of size 399120
02-22 02:31:59.399 W/        (    0): [2:          tzlog: 1579] SW> keymaster [ERR] (tz_check_oem:72) Device is compromized: status=0, value=1
02-22 02:31:59.400 W/        (    0): [2:          tzlog: 1579] SW> keymaster [WRN] (swd_run_cb:254) swd_begin() returns 0
02-22 02:31:59.402 W/        (    0): [2:          tzlog: 1579] SW> keymaster [WRN] (swd_run_cb:254) swd_update() returns 0
02-22 02:31:59.404 W/        (    0): [2:          tzlog: 1579] SW> keymaster [WRN] (swd_run_cb:254) swd_finish() returns 0
02-22 02:31:59.518 I/native  (30437): I0000 00:00:1771720319.518808   30437 android_resource_loader.cc:100] Built resource homograph_classifier_model_resource
02-22 02:31:59.518 I/native  (30437): I0000 00:00:1771720319.518917   30437 android_resource_loader.cc:116] Loaded resource:homograph_classifier_model_resource
02-22 02:31:59.519 I/native  (30437): I0000 00:00:1771720319.518992   30437 data_source.cc:95] Opening data source "/data/user_de/0/com.google.android.tts/files/superpacks/en-us/en-us-x-multi-seanet-r83/lettuce_node_generator_params_embedded_us_runtime.pb" (as: FILE) ...
02-22 02:31:59.519 I/native  (30437): I0000 00:00:1771720319.519081   30437 data_source.cc:99] ... Opened data source "/data/user_de/0/com.google.android.tts/files/superpacks/en-us/en-us-x-multi-seanet-r83/lettuce_node_generator_params_embedded_us_runtime.pb" of size 2599
02-22 02:31:59.527 D/ConnectivityService( 4589): requestNetwork for uid/pid:10199/14656 activeRequest: null callbackRequest: 4921 [NetworkRequest [ REQUEST id=4922, [ Capabilities: INTERNET&NOT_RESTRICTED&TRUSTED&NOT_VCN_MANAGED Uid: 10199 RequestorUid: 10199 RequestorPkg: com.example.sven_user_flutter UnderlyingNetworks: Null] ]] callback flags: 0 order: 2147483647
02-22 02:31:59.527 D/ConnectivityService( 4589): NetReassign [4922 : null → 104]
02-22 02:31:59.529 D/WifiNetworkFactory( 4589): got request NetworkRequest [ REQUEST id=4922, [ Capabilities: INTERNET&NOT_RESTRICTED&TRUSTED&NOT_VCN_MANAGED Uid: 10199 RequestorUid: 10199 RequestorPkg: com.example.sven_user_flutter UnderlyingNetworks: Null] ]
02-22 02:31:59.529 D/UntrustedWifiNetworkFactory( 4589): got request NetworkRequest [ REQUEST id=4922, [ Capabilities: INTERNET&NOT_RESTRICTED&TRUSTED&NOT_VCN_MANAGED Uid: 10199 RequestorUid: 10199 RequestorPkg: com.example.sven_user_flutter UnderlyingNetworks: Null] ]
02-22 02:31:59.529 D/OemPaidWifiNetworkFactory( 4589): got request NetworkRequest [ REQUEST id=4922, [ Capabilities: INTERNET&NOT_RESTRICTED&TRUSTED&NOT_VCN_MANAGED Uid: 10199 RequestorUid: 10199 RequestorPkg: com.example.sven_user_flutter UnderlyingNetworks: Null] ]
02-22 02:31:59.529 D/MultiInternetWifiNetworkFactory( 4589): got request NetworkRequest [ REQUEST id=4922, [ Capabilities: INTERNET&NOT_RESTRICTED&TRUSTED&NOT_VCN_MANAGED Uid: 10199 RequestorUid: 10199 RequestorPkg: com.example.sven_user_flutter UnderlyingNetworks: Null] ]
02-22 02:31:59.529 D/PhoneSwitcherNetworkRequstListener( 5209): got request NetworkRequest [ REQUEST id=4922, [ Capabilities: INTERNET&NOT_RESTRICTED&TRUSTED&NOT_VCN_MANAGED Uid: 10199 RequestorUid: 10199 RequestorPkg: com.example.sven_user_flutter UnderlyingNetworks: Null] ]
02-22 02:31:59.548 W/FrameTracker( 4858): Missed SF frame:JANK_SURFACEFLINGER_DEADLINE_MISSED, 48846804, 6816480, CUJ=J<SPLASHSCREEN_EXIT_ANIM>
02-22 02:31:59.548 W/FrameTracker( 4858): Missed SF frame:SURFACE_FLINGER_SCHEDULING, 48846854, 15755328, CUJ=J<SPLASHSCREEN_EXIT_ANIM>
02-22 02:31:59.548 W/FrameTracker( 4858): Missing HWUI jank callback for vsyncId: 48847100, CUJ=J<SPLASHSCREEN_EXIT_ANIM>
02-22 02:31:59.575 I/FontLog (16782): Received query Noto Color Emoji Compat, URI content://com.google.android.gms.fonts [CONTEXT service_id=132 ]
02-22 02:31:59.575 I/FontLog (16782): Query [emojicompat-emoji-font] resolved to {Noto Color Emoji Compat, wdth 100.0, wght 400, ital 0.0, bestEffort false}, isVf false} [CONTEXT service_id=132 ]
02-22 02:31:59.576 I/FontLog (16782): Fetch {Noto Color Emoji Compat, wdth 100.0, wght 400, ital 0.0, bestEffort false}, isVf false} end status Status{statusCode=SUCCESS, resolution=null} [CONTEXT service_id=132 ]
02-22 02:31:59.581 I/FontLog (16782): Pulling font file for id = 575, cache size = 9 [CONTEXT service_id=132 ]
02-22 02:31:59.585 I/FontLog (16782): Pulling font file for id = 575, cache size = 9 [CONTEXT service_id=132 ]
02-22 02:31:59.604 W/TransactionTracing( 4303): Could not find layer handle 0x7c8a859370
02-22 02:31:59.604 W/TransactionTracing( 4303): Could not find layer handle 0x7c8a8482d0
02-22 02:31:59.604 W/TransactionTracing( 4303): Could not find layer handle 0x7c8a865a90
02-22 02:31:59.604 W/TransactionTracing( 4303): Could not find layer handle 0x7c8a865a90
02-22 02:31:59.604 W/TransactionTracing( 4303): Could not find layer handle 0x7c8a8482d0
02-22 02:31:59.687 W/TransactionTracing( 4303): Could not find layer handle 0x7c8a8591f0
02-22 02:31:59.687 W/TransactionTracing( 4303): Could not find layer handle 0x7c8a856eb0
02-22 02:32:00.464 I/native  (30437): I0000 00:00:1771720320.464165   30437 exl_node_generator.cc:58] Setting legal word grammar as macro_only: true
02-22 02:32:00.464 I/native  (30437): I0000 00:00:1771720320.464584   30437 android_resource_loader.cc:100] Built resource lettuce_node_generator
02-22 02:32:00.464 I/native  (30437): I0000 00:00:1771720320.464637   30437 android_resource_loader.cc:116] Loaded resource:lettuce_node_generator
02-22 02:32:00.464 I/native  (30437): I0000 00:00:1771720320.464698   30437 data_source.cc:95] Opening data source "/data/user_de/0/com.google.android.tts/files/superpacks/en-us/en-us-x-multi-seanet-r83/../en-us-x-multi-r83/burdock_model.params.pb" (as: FILE) ...
02-22 02:32:00.464 I/native  (30437): I0000 00:00:1771720320.464782   30437 data_source.cc:99] ... Opened data source "/data/user_de/0/com.google.android.tts/files/superpacks/en-us/en-us-x-multi-seanet-r83/../en-us-x-multi-r83/burdock_model.params.pb" of size 8875
02-22 02:32:00.466 I/native  (30437): I0000 00:00:1771720320.466094   30437 android_resource_loader.cc:100] Built resource lstm_add_specification_resource
02-22 02:32:00.466 I/native  (30437): I0000 00:00:1771720320.466167   30437 android_resource_loader.cc:116] Loaded resource:lstm_add_specification_resource
02-22 02:32:00.466 I/native  (30437): I0000 00:00:1771720320.466228   30437 data_source.cc:95] Opening data source "/data/user_de/0/com.google.android.tts/files/superpacks/en-us/en-us-x-multi-seanet-r83/chive_model_fused.pb" (as: FILE) ...
02-22 02:32:00.466 I/native  (30437): I0000 00:00:1771720320.466302   30437 data_source.cc:99] ... Opened data source "/data/user_de/0/com.google.android.tts/files/superpacks/en-us/en-us-x-multi-seanet-r83/chive_model_fused.pb" of size 1281
02-22 02:32:00.466 I/native  (30437): I0000 00:00:1771720320.466429   30437 data_source.cc:95] Opening data source "/data/user_de/0/com.google.android.tts/files/superpacks/en-us/en-us-x-multi-seanet-r83/burdock_valerian_model.tflite" (as: MEMORY) ...
02-22 02:32:00.466 I/native  (30437): I0000 00:00:1771720320.466534   30437 data_source.cc:99] ... Opened data source "/data/user_de/0/com.google.android.tts/files/superpacks/en-us/en-us-x-multi-seanet-r83/burdock_valerian_model.tflite" of size 1790608
02-22 02:32:00.466 E/tflite  (30437): third_party/tensorflow/lite/core/subgraph.cc:1084 tensor.data.raw != nullptr was not true.
02-22 02:32:00.467 I/native  (30437): I0000 00:00:1771720320.467042   30437 chive_inference_resource.cc:234] Creating new CHiVE model [model graph]: 
02-22 02:32:00.467 I/native  (30437): I0000 00:00:1771720320.467081   30437 chive_model.cc:179] Creating a single pass CHiVE model
02-22 02:32:00.468 I/native  (30437): I0000 00:00:1771720320.468713   30437 android_resource_loader.cc:100] Built resource chive_inference_config
02-22 02:32:00.468 I/native  (30437): I0000 00:00:1771720320.468769   30437 android_resource_loader.cc:116] Loaded resource:chive_inference_config
02-22 02:32:00.468 I/native  (30437): I0000 00:00:1771720320.468821   30437 data_source.cc:95] Opening data source "/data/user_de/0/com.google.android.tts/files/superpacks/en-us/en-us-x-multi-seanet-r83/../en-us-x-multi-r83/converter_en_us_android.far" (as: FILE) ...
02-22 02:32:00.468 I/native  (30437): I0000 00:00:1771720320.468902   30437 data_source.cc:99] ... Opened data source "/data/user_de/0/com.google.android.tts/files/superpacks/en-us/en-us-x-multi-seanet-r83/../en-us-x-multi-r83/converter_en_us_android.far" of size 1473
02-22 02:32:00.469 I/native  (30437): I0000 00:00:1771720320.469312   30437 android_resource_loader.cc:100] Built resource pron_buffet_to_tts_converter
02-22 02:32:00.469 I/native  (30437): I0000 00:00:1771720320.469347   30437 android_resource_loader.cc:116] Loaded resource:pron_buffet_to_tts_converter
02-22 02:32:00.469 I/native  (30437): I0000 00:00:1771720320.469387   30437 data_source.cc:95] Opening data source "/data/user_de/0/com.google.android.tts/files/superpacks/en-us/en-us-x-multi-seanet-r83/../en-us-x-multi-r83/regexp_rewrite_embedded.pb" (as: FILE) ...
02-22 02:32:00.469 I/native  (30437): I0000 00:00:1771720320.469445   30437 data_source.cc:99] ... Opened data source "/data/user_de/0/com.google.android.tts/files/superpacks/en-us/en-us-x-multi-seanet-r83/../en-us-x-multi-r83/regexp_rewrite_embedded.pb" of size 6025
02-22 02:32:00.469 I/native  (30437): I0000 00:00:1771720320.469665   30437 data_source.cc:95] Opening data source "/data/user_de/0/com.google.android.tts/files/superpacks/en-us/en-us-x-multi-seanet-r83/../en-us-x-multi-r83/punctuation.pb" (as: FILE) ...
02-22 02:32:00.469 I/native  (30437): I0000 00:00:1771720320.469721   30437 data_source.cc:99] ... Opened data source "/data/user_de/0/com.google.android.tts/files/superpacks/en-us/en-us-x-multi-seanet-r83/../en-us-x-multi-r83/punctuation.pb" of size 452
02-22 02:32:00.558 E/native  (30437): E0000 00:00:1771720320.558920   30437 re2.cc:250] Error parsing '^|[^\p{Letter}\\]': invalid character class range: \p{Letter}
02-22 02:32:00.559 E/native  (30437): E0000 00:00:1771720320.559046   30437 replacement_rule.cc:40] Invalid context regexp: invalid character class range: \p{Letter}
02-22 02:32:00.559 E/native  (30437): E0000 00:00:1771720320.559079   30437 replacement_rule.cc:151] Error creating replacement rule.
02-22 02:32:00.559 E/native  (30437): E0000 00:00:1771720320.559109   30437 regexp_rewriter.cc:35] Error creating rule MessageLite at 0x74b1239e30.
02-22 02:32:00.559 I/native  (30437): I0000 00:00:1771720320.559819   30437 android_resource_loader.cc:100] Built resource rewrite_algo
02-22 02:32:00.559 I/native  (30437): I0000 00:00:1771720320.559876   30437 android_resource_loader.cc:116] Loaded resource:rewrite_algo
02-22 02:32:00.559 I/native  (30437): I0000 00:00:1771720320.559927   30437 data_source.cc:95] Opening data source "/data/user_de/0/com.google.android.tts/files/superpacks/en-us/en-us-x-multi-seanet-r83/../en-us-x-multi-r83/roman_numeral_contexts.pb" (as: FILE) ...
02-22 02:32:00.560 I/native  (30437): I0000 00:00:1771720320.560024   30437 data_source.cc:99] ... Opened data source "/data/user_de/0/com.google.android.tts/files/superpacks/en-us/en-us-x-multi-seanet-r83/../en-us-x-multi-r83/roman_numeral_contexts.pb" of size 9114
02-22 02:32:00.560 I/native  (30437): I0000 00:00:1771720320.560306   30437 android_resource_loader.cc:100] Built resource roman_numeral_context_words
02-22 02:32:00.560 I/native  (30437): I0000 00:00:1771720320.560347   30437 android_resource_loader.cc:116] Loaded resource:roman_numeral_context_words
02-22 02:32:00.560 I/native  (30437): I0000 00:00:1771720320.560881   30437 android_resource_loader.cc:100] Built resource classify_roman_numerals_grm_algo
02-22 02:32:00.560 I/native  (30437): I0000 00:00:1771720320.560919   30437 android_resource_loader.cc:116] Loaded resource:classify_roman_numerals_grm_algo
02-22 02:32:00.561 I/native  (30437): I0000 00:00:1771720320.561619   30437 android_resource_loader.cc:100] Built resource runtime_override
02-22 02:32:00.561 I/native  (30437): I0000 00:00:1771720320.561656   30437 android_resource_loader.cc:116] Loaded resource:runtime_override
02-22 02:32:00.561 I/native  (30437): I0000 00:00:1771720320.561696   30437 data_source.cc:95] Opening data source "/data/user_de/0/com.google.android.tts/files/superpacks/en-us/en-us-x-multi-seanet-r83/seanet_model_options.pb" (as: FILE) ...
02-22 02:32:00.561 I/native  (30437): I0000 00:00:1771720320.561766   30437 data_source.cc:99] ... Opened data source "/data/user_de/0/com.google.android.tts/files/superpacks/en-us/en-us-x-multi-seanet-r83/seanet_model_options.pb" of size 32
02-22 02:32:00.561 I/native  (30437): I0000 00:00:1771720320.561848   30437 data_source.cc:95] Opening data source "/data/user_de/0/com.google.android.tts/files/superpacks/en-us/en-us-x-multi-seanet-r83/seanet_model.tflite" (as: FILE) ...
02-22 02:32:00.561 I/native  (30437): I0000 00:00:1771720320.561900   30437 data_source.cc:99] ... Opened data source "/data/user_de/0/com.google.android.tts/files/superpacks/en-us/en-us-x-multi-seanet-r83/seanet_model.tflite" of size 2786320
02-22 02:32:00.567 I/native  (30437): I0000 00:00:1771720320.567251   30437 android_resource_loader.cc:100] Built resource seanet_enhancer
02-22 02:32:00.567 I/native  (30437): I0000 00:00:1771720320.567364   30437 android_resource_loader.cc:116] Loaded resource:seanet_enhancer
02-22 02:32:00.567 I/native  (30437): I0000 00:00:1771720320.567415   30437 data_source.cc:95] Opening data source "/data/user_de/0/com.google.android.tts/files/superpacks/en-us/en-us-x-multi-seanet-r83/../en-us-x-multi-r83/sb_model.bin" (as: MEMORY) ...
02-22 02:32:00.567 I/native  (30437): I0000 00:00:1771720320.567534   30437 data_source.cc:99] ... Opened data source "/data/user_de/0/com.google.android.tts/files/superpacks/en-us/en-us-x-multi-seanet-r83/../en-us-x-multi-r83/sb_model.bin" of size 48272
02-22 02:32:00.567 I/native  (30437): I0000 00:00:1771720320.567619   30437 android_resource_loader.cc:100] Built resource sentence_boundary_model_resource
02-22 02:32:00.567 I/native  (30437): I0000 00:00:1771720320.567652   30437 android_resource_loader.cc:116] Loaded resource:sentence_boundary_model_resource
02-22 02:32:00.567 I/native  (30437): I0000 00:00:1771720320.567691   30437 data_source.cc:95] Opening data source "/data/user_de/0/com.google.android.tts/files/superpacks/en-us/en-us-x-multi-seanet-r83/../en-us-x-multi-r83/en_verbalize_spec.pb" (as: FILE) ...
02-22 02:32:00.567 I/native  (30437): I0000 00:00:1771720320.567748   30437 data_source.cc:99] ... Opened data source "/data/user_de/0/com.google.android.tts/files/superpacks/en-us/en-us-x-multi-seanet-r83/../en-us-x-multi-r83/en_verbalize_spec.pb" of size 3984
02-22 02:32:00.567 I/native  (30437): I0000 00:00:1771720320.567961   30437 android_resource_loader.cc:100] Built resource serialization_spec
02-22 02:32:00.568 I/native  (30437): I0000 00:00:1771720320.568016   30437 android_resource_loader.cc:116] Loaded resource:serialization_spec
02-22 02:32:00.568 I/native  (30437): I0000 00:00:1771720320.568056   30437 data_source.cc:95] Opening data source "/data/user_de/0/com.google.android.tts/files/superpacks/en-us/en-us-x-multi-seanet-r83/../en-us-x-multi-r83/textnorm_params_embedded_en_us.pb" (as: FILE) ...
02-22 02:32:00.568 I/native  (30437): I0000 00:00:1771720320.568109   30437 data_source.cc:99] ... Opened data source "/data/user_de/0/com.google.android.tts/files/superpacks/en-us/en-us-x-multi-seanet-r83/../en-us-x-multi-r83/textnorm_params_embedded_en_us.pb" of size 321
02-22 02:32:00.568 I/native  (30437): I0000 00:00:1771720320.568197   30437 android_resource_loader.cc:100] Built resource textnorm_params
02-22 02:32:00.568 I/native  (30437): I0000 00:00:1771720320.568231   30437 android_resource_loader.cc:116] Loaded resource:textnorm_params
02-22 02:32:00.568 I/native  (30437): I0000 00:00:1771720320.568919   30437 android_resource_loader.cc:100] Built resource icu_transliterator_to_latin
02-22 02:32:00.568 I/native  (30437): I0000 00:00:1771720320.568954   30437 android_resource_loader.cc:116] Loaded resource:icu_transliterator_to_latin
02-22 02:32:00.569 I/native  (30437): I0000 00:00:1771720320.569001   30437 data_source.cc:95] Opening data source "/data/user_de/0/com.google.android.tts/files/superpacks/en-us/en-us-x-multi-seanet-r83/../en-us-x-multi-r83/g2p_m3_syls0_stress0_en-US.fst" (as: FILE) ...
02-22 02:32:00.569 I/native  (30437): I0000 00:00:1771720320.569056   30437 data_source.cc:99] ... Opened data source "/data/user_de/0/com.google.android.tts/files/superpacks/en-us/en-us-x-multi-seanet-r83/../en-us-x-multi-r83/g2p_m3_syls0_stress0_en-US.fst" of size 696736
02-22 02:32:00.569 I/native  (30437): I0000 00:00:1771720320.569110   30437 compact_fst.cc:20] Loading FST from "/data/user_de/0/com.google.android.tts/files/superpacks/en-us/en-us-x-multi-seanet-r83/../en-us-x-multi-r83/g2p_m3_syls0_stress0_en-US.fst" ...
02-22 02:32:00.692 I/native  (30437): I0000 00:00:1771720320.692576   30437 decoder.cc:50] G2P FST loaded (56 graphemes and 41 phonemes).
02-22 02:32:00.702 I/native  (30437): I0000 00:00:1771720320.702784   30437 android_resource_loader.cc:100] Built resource learned_fst_g2p_mapper
02-22 02:32:00.702 I/native  (30437): I0000 00:00:1771720320.702892   30437 android_resource_loader.cc:116] Loaded resource:learned_fst_g2p_mapper
02-22 02:32:00.702 I/native  (30437): I0000 00:00:1771720320.702975   30437 android_resource_loader.cc:100] Built resource spelling_normalizer
02-22 02:32:00.703 I/native  (30437): I0000 00:00:1771720320.703006   30437 android_resource_loader.cc:116] Loaded resource:spelling_normalizer
02-22 02:32:00.727 I/native  (30437): I0000 00:00:1771720320.727569   30437 android_resource_loader.cc:100] Built resource token_resolver_algo
02-22 02:32:00.727 I/native  (30437): I0000 00:00:1771720320.727682   30437 android_resource_loader.cc:116] Loaded resource:token_resolver_algo
02-22 02:32:00.727 I/native  (30437): I0000 00:00:1771720320.727737   30437 android_resource_loader.cc:100] Built resource utf8_utils
02-22 02:32:00.727 I/native  (30437): I0000 00:00:1771720320.727768   30437 android_resource_loader.cc:116] Loaded resource:utf8_utils
02-22 02:32:00.727 I/native  (30437): I0000 00:00:1771720320.727835   30437 android_resource_loader.cc:100] Built resource lexical_classifier
02-22 02:32:00.727 I/native  (30437): I0000 00:00:1771720320.727866   30437 android_resource_loader.cc:116] Loaded resource:lexical_classifier
02-22 02:32:00.727 I/native  (30437): I0000 00:00:1771720320.727928   30437 data_source.cc:95] Opening data source "/data/user_de/0/com.google.android.tts/files/superpacks/en-us/en-us-x-multi-seanet-r83/universal_carrier_pigeon_config.binarypb" (as: FILE) ...
02-22 02:32:00.728 I/native  (30437): I0000 00:00:1771720320.728012   30437 data_source.cc:99] ... Opened data source "/data/user_de/0/com.google.android.tts/files/superpacks/en-us/en-us-x-multi-seanet-r83/universal_carrier_pigeon_config.binarypb" of size 52
02-22 02:32:00.728 I/native  (30437): I0000 00:00:1771720320.728450   30437 data_source.cc:95] Opening data source "/data/user_de/0/com.google.android.tts/files/superpacks/en-us/en-us-x-multi-seanet-r83/universal_carrier_pigeon_model.tflite" (as: FILE) ...
02-22 02:32:00.728 I/native  (30437): I0000 00:00:1771720320.728530   30437 data_source.cc:99] ... Opened data source "/data/user_de/0/com.google.android.tts/files/superpacks/en-us/en-us-x-multi-seanet-r83/universal_carrier_pigeon_model.tflite" of size 638952
02-22 02:32:00.730 I/native  (30437): I0000 00:00:1771720320.730464   30437 android_resource_loader.cc:100] Built resource carrier_pigeon_algo
02-22 02:32:00.730 I/native  (30437): I0000 00:00:1771720320.730584   30437 android_resource_loader.cc:116] Loaded resource:carrier_pigeon_algo
02-22 02:32:00.730 I/native  (30437): I0000 00:00:1771720320.730654   30437 android_resource_loader.cc:100] Built resource icu_transliterator
02-22 02:32:00.730 I/native  (30437): I0000 00:00:1771720320.730688   30437 android_resource_loader.cc:116] Loaded resource:icu_transliterator
02-22 02:32:00.730 I/native  (30437): I0000 00:00:1771720320.730730   30437 data_source.cc:95] Opening data source "/data/user_de/0/com.google.android.tts/files/superpacks/en-us/en-us-x-multi-seanet-r83/../en-us-x-multi-r83/variant_overrides_en_us.pb" (as: FILE) ...
02-22 02:32:00.730 I/native  (30437): I0000 00:00:1771720320.730813   30437 data_source.cc:99] ... Opened data source "/data/user_de/0/com.google.android.tts/files/superpacks/en-us/en-us-x-multi-seanet-r83/../en-us-x-multi-r83/variant_overrides_en_us.pb" of size 1525
02-22 02:32:00.731 I/native  (30437): I0000 00:00:1771720320.731222   30437 android_resource_loader.cc:100] Built resource variant_overrides
02-22 02:32:00.731 I/native  (30437): I0000 00:00:1771720320.731262   30437 android_resource_loader.cc:116] Loaded resource:variant_overrides
02-22 02:32:00.731 I/native  (30437): I0000 00:00:1771720320.731301   30437 data_source.cc:95] Opening data source "/data/user_de/0/com.google.android.tts/files/superpacks/en-us/en-us-x-multi-seanet-r83/../en-us-x-multi-r83/variant_selection_model_en_us_embedded.bin" (as: MEMORY) ...
02-22 02:32:00.731 I/native  (30437): I0000 00:00:1771720320.731407   30437 data_source.cc:99] ... Opened data source "/data/user_de/0/com.google.android.tts/files/superpacks/en-us/en-us-x-multi-seanet-r83/../en-us-x-multi-r83/variant_selection_model_en_us_embedded.bin" of size 221608
02-22 02:32:00.731 I/native  (30437): I0000 00:00:1771720320.731456   30437 android_resource_loader.cc:100] Built resource variant_selection_model_data_resource
02-22 02:32:00.731 I/native  (30437): I0000 00:00:1771720320.731488   30437 android_resource_loader.cc:116] Loaded resource:variant_selection_model_data_resource
02-22 02:32:00.733 I/native  (30437): I0000 00:00:1771720320.733716   30437 select_variants.cc:128] Word with override has only one variant: her
02-22 02:32:00.733 I/native  (30437): I0000 00:00:1771720320.733942   30437 android_resource_loader.cc:100] Built resource select_variants_algo
02-22 02:32:00.733 I/native  (30437): I0000 00:00:1771720320.733979   30437 android_resource_loader.cc:116] Loaded resource:select_variants_algo
02-22 02:32:00.734 I/native  (30437): I0000 00:00:1771720320.734270   30437 data_source.cc:95] Opening data source "/data/user_de/0/com.google.android.tts/files/superpacks/en-us/en-us-x-multi-seanet-r83/../en-us-x-multi-r83/us_verbalization_capabilities.pb" (as: FILE) ...
02-22 02:32:00.734 I/native  (30437): I0000 00:00:1771720320.734358   30437 data_source.cc:99] ... Opened data source "/data/user_de/0/com.google.android.tts/files/superpacks/en-us/en-us-x-multi-seanet-r83/../en-us-x-multi-r83/us_verbalization_capabilities.pb" of size 5224
02-22 02:32:00.734 I/native  (30437): I0000 00:00:1771720320.734829   30437 android_resource_loader.cc:100] Built resource verbalization_capabilities
02-22 02:32:00.734 I/native  (30437): I0000 00:00:1771720320.734890   30437 android_resource_loader.cc:116] Loaded resource:verbalization_capabilities
02-22 02:32:00.734 I/native  (30437): I0000 00:00:1771720320.734936   30437 data_source.cc:95] Opening data source "/data/user_de/0/com.google.android.tts/files/superpacks/en-us/en-us-x-multi-seanet-r83/../en-us-x-multi-r83/verbalize_embedded_android.far" (as: FILE) ...
02-22 02:32:00.735 I/native  (30437): I0000 00:00:1771720320.735001   30437 data_source.cc:99] ... Opened data source "/data/user_de/0/com.google.android.tts/files/superpacks/en-us/en-us-x-multi-seanet-r83/../en-us-x-multi-r83/verbalize_embedded_android.far" of size 2342559
02-22 02:32:00.740 I/native  (30437): I0000 00:00:1771720320.740695   30437 android_resource_loader.cc:100] Built resource verbalize_grm_fst
02-22 02:32:00.740 I/native  (30437): I0000 00:00:1771720320.740800   30437 android_resource_loader.cc:116] Loaded resource:verbalize_grm_fst
02-22 02:32:00.740 I/native  (30437): I0000 00:00:1771720320.740873   30437 android_resource_loader.cc:100] Built resource speller_algo
02-22 02:32:00.740 I/native  (30437): I0000 00:00:1771720320.740904   30437 android_resource_loader.cc:116] Loaded resource:speller_algo
02-22 02:32:00.743 I/native  (30437): I0000 00:00:1771720320.743779   30437 android_resource_loader.cc:100] Built resource verbalize_grm_algo
02-22 02:32:00.743 I/native  (30437): I0000 00:00:1771720320.743849   30437 android_resource_loader.cc:116] Loaded resource:verbalize_grm_algo
02-22 02:32:00.743 I/native  (30437): I0000 00:00:1771720320.743929   30437 voice_params_resource.cc:33] Voice information: MessageLite at 0x74d16d7dc0
02-22 02:32:00.743 I/native  (30437): I0000 00:00:1771720320.743968   30437 android_resource_loader.cc:100] Built resource voice_params
02-22 02:32:00.744 I/native  (30437): I0000 00:00:1771720320.743999   30437 android_resource_loader.cc:116] Loaded resource:voice_params
02-22 02:32:00.767 I/native  (30437): I0000 00:00:1771720320.767524   30437 android_resource_loader.cc:100] Built resource word_resolver_algo
02-22 02:32:00.767 I/native  (30437): I0000 00:00:1771720320.767643   30437 android_resource_loader.cc:116] Loaded resource:word_resolver_algo
02-22 02:32:00.767 I/native  (30437): I0000 00:00:1771720320.767724   30437 data_source.cc:95] Opening data source "/data/user_de/0/com.google.android.tts/files/superpacks/en-us/en-us-x-multi-seanet-r83/../en-us-x-multi-r83/xsampa_to_tts_to-en_us.far" (as: FILE) ...
02-22 02:32:00.767 I/native  (30437): I0000 00:00:1771720320.767812   30437 data_source.cc:99] ... Opened data source "/data/user_de/0/com.google.android.tts/files/superpacks/en-us/en-us-x-multi-seanet-r83/../en-us-x-multi-r83/xsampa_to_tts_to-en_us.far" of size 22132
02-22 02:32:00.768 I/native  (30437): I0000 00:00:1771720320.768406   30437 android_resource_loader.cc:100] Built resource xsampa_to_tts_phoneme_mapper
02-22 02:32:00.768 I/native  (30437): I0000 00:00:1771720320.768453   30437 android_resource_loader.cc:116] Loaded resource:xsampa_to_tts_phoneme_mapper
